Component: ARM Compiler 5.06 update 6 (build 750) Tool: armlink [4d35ed]

==============================================================================

Section Cross References

    main.o(i.ADCmain) refers to _printf_percent.o(.ARM.Collect$$_printf_percent$$00000000) for _printf_percent
    main.o(i.ADCmain) refers to _printf_d.o(.ARM.Collect$$_printf_percent$$00000009) for _printf_d
    main.o(i.ADCmain) refers to _printf_dec.o(.text) for _printf_int_dec
    main.o(i.ADCmain) refers to uart.o(i.UART3_Init) for UART3_Init
    main.o(i.ADCmain) refers to adc.o(i.ADC_InitHilo) for ADC_InitHilo
    main.o(i.ADCmain) refers to adc.o(i.ADC_ReadLow) for ADC_ReadLow
    main.o(i.ADCmain) refers to adc.o(i.ADC_ReadHigh) for ADC_ReadHigh
    main.o(i.ADCmain) refers to noretval__2sprintf.o(.text) for __2sprintf
    main.o(i.ADCmain) refers to strlen.o(.text) for strlen
    main.o(i.ADCmain) refers to uart.o(i.UART3_Write) for UART3_Write
    main.o(i.Mainmain) refers to main.o(i.initialize) for initialize
    main.o(i.Mainmain) refers to wdtimer.o(i.WDTimer_Start) for WDTimer_Start
    main.o(i.Mainmain) refers to voltage.o(i.Voltage_UpdateMeasurements) for Voltage_UpdateMeasurements
    main.o(i.Mainmain) refers to current.o(i.Current_UpdateMeasurements) for Current_UpdateMeasurements
    main.o(i.Mainmain) refers to temperature.o(i.Temperature_UpdateMeasurements) for Temperature_UpdateMeasurements
    main.o(i.Mainmain) refers to current.o(i.Current_IsSafe) for Current_IsSafe
    main.o(i.Mainmain) refers to temperature.o(i.Temperature_IsSafe) for Temperature_IsSafe
    main.o(i.Mainmain) refers to voltage.o(i.Voltage_IsSafe) for Voltage_IsSafe
    main.o(i.Mainmain) refers to terminal.o(i.Terminal_CheckInput) for Terminal_CheckInput
    main.o(i.Mainmain) refers to wdtimer.o(i.WDTimer_Reset) for WDTimer_Reset
    main.o(i.SPITestmain) refers to uart.o(i.UART3_Init) for UART3_Init
    main.o(i.SPITestmain) refers to spi.o(i.SPI_Init8) for SPI_Init8
    main.o(i.SPITestmain) refers to stm32f4xx_rcc.o(i.RCC_AHB1PeriphClockCmd) for RCC_AHB1PeriphClockCmd
    main.o(i.SPITestmain) refers to stm32f4xx_gpio.o(i.GPIO_Init) for GPIO_Init
    main.o(i.SPITestmain) refers to rt_memcpy_w.o(.text) for __aeabi_memcpy4
    main.o(i.SPITestmain) refers to strlen.o(.text) for strlen
    main.o(i.SPITestmain) refers to uart.o(i.UART3_Write) for UART3_Write
    main.o(i.SPITestmain) refers to spi.o(i.SPI_Write8) for SPI_Write8
    main.o(i.SPITestmain) refers to main.o(.constdata) for .constdata
    main.o(i.UARTmain) refers to uart.o(i.UART3_Init) for UART3_Init
    main.o(i.UARTmain) refers to noretval__2printf.o(.text) for __2printf
    main.o(i.gyroTestmain) refers to uart.o(i.UART3_Init) for UART3_Init
    main.o(i.initialize) refers to eeprom.o(i.EEPROM_Init) for EEPROM_Init
    main.o(i.initialize) refers to wdtimer.o(i.WDTimer_Init) for WDTimer_Init
    main.o(i.main) refers to uart.o(i.UART3_Init) for UART3_Init
    main.o(i.main) refers to noretval__2printf.o(.text) for __2printf
    main.o(i.main) refers to ltc6811.o(i.LTC6811_Init) for LTC6811_Init
    main.o(i.main) refers to ltc6811.o(i.LTC6811_wrcfg) for LTC6811_wrcfg
    main.o(i.main) refers to main.o(i.print_config) for print_config
    main.o(i.main) refers to ltc681x.o(i.wakeup_sleep) for wakeup_sleep
    main.o(i.main) refers to ltc6811.o(i.LTC6811_rdcfg) for LTC6811_rdcfg
    main.o(i.main) refers to ltc6811.o(i.LTC6811_adcv) for LTC6811_adcv
    main.o(i.main) refers to ltc6811.o(i.LTC6811_pollAdc) for LTC6811_pollAdc
    main.o(i.main) refers to ltc6811.o(i.LTC6811_rdcv) for LTC6811_rdcv
    main.o(i.main) refers to main.o(i.printCells) for printCells
    main.o(i.printCells) refers to _printf_percent.o(.ARM.Collect$$_printf_percent$$00000000) for _printf_percent
    main.o(i.printCells) refers to _printf_d.o(.ARM.Collect$$_printf_percent$$00000009) for _printf_d
    main.o(i.printCells) refers to _printf_dec.o(.text) for _printf_int_dec
    main.o(i.printCells) refers to _printf_pad.o(.text) for _printf_pre_padding
    main.o(i.printCells) refers to _printf_f.o(.ARM.Collect$$_printf_percent$$00000003) for _printf_f
    main.o(i.printCells) refers to printf1.o(x$fpl$printf1) for _printf_fp_dec
    main.o(i.printCells) refers to noretval__2printf.o(.text) for __2printf
    main.o(i.printCells) refers to dflt_clz.o(x$fpl$dfltu) for __aeabi_ui2d
    main.o(i.printCells) refers to dmul.o(x$fpl$dmul) for __aeabi_dmul
    main.o(i.print_config) refers to _printf_percent.o(.ARM.Collect$$_printf_percent$$00000000) for _printf_percent
    main.o(i.print_config) refers to _printf_d.o(.ARM.Collect$$_printf_percent$$00000009) for _printf_d
    main.o(i.print_config) refers to _printf_dec.o(.text) for _printf_int_dec
    main.o(i.print_config) refers to _printf_x.o(.ARM.Collect$$_printf_percent$$0000000C) for _printf_x
    main.o(i.print_config) refers to _printf_hex_int.o(.text) for _printf_longlong_hex
[...]
    STM32F4xx_StdPeriph_Driver\\src\\stm32f4xx_gpio.c 0x00000000   Number         0  stm32f4xx_gpio.o ABSOLUTE
    STM32F4xx_StdPeriph_Driver\\src\\stm32f4xx_i2c.c 0x00000000   Number         0  stm32f4xx_i2c.o ABSOLUTE
    STM32F4xx_StdPeriph_Driver\\src\\stm32f4xx_iwdg.c 0x00000000   Number         0  stm32f4xx_iwdg.o ABSOLUTE
    STM32F4xx_StdPeriph_Driver\\src\\stm32f4xx_rcc.c 0x00000000   Number         0  stm32f4xx_rcc.o ABSOLUTE
    STM32F4xx_StdPeriph_Driver\\src\\stm32f4xx_spi.c 0x00000000   Number         0  stm32f4xx_spi.o ABSOLUTE
    STM32F4xx_StdPeriph_Driver\\src\\stm32f4xx_tim.c 0x00000000   Number         0  stm32f4xx_tim.o ABSOLUTE
    STM32F4xx_StdPeriph_Driver\\src\\stm32f4xx_usart.c 0x00000000   Number         0  stm32f4xx_usart.o ABSOLUTE
    STM32F4xx_StdPeriph_Driver\\src\\stm32f4xx_wwdg.c 0x00000000   Number         0  stm32f4xx_wwdg.o ABSOLUTE
    STM32F4xx_StdPeriph_Driver\src\misc.c    0x00000000   Number         0  misc.o ABSOLUTE
    STM32F4xx_StdPeriph_Driver\src\stm32f4xx_adc.c 0x00000000   Number         0  stm32f4xx_adc.o ABSOLUTE
    STM32F4xx_StdPeriph_Driver\src\stm32f4xx_flash.c 0x00000000   Number         0  stm32f4xx_flash.o ABSOLUTE
    STM32F4xx_StdPeriph_Driver\src\stm32f4xx_gpio.c 0x00000000   Number         0  stm32f4xx_gpio.o ABSOLUTE
    STM32F4xx_StdPeriph_Driver\src\stm32f4xx_i2c.c 0x00000000   Number         0  stm32f4xx_i2c.o ABSOLUTE
    STM32F4xx_StdPeriph_Driver\src\stm32f4xx_iwdg.c 0x00000000   Number         0  stm32f4xx_iwdg.o ABSOLUTE
    STM32F4xx_StdPeriph_Driver\src\stm32f4xx_rcc.c 0x00000000   Number         0  stm32f4xx_rcc.o ABSOLUTE
    STM32F4xx_StdPeriph_Driver\src\stm32f4xx_spi.c 0x00000000   Number         0  stm32f4xx_spi.o ABSOLUTE
    STM32F4xx_StdPeriph_Driver\src\stm32f4xx_tim.c 0x00000000   Number         0  stm32f4xx_tim.o ABSOLUTE
    STM32F4xx_StdPeriph_Driver\src\stm32f4xx_usart.c 0x00000000   Number         0  stm32f4xx_usart.o ABSOLUTE
    STM32F4xx_StdPeriph_Driver\src\stm32f4xx_wwdg.c 0x00000000   Number         0  stm32f4xx_wwdg.o ABSOLUTE
    User\ADC.c                               0x00000000   Number         0  adc.o ABSOLUTE
    User\Contactor.c                         0x00000000   Number         0  contactor.o ABSOLUTE
    User\Current.c                           0x00000000   Number         0  current.o ABSOLUTE
    User\Display.c                           0x00000000   Number         0  display.o ABSOLUTE
    User\EEPROM.c                            0x00000000   Number         0  eeprom.o ABSOLUTE
    User\FIFO.c                              0x00000000   Number         0  fifo.o ABSOLUTE
    User\Gyro.c                              0x00000000   Number         0  gyro.o ABSOLUTE
    User\LED.c                               0x00000000   Number         0  led.o ABSOLUTE
    User\LTC2983.c                           0x00000000   Number         0  ltc2983.o ABSOLUTE
    User\LTC6811.c                           0x00000000   Number         0  ltc6811.o ABSOLUTE
    User\LTC681x.c                           0x00000000   Number         0  ltc681x.o ABSOLUTE
    User\SPI.c                               0x00000000   Number         0  spi.o ABSOLUTE
    User\Temperature.c                       0x00000000   Number         0  temperature.o ABSOLUTE
    User\Terminal.c                          0x00000000   Number         0  terminal.o ABSOLUTE
    User\UART.c                              0x00000000   Number         0  uart.o ABSOLUTE
    User\Voltage.c                           0x00000000   Number         0  voltage.o ABSOLUTE
    User\WDTimer.c                           0x00000000   Number         0  wdtimer.o ABSOLUTE
    User\\ADC.c                              0x00000000   Number         0  adc.o ABSOLUTE
    User\\Contactor.c                        0x00000000   Number         0  contactor.o ABSOLUTE
    User\\Display.c                          0x00000000   Number         0  display.o ABSOLUTE
    User\\EEPROM.c                           0x00000000   Number         0  eeprom.o ABSOLUTE
    User\\Gyro.c                             0x00000000   Number         0  gyro.o ABSOLUTE
    User\\LTC2983.c                          0x00000000   Number         0  ltc2983.o ABSOLUTE
    User\\LTC6811.c                          0x00000000   Number         0  ltc6811.o ABSOLUTE
    User\\LTC681x.c                          0x00000000   Number         0  ltc681x.o ABSOLUTE
    User\\SPI.c                              0x00000000   Number         0  spi.o ABSOLUTE
    User\\Terminal.c                         0x00000000   Number         0  terminal.o ABSOLUTE
    User\\UART.c                             0x00000000   Number         0  uart.o ABSOLUTE
    User\\WDTimer.c                          0x00000000   Number         0  wdtimer.o ABSOLUTE
    User\\main.c                             0x00000000   Number         0  main.o ABSOLUTE
    User\main.c                              0x00000000   Number         0  main.o ABSOLUTE
    dc.s                                     0x00000000   Number         0  dc.o ABSOLUTE
    RESET                                    0x08000000   Section      472  startup_stm32f413xx.o(RESET)
    !!!main                                  0x080001d8   Section        8  __main.o(!!!main)
    !!!scatter                               0x080001e0   Section       52  __scatter.o(!!!scatter)
    !!handler_copy                           0x08000214   Section       26  __scatter_copy.o(!!handler_copy)
    !!handler_zi                             0x08000230   Section       28  __scatter_zi.o(!!handler_zi)
    .ARM.Collect$$_printf_percent$$00000000  0x0800024c   Section        0  _printf_percent.o(.ARM.Collect$$_printf_percent$$00000000)
    .ARM.Collect$$_printf_percent$$00000003  0x0800024c   Section        6  _printf_f.o(.ARM.Collect$$_printf_percent$$00000003)
    .ARM.Collect$$_printf_percent$$00000009  0x08000252   Section        6  _printf_d.o(.ARM.Collect$$_printf_percent$$00000009)
    .ARM.Collect$$_printf_percent$$0000000C  0x08000258   Section        6  _printf_x.o(.ARM.Collect$$_printf_percent$$0000000C)
    .ARM.Collect$$_printf_percent$$00000017  0x0800025e   Section        4  _printf_percent_end.o(.ARM.Collect$$_printf_percent$$00000017)
    .ARM.Collect$$libinit$$00000000          0x08000262   Section        2  libinit.o(.ARM.Collect$$libinit$$00000000)
    .ARM.Collect$$libinit$$00000001          0x08000264   Section        4  libinit2.o(.ARM.Collect$$libinit$$00000001)
    .ARM.Collect$$libinit$$00000004          0x08000268   Section        0  libinit2.o(.ARM.Collect$$libinit$$00000004)
    .ARM.Collect$$libinit$$00000005          0x08000268   Section        8  libinit2.o(.ARM.Collect$$libinit$$00000005)
    .ARM.Collect$$libinit$$0000000A          0x08000270   Section        0  libinit2.o(.ARM.Collect$$libinit$$0000000A)
    .ARM.Collect$$libinit$$0000000C          0x08000270   Section        0  libinit2.o(.ARM.Collect$$libinit$$0000000C)
    .ARM.Collect$$libinit$$0000000E          0x08000270   Section        0  libinit2.o(.ARM.Collect$$libinit$$0000000E)
    .ARM.Collect$$libinit$$0000000F          0x08000270   Section        6  libinit2.o(.ARM.Collect$$libinit$$0000000F)
    .ARM.Collect$$libinit$$00000011          0x08000276   Section        0  libinit2.o(.ARM.Collect$$libinit$$00000011)
    .ARM.Collect$$libinit$$00000013          0x08000276   Section        0  libinit2.o(.ARM.Collect$$libinit$$00000013)
    .ARM.Collect$$libinit$$00000015          0x08000276   Section        0  libinit2.o(.ARM.Collect$$libinit$$00000015)
    .ARM.Collect$$libinit$$00000016          0x08000276   Section       10  libinit2.o(.ARM.Collect$$libinit$$00000016)
    .ARM.Collect$$libinit$$00000017          0x08000280   Section        0  libinit2.o(.ARM.Collect$$libinit$$00000017)
    .ARM.Collect$$libinit$$00000019          0x08000280   Section        0  libinit2.o(.ARM.Collect$$libinit$$00000019)
    .ARM.Collect$$libinit$$0000001B          0x08000280   Section        0  libinit2.o(.ARM.Collect$$libinit$$0000001B)
    .ARM.Collect$$libinit$$0000001D          0x08000280   Section        0  libinit2.o(.ARM.Collect$$libinit$$0000001D)
    .ARM.Collect$$libinit$$0000001F          0x08000280   Section        0  libinit2.o(.ARM.Collect$$libinit$$0000001F)
    .ARM.Collect$$libinit$$00000021          0x08000280   Section        0  libinit2.o(.ARM.Collect$$libinit$$00000021)
    .ARM.Collect$$libinit$$00000023          0x08000280   Section        0  libinit2.o(.ARM.Collect$$libinit$$00000023)
    .ARM.Collect$$libinit$$00000025          0x08000280   Section        0  libinit2.o(.ARM.Collect$$libinit$$00000025)
    .ARM.Collect$$libinit$$0000002C          0x08000280   Section        0  libinit2.o(.ARM.Collect$$libinit$$0000002C)
    .ARM.Collect$$libinit$$0000002E          0x08000280   Section        0  libinit2.o(.ARM.Collect$$libinit$$0000002E)
    .ARM.Collect$$libinit$$00000030          0x08000280   Section        0  libinit2.o(.ARM.Collect$$libinit$$00000030)
    .ARM.Collect$$libinit$$00000032          0x08000280   Section        0  libinit2.o(.ARM.Collect$$libinit$$00000032)
    .ARM.Collect$$libinit$$00000033          0x08000280   Section        2  libinit2.o(.ARM.Collect$$libinit$$00000033)
    .ARM.Collect$$libshutdown$$00000000      0x08000282   Section        2  libshutdown.o(.ARM.Collect$$libshutdown$$00000000)
    .ARM.Collect$$libshutdown$$00000002      0x08000284   Section        0  libshutdown2.o(.ARM.Collect$$libshutdown$$00000002)
    .ARM.Collect$$libshutdown$$00000004      0x08000284   Section        0  libshutdown2.o(.ARM.Collect$$libshutdown$$00000004)
    .ARM.Collect$$libshutdown$$00000007      0x08000284   Section        0  libshutdown2.o(.ARM.Collect$$libshutdown$$00000007)
    .ARM.Collect$$libshutdown$$0000000A      0x08000284   Section        0  libshutdown2.o(.ARM.Collect$$libshutdown$$0000000A)
    .ARM.Collect$$libshutdown$$0000000C      0x08000284   Section        0  libshutdown2.o(.ARM.Collect$$libshutdown$$0000000C)
    .ARM.Collect$$libshutdown$$0000000F      0x08000284   Section        0  libshutdown2.o(.ARM.Collect$$libshutdown$$0000000F)
    .ARM.Collect$$libshutdown$$00000010      0x08000284   Section        2  libshutdown2.o(.ARM.Collect$$libshutdown$$00000010)
    .ARM.Collect$$rtentry$$00000000          0x08000286   Section        0  __rtentry.o(.ARM.Collect$$rtentry$$00000000)
    .ARM.Collect$$rtentry$$00000002          0x08000286   Section        0  __rtentry2.o(.ARM.Collect$$rtentry$$00000002)
    .ARM.Collect$$rtentry$$00000004          0x08000286   Section        6  __rtentry4.o(.ARM.Collect$$rtentry$$00000004)
    .ARM.Collect$$rtentry$$00000009          0x0800028c   Section        0  __rtentry2.o(.ARM.Collect$$rtentry$$00000009)
    .ARM.Collect$$rtentry$$0000000A          0x0800028c   Section        4  __rtentry2.o(.ARM.Collect$$rtentry$$0000000A)
    .ARM.Collect$$rtentry$$0000000C          0x08000290   Section        0  __rtentry2.o(.ARM.Collect$$rtentry$$0000000C)
    .ARM.Collect$$rtentry$$0000000D          0x08000290   Section        8  __rtentry2.o(.ARM.Collect$$rtentry$$0000000D)
    .ARM.Collect$$rtexit$$00000000           0x08000298   Section        2  rtexit.o(.ARM.Collect$$rtexit$$00000000)
    .ARM.Collect$$rtexit$$00000002           0x0800029a   Section        0  rtexit2.o(.ARM.Collect$$rtexit$$00000002)
    .ARM.Collect$$rtexit$$00000003           0x0800029a   Section        4  rtexit2.o(.ARM.Collect$$rtexit$$00000003)
    .ARM.Collect$$rtexit$$00000004           0x0800029e   Section        6  rtexit2.o(.ARM.Collect$$rtexit$$00000004)
    .emb_text                                0x080002a4   Section        0  maybetermalloc1.o(.emb_text)
    .text                                    0x080002a4   Section       64  startup_stm32f413xx.o(.text)
    $v0                                      0x080002a4   Number         0  startup_stm32f413xx.o(.text)
    .text                                    0x080002e4   Section        0  h1_alloc.o(.text)
    .text                                    0x08000342   Section        0  h1_free.o(.text)
    .text                                    0x08000390   Section        0  noretval__2printf.o(.text)
    .text                                    0x080003a8   Section        0  _printf_pad.o(.text)
    .text                                    0x080003f8   Section        0  _printf_dec.o(.text)
    .text                                    0x08000470   Section        0  _printf_hex_int.o(.text)
    .text                                    0x080004c8   Section        0  __printf_wp.o(.text)
    .text                                    0x080005d8   Section      128  strcmpv7m.o(.text)
    .text                                    0x08000658   Section        0  heapauxi.o(.text)
    .text                                    0x08000660   Section        8  rt_heap_descriptor_intlibspace.o(.text)
    .text                                    0x08000668   Section        0  hguard.o(.text)
    .text                                    0x0800066c   Section        0  init_alloc.o(.text)
    .text                                    0x080006f6   Section        0  h1_init.o(.text)
    .text                                    0x08000704   Section        0  _printf_intcommon.o(.text)
    .text                                    0x080007b6   Section        0  _printf_fp_dec.o(.text)
    _fp_digits                               0x080007b9   Thumb Code   432  _printf_fp_dec.o(.text)
    .text                                    0x08000bd4   Section        0  _printf_char_common.o(.text)
    _printf_input_char                       0x08000bd5   Thumb Code    10  _printf_char_common.o(.text)
    .text                                    0x08000c04   Section        0  _printf_char_file.o(.text)
    .text                                    0x08000c28   Section        8  libspace.o(.text)
    .text                                    0x08000c30   Section        8  rt_locale_intlibspace.o(.text)
    .text                                    0x08000c38   Section        0  h1_extend.o(.text)
    .text                                    0x08000c6c   Section      138  lludiv10.o(.text)
    .text                                    0x08000cf8   Section        0  _printf_fp_infnan.o(.text)
    .text                                    0x08000d78   Section        0  bigflt0.o(.text)
    .text                                    0x08000e5c   Section        0  ferror.o(.text)
    .text                                    0x08000e64   Section        0  defsig_rtmem_outer.o(.text)
    .text                                    0x08000e72   Section        2  use_no_semi.o(.text)
    .text                                    0x08000e74   Section       74  sys_stackheap_outer.o(.text)
    .text                                    0x08000e74   Section        0  indicate_semi.o(.text)
    .text                                    0x08000ebe   Section        0  exit.o(.text)
    .text                                    0x08000ed0   Section        0  defsig_exit.o(.text)
    .text                                    0x08000edc   Section        0  defsig_rtmem_inner.o(.text)
    .text                                    0x08000f2c   Section        0  sys_exit.o(.text)
    .text                                    0x08000f38   Section        0  defsig_general.o(.text)
    .text                                    0x08000f6a   Section        0  sys_wrch.o(.text)
    CL$$btod_d2e                             0x08000f78   Section       62  btod.o(CL$$btod_d2e)
    CL$$btod_d2e_denorm_low                  0x08000fb6   Section       70  btod.o(CL$$btod_d2e_denorm_low)
    CL$$btod_d2e_norm_op1                    0x08000ffc   Section       96  btod.o(CL$$btod_d2e_norm_op1)
    CL$$btod_div_common                      0x0800105c   Section      824  btod.o(CL$$btod_div_common)
    CL$$btod_e2e                             0x08001394   Section      220  btod.o(CL$$btod_e2e)
    CL$$btod_ediv                            0x08001470   Section       42  btod.o(CL$$btod_ediv)
    CL$$btod_emul                            0x0800149a   Section       42  btod.o(CL$$btod_emul)
    CL$$btod_mult_common                     0x080014c4   Section      580  btod.o(CL$$btod_mult_common)
    i.Contactor_Off                          0x08001708   Section        0  contactor.o(i.Contactor_Off)
    i.FIFO_Get_Tx                            0x0800171c   Section        0  fifo.o(i.FIFO_Get_Tx)
    i.FIFO_Init                              0x0800171e   Section        0  fifo.o(i.FIFO_Init)
    i.FIFO_IsEmpty_Tx                        0x08001720   Section        0  fifo.o(i.FIFO_IsEmpty_Tx)
    i.FIFO_IsFull_Rx                         0x08001722   Section        0  fifo.o(i.FIFO_IsFull_Rx)
    i.FIFO_Put_Rx                            0x08001724   Section        0  fifo.o(i.FIFO_Put_Rx)
    i.GPIO_Init                              0x08001726   Section        0  stm32f4xx_gpio.o(i.GPIO_Init)
    i.GPIO_PinAFConfig                       0x080017b6   Section        0  stm32f4xx_gpio.o(i.GPIO_PinAFConfig)
    i.GPIO_ResetBits                         0x080017fc   Section        0  stm32f4xx_gpio.o(i.GPIO_ResetBits)
    i.GPIO_SetBits                           0x08001800   Section        0  stm32f4xx_gpio.o(i.GPIO_SetBits)
    i.GPIO_WriteBit                          0x08001804   Section        0  stm32f4xx_gpio.o(i.GPIO_WriteBit)
    i.LTC6811_Init                           0x0800180e   Section        0  ltc6811.o(i.LTC6811_Init)
    i.LTC6811_adcv                           0x0800183c   Section        0  ltc6811.o(i.LTC6811_adcv)
    i.LTC6811_init_reg_limits                0x08001850   Section        0  ltc6811.o(i.LTC6811_init_reg_limits)
    i.LTC6811_pollAdc                        0x080018b6   Section        0  ltc6811.o(i.LTC6811_pollAdc)
    i.LTC6811_rdcfg                          0x080018be   Section        0  ltc6811.o(i.LTC6811_rdcfg)
    i.LTC6811_rdcv                           0x080018d4   Section        0  ltc6811.o(i.LTC6811_rdcv)
    i.LTC6811_reset_crc_count                0x080018f2   Section        0  ltc6811.o(i.LTC6811_reset_crc_count)
    i.LTC6811_wrcfg                          0x08001902   Section        0  ltc6811.o(i.LTC6811_wrcfg)
    i.LTC681x_adcv                           0x08001912   Section        0  ltc681x.o(i.LTC681x_adcv)
    i.LTC681x_check_pec                      0x08001940   Section        0  ltc681x.o(i.LTC681x_check_pec)
    i.LTC681x_init_cfg                       0x08001b50   Section        0  ltc681x.o(i.LTC681x_init_cfg)
    i.LTC681x_pollAdc                        0x08001bc0   Section        0  ltc681x.o(i.LTC681x_pollAdc)
    i.LTC681x_rdcfg                          0x08001c2c   Section        0  ltc681x.o(i.LTC681x_rdcfg)
    i.LTC681x_rdcv                           0x08001ce4   Section        0  ltc681x.o(i.LTC681x_rdcv)
    i.LTC681x_rdcv_reg                       0x08001dd8   Section        0  ltc681x.o(i.LTC681x_rdcv_reg)
    i.LTC681x_reset_crc_count                0x08001e82   Section        0  ltc681x.o(i.LTC681x_reset_crc_count)
    i.LTC681x_set_cfgr                       0x08001efc   Section        0  ltc681x.o(i.LTC681x_set_cfgr)
    i.LTC681x_set_cfgr_adcopt                0x08001f38   Section        0  ltc681x.o(i.LTC681x_set_cfgr_adcopt)
    i.LTC681x_set_cfgr_dis                   0x08001f70   Section        0  ltc681x.o(i.LTC681x_set_cfgr_dis)
    i.LTC681x_set_cfgr_gpio                  0x08002002   Section        0  ltc681x.o(i.LTC681x_set_cfgr_gpio)
    i.LTC681x_set_cfgr_refon                 0x08002050   Section        0  ltc681x.o(i.LTC681x_set_cfgr_refon)
    i.LTC681x_wrcfg                          0x08002088   Section        0  ltc681x.o(i.LTC681x_wrcfg)
    i.RCC_AHB1PeriphClockCmd                 0x080020e8   Section        0  stm32f4xx_rcc.o(i.RCC_AHB1PeriphClockCmd)
    i.RCC_APB1PeriphClockCmd                 0x08002108   Section        0  stm32f4xx_rcc.o(i.RCC_APB1PeriphClockCmd)
    i.RCC_APB2PeriphClockCmd                 0x08002128   Section        0  stm32f4xx_rcc.o(i.RCC_APB2PeriphClockCmd)
    i.RCC_GetClocksFreq                      0x08002148   Section        0  stm32f4xx_rcc.o(i.RCC_GetClocksFreq)
    i.SPI_CSHigh                             0x08002310   Section        0  spi.o(i.SPI_CSHigh)
    i.SPI_CSLow                              0x08002324   Section        0  spi.o(i.SPI_CSLow)
    i.SPI_Cmd                                0x08002338   Section        0  stm32f4xx_spi.o(i.SPI_Cmd)
    i.SPI_Init                               0x08002350   Section        0  stm32f4xx_spi.o(i.SPI_Init)
    i.SPI_Init8                              0x0800238c   Section        0  spi.o(i.SPI_Init8)
    i.SPI_InitCS                             0x08002438   Section        0  spi.o(i.SPI_InitCS)
    i.SPI_Read8                              0x08002464   Section        0  spi.o(i.SPI_Read8)
    i.SPI_Write8                             0x080024cc   Section        0  spi.o(i.SPI_Write8)
    i.SPI_WriteRead8                         0x08002530   Section        0  spi.o(i.SPI_WriteRead8)
    i.SystemInit                             0x0800254c   Section        0  system_stm32f4xx.o(i.SystemInit)
    i.UART3_Init                             0x080025b0   Section        0  uart.o(i.UART3_Init)
    i.UART3_Write                            0x0800263c   Section        0  uart.o(i.UART3_Write)
    i.USART1_IRQHandler                      0x08002668   Section        0  uart.o(i.USART1_IRQHandler)
    i.USART_ClearITPendingBit                0x08002698   Section        0  stm32f4xx_usart.o(i.USART_ClearITPendingBit)
    i.USART_Cmd                              0x080026b6   Section        0  stm32f4xx_usart.o(i.USART_Cmd)
    i.USART_GetITStatus                      0x080026ce   Section        0  stm32f4xx_usart.o(i.USART_GetITStatus)
    i.USART_ITConfig                         0x08002722   Section        0  stm32f4xx_usart.o(i.USART_ITConfig)
    i.USART_Init                             0x0800276c   Section        0  stm32f4xx_usart.o(i.USART_Init)
    i.WWDG_ClearFlag                         0x08002840   Section        0  stm32f4xx_wwdg.o(i.WWDG_ClearFlag)
    i.WWDG_IRQHandler                        0x0800284c   Section        0  wdtimer.o(i.WWDG_IRQHandler)
    i.__ARM_fpclassify                       0x08002858   Section        0  fpclassify.o(i.__ARM_fpclassify)
    i._is_digit                              0x08002888   Section        0  __printf_wp.o(i._is_digit)
    i.cmd_68                                 0x08002896   Section        0  ltc681x.o(i.cmd_68)
    i.copyHardwareToSoftware                 0x080028d4   Section        0  uart.o(i.copyHardwareToSoftware)
    i.copySoftwareToHardware                 0x08002900   Section        0  uart.o(i.copySoftwareToHardware)
    i.delay_u                                0x0800293c   Section        0  ltc681x.o(i.delay_u)
    i.fputc                                  0x08002968   Section        0  uart.o(i.fputc)
    i.main                                   0x08002978   Section        0  main.o(i.main)
    i.parse_cells                            0x08002a1c   Section        0  ltc681x.o(i.parse_cells)
    i.pec15_calc                             0x08002aa8   Section        0  ltc681x.o(i.pec15_calc)
    i.printCells                             0x08002ae0   Section        0  main.o(i.printCells)
    i.print_config                           0x08002b68   Section        0  main.o(i.print_config)
    i.read_68                                0x08002c90   Section        0  ltc681x.o(i.read_68)
    i.wakeup_sleep                           0x08002d3c   Section        0  ltc681x.o(i.wakeup_sleep)
    i.write_68                               0x08002d66   Section        0  ltc681x.o(i.write_68)
    locale$$code                             0x08002e14   Section       44  lc_numeric_c.o(locale$$code)
    x$fpl$dfltu                              0x08002e40   Section       38  dflt_clz.o(x$fpl$dfltu)
    $v0                                      0x08002e40   Number         0  dflt_clz.o(x$fpl$dfltu)
    x$fpl$dmul                               0x08002e68   Section      340  dmul.o(x$fpl$dmul)
    $v0                                      0x08002e68   Number         0  dmul.o(x$fpl$dmul)
    x$fpl$dnaninf                            0x08002fbc   Section      156  dnaninf.o(x$fpl$dnaninf)
    $v0                                      0x08002fbc   Number         0  dnaninf.o(x$fpl$dnaninf)
    x$fpl$dretinf                            0x08003058   Section       12  dretinf.o(x$fpl$dretinf)
    $v0                                      0x08003058   Number         0  dretinf.o(x$fpl$dretinf)
    x$fpl$fpinit                             0x08003064   Section       10  fpinit.o(x$fpl$fpinit)
    $v0                                      0x08003064   Number         0  fpinit.o(x$fpl$fpinit)
    x$fpl$printf1                            0x0800306e   Section        4  printf1.o(x$fpl$printf1)
    $v0                                      0x0800306e   Number         0  printf1.o(x$fpl$printf1)
    x$fpl$usenofp                            0x08003072   Section        0  usenofp.o(x$fpl$usenofp)
    .constdata                               0x08003074   Section      517  ltc681x.o(.constdata)
    .constdata                               0x08003279   Section       40  _printf_hex_int.o(.constdata)
    uc_hextab                                0x08003279   Data          20  _printf_hex_int.o(.constdata)
    lc_hextab                                0x0800328d   Data          20  _printf_hex_int.o(.constdata)
    .constdata                               0x080032a4   Section      148  bigflt0.o(.constdata)
    tenpwrs_x                                0x080032a4   Data          60  bigflt0.o(.constdata)
    tenpwrs_i                                0x080032e0   Data          64  bigflt0.o(.constdata)
    locale$$data                             0x08003358   Section       28  lc_numeric_c.o(locale$$data)
    __lcnum_c_name                           0x0800335c   Data           2  lc_numeric_c.o(locale$$data)
    __lcnum_c_start                          0x08003364   Data           0  lc_numeric_c.o(locale$$data)
    __lcnum_c_point                          0x08003370   Data           0  lc_numeric_c.o(locale$$data)
    __lcnum_c_thousands                      0x08003372   Data           0  lc_numeric_c.o(locale$$data)
    __lcnum_c_grouping                       0x08003373   Data           0  lc_numeric_c.o(locale$$data)
    __lcnum_c_end                            0x08003374   Data           0  lc_numeric_c.o(locale$$data)
    .data                                    0x20000000   Section       16  uart.o(.data)
    TxErrorCnt                               0x20000000   Data           4  uart.o(.data)
    RxErrorCnt                               0x20000004   Data           4  uart.o(.data)
    .data                                    0x20000010   Section       16  stm32f4xx_rcc.o(.data)
    APBAHBPrescTable                         0x20000010   Data          16  stm32f4xx_rcc.o(.data)
    .data                                    0x20000020   Section        4  system_stm32f4xx.o(.data)
    .bss                                     0x20000024   Section       96  libspace.o(.bss)
    HEAP                                     0x20000088   Section      512  startup_stm32f413xx.o(HEAP)
    Heap_Mem                                 0x20000088   Data         512  startup_stm32f413xx.o(HEAP)
    STACK                                    0x20000288   Section     1024  startup_stm32f413xx.o(STACK)
    Stack_Mem                                0x20000288   Data        1024  startup_stm32f413xx.o(STACK)
    __initial_sp                             0x20000688   Data           0  startup_stm32f413xx.o(STACK)

    Global Symbols

    Symbol Name                              Value     Ov Type        Size  Object(Section)

    BuildAttributes$$THM_ISAv4$E$P$D$K$B$S$7EM$VFPi3$EXTD16$VFPS$VFMA$PE$A:L22UL41UL21$X:L11$S22US41US21$IEEE1$IW$USESV6$~STKCKD$USESV7$~SHL$OTIME$ROPI$IEEEJ$EBA8$UX$STANDARDLIB$REQ8$PRES8$EABIv2 0x00000000   Number         0  anon$$obj.o ABSOLUTE
    __ARM_use_no_argv                        0x00000000   Number         0  main.o ABSOLUTE
    _printf_flags                            0x00000000   Number         0  printf_stubs.o ABSOLUTE
    _printf_return_value                     0x00000000   Number         0  printf_stubs.o ABSOLUTE
    _printf_sizespec                         0x00000000   Number         0  printf_stubs.o ABSOLUTE
    _printf_widthprec                        0x00000000   Number         0  printf_stubs.o ABSOLUTE
    __ARM_exceptions_init                     - Undefined Weak Reference
    __alloca_initialize                       - Undefined Weak Reference
    __arm_preinit_                            - Undefined Weak Reference
    __cpp_initialize__aeabi_                  - Undefined Weak Reference
    __cxa_finalize                            - Undefined Weak Reference
    __sigvec_lookup                           - Undefined Weak Reference
    __user_heap_extent                        - Undefined Weak Reference
    _atexit_init                              - Undefined Weak Reference
    _call_atexit_fns                          - Undefined Weak Reference
    _clock_init                               - Undefined Weak Reference
    _fp_trap_init                             - Undefined Weak Reference
    _fp_trap_shutdown                         - Undefined Weak Reference
    _get_lc_collate                           - Undefined Weak Reference
    _get_lc_monetary                          - Undefined Weak Reference
    _get_lc_time                              - Undefined Weak Reference
    _getenv_init                              - Undefined Weak Reference
    _handle_redirection                       - Undefined Weak Reference
    _initio                                   - Undefined Weak Reference
    _mutex_acquire                            - Undefined Weak Reference
    _mutex_free                               - Undefined Weak Reference
    _mutex_release                            - Undefined Weak Reference
    _printf_mbtowc                            - Undefined Weak Reference
    _printf_truncate_signed                   - Undefined Weak Reference
    _printf_truncate_unsigned                 - Undefined Weak Reference
    _rand_init                                - Undefined Weak Reference
    _scanf_int                                - Undefined Weak Reference
    _scanf_longlong                           - Undefined Weak Reference
    _scanf_mbtowc                             - Undefined Weak Reference
    _scanf_real                               - Undefined Weak Reference
    _scanf_wctomb                             - Undefined Weak Reference
    _scanf_wstring                            - Undefined Weak Reference
    _signal_finish                            - Undefined Weak Reference
    _signal_init                              - Undefined Weak Reference
    _terminateio                              - Undefined Weak Reference
    __Vectors_Size                           0x000001d8   Number         0  startup_stm32f413xx.o ABSOLUTE
    __Vectors                                0x08000000   Data           4  startup_stm32f413xx.o(RESET)
    __Vectors_End                            0x080001d8   Data           0  startup_stm32f413xx.o(RESET)
    __main                                   0x080001d9   Thumb Code     8  __main.o(!!!main)
    __scatterload                            0x080001e1   Thumb Code     0  __scatter.o(!!!scatter)
    __scatterload_rt2                        0x080001e1   Thumb Code    44  __scatter.o(!!!scatter)
    __scatterload_rt2_thumb_only             0x080001e1   Thumb Code     0  __scatter.o(!!!scatter)
    __scatterload_null                       0x080001ef   Thumb Code     0  __scatter.o(!!!scatter)
    __scatterload_copy                       0x08000215   Thumb Code    26  __scatter_copy.o(!!handler_copy)
    __scatterload_zeroinit                   0x08000231   Thumb Code    28  __scatter_zi.o(!!handler_zi)
    _printf_f                                0x0800024d   Thumb Code     0  _printf_f.o(.ARM.Collect$$_printf_percent$$00000003)
    _printf_percent                          0x0800024d   Thumb Code     0  _printf_percent.o(.ARM.Collect$$_printf_percent$$00000000)
    _printf_d                                0x08000253   Thumb Code     0  _printf_d.o(.ARM.Collect$$_printf_percent$$00000009)
    _printf_x                                0x08000259   Thumb Code     0  _printf_x.o(.ARM.Collect$$_printf_percent$$0000000C)
    _printf_percent_end                      0x0800025f   Thumb Code     0  _printf_percent_end.o(.ARM.Collect$$_printf_percent$$00000017)
    __rt_lib_init                            0x08000263   Thumb Code     0  libinit.o(.ARM.Collect$$libinit$$00000000)
    __rt_lib_init_fp_1                       0x08000265   Thumb Code     0  libinit2.o(.ARM.Collect$$libinit$$00000001)
    __rt_lib_init_heap_2                     0x08000269   Thumb Code     0  libinit2.o(.ARM.Collect$$libinit$$00000005)
    __rt_lib_init_preinit_1                  0x08000269   Thumb Code     0  libinit2.o(.ARM.Collect$$libinit$$00000004)
    __rt_lib_init_heap_1                     0x08000271   Thumb Code     0  libinit2.o(.ARM.Collect$$libinit$$0000000A)
    __rt_lib_init_lc_common                  0x08000271   Thumb Code     0  libinit2.o(.ARM.Collect$$libinit$$0000000F)
    __rt_lib_init_rand_1                     0x08000271   Thumb Code     0  libinit2.o(.ARM.Collect$$libinit$$0000000E)
    __rt_lib_init_user_alloc_1               0x08000271   Thumb Code     0  libinit2.o(.ARM.Collect$$libinit$$0000000C)
    __rt_lib_init_lc_collate_1               0x08000277   Thumb Code     0  libinit2.o(.ARM.Collect$$libinit$$00000011)
    __rt_lib_init_lc_ctype_1                 0x08000277   Thumb Code     0  libinit2.o(.ARM.Collect$$libinit$$00000013)
    __rt_lib_init_lc_monetary_1              0x08000277   Thumb Code     0  libinit2.o(.ARM.Collect$$libinit$$00000015)
    __rt_lib_init_lc_numeric_2               0x08000277   Thumb Code     0  libinit2.o(.ARM.Collect$$libinit$$00000016)
    __rt_lib_init_alloca_1                   0x08000281   Thumb Code     0  libinit2.o(.ARM.Collect$$libinit$$0000002E)
    __rt_lib_init_argv_1                     0x08000281   Thumb Code     0  libinit2.o(.ARM.Collect$$libinit$$0000002C)
    __rt_lib_init_atexit_1                   0x08000281   Thumb Code     0  libinit2.o(.ARM.Collect$$libinit$$0000001B)
    __rt_lib_init_clock_1                    0x08000281   Thumb Code     0  libinit2.o(.ARM.Collect$$libinit$$00000021)
    __rt_lib_init_cpp_1                      0x08000281   Thumb Code     0  libinit2.o(.ARM.Collect$$libinit$$00000032)
    __rt_lib_init_exceptions_1               0x08000281   Thumb Code     0  libinit2.o(.ARM.Collect$$libinit$$00000030)
    __rt_lib_init_fp_trap_1                  0x08000281   Thumb Code     0  libinit2.o(.ARM.Collect$$libinit$$0000001F)
    __rt_lib_init_getenv_1                   0x08000281   Thumb Code     0  libinit2.o(.ARM.Collect$$libinit$$00000023)
    __rt_lib_init_lc_numeric_1               0x08000281   Thumb Code     0  libinit2.o(.ARM.Collect$$libinit$$00000017)
    __rt_lib_init_lc_time_1                  0x08000281   Thumb Code     0  libinit2.o(.ARM.Collect$$libinit$$00000019)
    __rt_lib_init_return                     0x08000281   Thumb Code     0  libinit2.o(.ARM.Collect$$libinit$$00000033)
    __rt_lib_init_signal_1                   0x08000281   Thumb Code     0  libinit2.o(.ARM.Collect$$libinit$$0000001D)
    __rt_lib_init_stdio_1                    0x08000281   Thumb Code     0  libinit2.o(.ARM.Collect$$libinit$$00000025)
    __rt_lib_shutdown                        0x08000283   Thumb Code     0  libshutdown.o(.ARM.Collect$$libshutdown$$00000000)
    __rt_lib_shutdown_cpp_1                  0x08000285   Thumb Code     0  libshutdown2.o(.ARM.Collect$$libshutdown$$00000002)
    __rt_lib_shutdown_fp_trap_1              0x08000285   Thumb Code     0  libshutdown2.o(.ARM.Collect$$libshutdown$$00000007)
    __rt_lib_shutdown_heap_1                 0x08000285   Thumb Code     0  libshutdown2.o(.ARM.Collect$$libshutdown$$0000000F)
    __rt_lib_shutdown_return                 0x08000285   Thumb Code     0  libshutdown2.o(.ARM.Collect$$libshutdown$$00000010)
    __rt_lib_shutdown_signal_1               0x08000285   Thumb Code     0  libshutdown2.o(.ARM.Collect$$libshutdown$$0000000A)
    __rt_lib_shutdown_stdio_1                0x08000285   Thumb Code     0  libshutdown2.o(.ARM.Collect$$libshutdown$$00000004)
    __rt_lib_shutdown_user_alloc_1           0x08000285   Thumb Code     0  libshutdown2.o(.ARM.Collect$$libshutdown$$0000000C)
    __rt_entry                               0x08000287   Thumb Code     0  __rtentry.o(.ARM.Collect$$rtentry$$00000000)
    __rt_entry_presh_1                       0x08000287   Thumb Code     0  __rtentry2.o(.ARM.Collect$$rtentry$$00000002)
    __rt_entry_sh                            0x08000287   Thumb Code     0  __rtentry4.o(.ARM.Collect$$rtentry$$00000004)
    __rt_entry_li                            0x0800028d   Thumb Code     0  __rtentry2.o(.ARM.Collect$$rtentry$$0000000A)
    __rt_entry_postsh_1                      0x0800028d   Thumb Code     0  __rtentry2.o(.ARM.Collect$$rtentry$$00000009)
    __rt_entry_main                          0x08000291   Thumb Code     0  __rtentry2.o(.ARM.Collect$$rtentry$$0000000D)
    __rt_entry_postli_1                      0x08000291   Thumb Code     0  __rtentry2.o(.ARM.Collect$$rtentry$$0000000C)
    __rt_exit                                0x08000299   Thumb Code     0  rtexit.o(.ARM.Collect$$rtexit$$00000000)
    __rt_exit_ls                             0x0800029b   Thumb Code     0  rtexit2.o(.ARM.Collect$$rtexit$$00000003)
    __rt_exit_prels_1                        0x0800029b   Thumb Code     0  rtexit2.o(.ARM.Collect$$rtexit$$00000002)
    __rt_exit_exit                           0x0800029f   Thumb Code     0  rtexit2.o(.ARM.Collect$$rtexit$$00000004)
    Reset_Handler                            0x080002a5   Thumb Code     8  startup_stm32f413xx.o(.text)
    _maybe_terminate_alloc                   0x080002a5   Thumb Code     0  maybetermalloc1.o(.emb_text)
    NMI_Handler                              0x080002ad   Thumb Code     2  startup_stm32f413xx.o(.text)
    HardFault_Handler                        0x080002af   Thumb Code     2  startup_stm32f413xx.o(.text)
    MemManage_Handler                        0x080002b1   Thumb Code     2  startup_stm32f413xx.o(.text)
    BusFault_Handler                         0x080002b3   Thumb Code     2  startup_stm32f413xx.o(.text)
    UsageFault_Handler                       0x080002b5   Thumb Code     2  startup_stm32f413xx.o(.text)
    SVC_Handler                              0x080002b7   Thumb Code     2  startup_stm32f413xx.o(.text)
    DebugMon_Handler                         0x080002b9   Thumb Code     2  startup_stm32f413xx.o(.text)
    PendSV_Handler                           0x080002bb   Thumb Code     2  startup_stm32f413xx.o(.text)
    SysTick_Handler                          0x080002bd   Thumb Code     2  startup_stm32f413xx.o(.text)
    ADC_IRQHandler                           0x080002bf   Thumb Code     0  startup_stm32f413xx.o(.text)
    CAN1_RX0_IRQHandler                      0x080002bf   Thumb Code     0  startup_stm32f413xx.o(.text)
    CAN1_RX1_IRQHandler                      0x080002bf   Thumb Code     0  startup_stm32f413xx.o(.text)
    CAN1_SCE_IRQHandler                      0x080002bf   Thumb Code     0  startup_stm32f413xx.o(.text)
    CAN1_TX_IRQHandler                       0x080002bf   Thumb Code     0  startup_stm32f413xx.o(.text)
    CAN2_RX0_IRQHandler                      0x080002bf   Thumb Code     0  startup_stm32f413xx.o(.text)
    CAN2_RX1_IRQHandler                      0x080002bf   Thumb Code     0  startup_stm32f413xx.o(.text)
    CAN2_SCE_IRQHandler                      0x080002bf   Thumb Code     0  startup_stm32f413xx.o(.text)
    CAN2_TX_IRQHandler                       0x080002bf   Thumb Code     0  startup_stm32f413xx.o(.text)
    CAN3_RX0_IRQHandler                      0x080002bf   Thumb Code     0  startup_stm32f413xx.o(.text)
    CAN3_RX1_IRQHandler                      0x080002bf   Thumb Code     0  startup_stm32f413xx.o(.text)
    CAN3_SCE_IRQHandler                      0x080002bf   Thumb Code     0  startup_stm32f413xx.o(.text)
    CAN3_TX_IRQHandler                       0x080002bf   Thumb Code     0  startup_stm32f413xx.o(.text)
    DFSDM1_FLT0_IRQHandler                   0x080002bf   Thumb Code     0  startup_stm32f413xx.o(.text)
    DFSDM1_FLT1_IRQHandler                   0x080002bf   Thumb Code     0  startup_stm32f413xx.o(.text)
    DFSDM2_FLT0_IRQHandler                   0x080002bf   Thumb Code     0  startup_stm32f413xx.o(.text)
    DFSDM2_FLT1_IRQHandler                   0x080002bf   Thumb Code     0  startup_stm32f413xx.o(.text)
    DFSDM2_FLT2_IRQHandler                   0x080002bf   Thumb Code     0  startup_stm32f413xx.o(.text)
    DFSDM2_FLT3_IRQHandler                   0x080002bf   Thumb Code     0  startup_stm32f413xx.o(.text)
    DMA1_Stream0_IRQHandler                  0x080002bf   Thumb Code     0  startup_stm32f413xx.o(.text)
    DMA1_Stream1_IRQHandler                  0x080002bf   Thumb Code     0  startup_stm32f413xx.o(.text)
    DMA1_Stream2_IRQHandler                  0x080002bf   Thumb Code     0  startup_stm32f413xx.o(.text)
    DMA1_Stream3_IRQHandler                  0x080002bf   Thumb Code     0  startup_stm32f413xx.o(.text)
    DMA1_Stream4_IRQHandler                  0x080002bf   Thumb Code     0  startup_stm32f413xx.o(.text)
    DMA1_Stream5_IRQHandler                  0x080002bf   Thumb Code     0  startup_stm32f413xx.o(.text)
    DMA1_Stream6_IRQHandler                  0x080002bf   Thumb Code     0  startup_stm32f413xx.o(.text)
    DMA1_Stream7_IRQHandler                  0x080002bf   Thumb Code     0  startup_stm32f413xx.o(.text)
    DMA2_Stream0_IRQHandler                  0x080002bf   Thumb Code     0  startup_stm32f413xx.o(.text)
    DMA2_Stream1_IRQHandler                  0x080002bf   Thumb Code     0  startup_stm32f413xx.o(.text)
    DMA2_Stream2_IRQHandler                  0x080002bf   Thumb Code     0  startup_stm32f413xx.o(.text)
    DMA2_Stream3_IRQHandler                  0x080002bf   Thumb Code     0  startup_stm32f413xx.o(.text)
    DMA2_Stream4_IRQHandler                  0x080002bf   Thumb Code     0  startup_stm32f413xx.o(.text)
    DMA2_Stream5_IRQHandler                  0x080002bf   Thumb Code     0  startup_stm32f413xx.o(.text)
    DMA2_Stream6_IRQHandler                  0x080002bf   Thumb Code     0  startup_stm32f413xx.o(.text)
    DMA2_Stream7_IRQHandler                  0x080002bf   Thumb Code     0  startup_stm32f413xx.o(.text)
    EXTI0_IRQHandler                         0x080002bf   Thumb Code     0  startup_stm32f413xx.o(.text)
    EXTI15_10_IRQHandler                     0x080002bf   Thumb Code     0  startup_stm32f413xx.o(.text)
    EXTI1_IRQHandler                         0x080002bf   Thumb Code     0  startup_stm32f413xx.o(.text)
    EXTI2_IRQHandler                         0x080002bf   Thumb Code     0  startup_stm32f413xx.o(.text)
    EXTI3_IRQHandler                         0x080002bf   Thumb Code     0  startup_stm32f413xx.o(.text)
    EXTI4_IRQHandler                         0x080002bf   Thumb Code     0  startup_stm32f413xx.o(.text)
    EXTI9_5_IRQHandler                       0x080002bf   Thumb Code     0  startup_stm32f413xx.o(.text)
    FLASH_IRQHandler                         0x080002bf   Thumb Code     0  startup_stm32f413xx.o(.text)
    FMPI2C1_ER_IRQHandler                    0x080002bf   Thumb Code     0  startup_stm32f413xx.o(.text)
    FMPI2C1_EV_IRQHandler                    0x080002bf   Thumb Code     0  startup_stm32f413xx.o(.text)
    FPU_IRQHandler                           0x080002bf   Thumb Code     0  startup_stm32f413xx.o(.text)
    FSMC_IRQHandler                          0x080002bf   Thumb Code     0  startup_stm32f413xx.o(.text)
    I2C1_ER_IRQHandler                       0x080002bf   Thumb Code     0  startup_stm32f413xx.o(.text)
    I2C1_EV_IRQHandler                       0x080002bf   Thumb Code     0  startup_stm32f413xx.o(.text)
    I2C2_ER_IRQHandler                       0x080002bf   Thumb Code     0  startup_stm32f413xx.o(.text)
    I2C2_EV_IRQHandler                       0x080002bf   Thumb Code     0  startup_stm32f413xx.o(.text)
    I2C3_ER_IRQHandler                       0x080002bf   Thumb Code     0  startup_stm32f413xx.o(.text)
    I2C3_EV_IRQHandler                       0x080002bf   Thumb Code     0  startup_stm32f413xx.o(.text)
    LPTIM1_IRQHandler                        0x080002bf   Thumb Code     0  startup_stm32f413xx.o(.text)
    OTG_FS_IRQHandler                        0x080002bf   Thumb Code     0  startup_stm32f413xx.o(.text)
    OTG_FS_WKUP_IRQHandler                   0x080002bf   Thumb Code     0  startup_stm32f413xx.o(.text)
    PVD_IRQHandler                           0x080002bf   Thumb Code     0  startup_stm32f413xx.o(.text)
    QUADSPI_IRQHandler                       0x080002bf   Thumb Code     0  startup_stm32f413xx.o(.text)
    RCC_IRQHandler                           0x080002bf   Thumb Code     0  startup_stm32f413xx.o(.text)
    RNG_IRQHandler                           0x080002bf   Thumb Code     0  startup_stm32f413xx.o(.text)
    RTC_Alarm_IRQHandler                     0x080002bf   Thumb Code     0  startup_stm32f413xx.o(.text)
    RTC_WKUP_IRQHandler                      0x080002bf   Thumb Code     0  startup_stm32f413xx.o(.text)
    SAI1_IRQHandler                          0x080002bf   Thumb Code     0  startup_stm32f413xx.o(.text)
    SDIO_IRQHandler                          0x080002bf   Thumb Code     0  startup_stm32f413xx.o(.text)
    SPI1_IRQHandler                          0x080002bf   Thumb Code     0  startup_stm32f413xx.o(.text)
    SPI2_IRQHandler                          0x080002bf   Thumb Code     0  startup_stm32f413xx.o(.text)
    SPI3_IRQHandler                          0x080002bf   Thumb Code     0  startup_stm32f413xx.o(.text)
    SPI4_IRQHandler                          0x080002bf   Thumb Code     0  startup_stm32f413xx.o(.text)
    SPI5_IRQHandler                          0x080002bf   Thumb Code     0  startup_stm32f413xx.o(.text)
    TAMP_STAMP_IRQHandler                    0x080002bf   Thumb Code     0  startup_stm32f413xx.o(.text)
    TIM1_BRK_TIM9_IRQHandler                 0x080002bf   Thumb Code     0  startup_stm32f413xx.o(.text)
    TIM1_CC_IRQHandler                       0x080002bf   Thumb Code     0  startup_stm32f413xx.o(.text)
    TIM1_TRG_COM_TIM11_IRQHandler            0x080002bf   Thumb Code     0  startup_stm32f413xx.o(.text)
    TIM1_UP_TIM10_IRQHandler                 0x080002bf   Thumb Code     0  startup_stm32f413xx.o(.text)
    TIM2_IRQHandler                          0x080002bf   Thumb Code     0  startup_stm32f413xx.o(.text)
    TIM3_IRQHandler                          0x080002bf   Thumb Code     0  startup_stm32f413xx.o(.text)
    TIM4_IRQHandler                          0x080002bf   Thumb Code     0  startup_stm32f413xx.o(.text)
    TIM5_IRQHandler                          0x080002bf   Thumb Code     0  startup_stm32f413xx.o(.text)
    TIM6_DAC_IRQHandler                      0x080002bf   Thumb Code     0  startup_stm32f413xx.o(.text)
    TIM7_IRQHandler                          0x080002bf   Thumb Code     0  startup_stm32f413xx.o(.text)
    TIM8_BRK_TIM12_IRQHandler                0x080002bf   Thumb Code     0  startup_stm32f413xx.o(.text)
    TIM8_CC_IRQHandler                       0x080002bf   Thumb Code     0  startup_stm32f413xx.o(.text)
    TIM8_TRG_COM_TIM14_IRQHandler            0x080002bf   Thumb Code     0  startup_stm32f413xx.o(.text)
    TIM8_UP_TIM13_IRQHandler                 0x080002bf   Thumb Code     0  startup_stm32f413xx.o(.text)
    UART10_IRQHandler                        0x080002bf   Thumb Code     0  startup_stm32f413xx.o(.text)
    UART4_IRQHandler                         0x080002bf   Thumb Code     0  startup_stm32f413xx.o(.text)
    UART5_IRQHandler                         0x080002bf   Thumb Code     0  startup_stm32f413xx.o(.text)
    UART7_IRQHandler                         0x080002bf   Thumb Code     0  startup_stm32f413xx.o(.text)
    UART8_IRQHandler                         0x080002bf   Thumb Code     0  startup_stm32f413xx.o(.text)
    UART9_IRQHandler                         0x080002bf   Thumb Code     0  startup_stm32f413xx.o(.text)
    USART2_IRQHandler                        0x080002bf   Thumb Code     0  startup_stm32f413xx.o(.text)
    USART3_IRQHandler                        0x080002bf   Thumb Code     0  startup_stm32f413xx.o(.text)
    USART6_IRQHandler                        0x080002bf   Thumb Code     0  startup_stm32f413xx.o(.text)
    __user_initial_stackheap                 0x080002c1   Thumb Code     0  startup_stm32f413xx.o(.text)
    malloc                                   0x080002e5   Thumb Code    94  h1_alloc.o(.text)
    free                                     0x08000343   Thumb Code    78  h1_free.o(.text)
    __2printf                                0x08000391   Thumb Code    20  noretval__2printf.o(.text)
    _printf_pre_padding                      0x080003a9   Thumb Code    44  _printf_pad.o(.text)
    _printf_post_padding                     0x080003d5   Thumb Code    34  _printf_pad.o(.text)
    _printf_int_dec                          0x080003f9   Thumb Code   104  _printf_dec.o(.text)
    _printf_int_hex                          0x08000471   Thumb Code    84  _printf_hex_int.o(.text)
    _printf_longlong_hex                     0x08000471   Thumb Code     0  _printf_hex_int.o(.text)
    __printf                                 0x080004c9   Thumb Code   270  __printf_wp.o(.text)
    strcmp                                   0x080005d9   Thumb Code   128  strcmpv7m.o(.text)
    __use_two_region_memory                  0x08000659   Thumb Code     2  heapauxi.o(.text)
    __rt_heap_escrow                         0x0800065b   Thumb Code     2  heapauxi.o(.text)
    __rt_heap_expand                         0x0800065d   Thumb Code     2  heapauxi.o(.text)
    __rt_heap_descriptor                     0x08000661   Thumb Code     8  rt_heap_descriptor_intlibspace.o(.text)
    __use_no_heap                            0x08000669   Thumb Code     2  hguard.o(.text)
    __heap$guard                             0x0800066b   Thumb Code     2  hguard.o(.text)
    _terminate_user_alloc                    0x0800066d   Thumb Code     2  init_alloc.o(.text)
    _init_user_alloc                         0x0800066f   Thumb Code     2  init_alloc.o(.text)
    __Heap_Full                              0x08000671   Thumb Code    34  init_alloc.o(.text)
    __Heap_Broken                            0x08000693   Thumb Code     6  init_alloc.o(.text)
    _init_alloc                              0x08000699   Thumb Code    94  init_alloc.o(.text)
    __Heap_Initialize                        0x080006f7   Thumb Code    10  h1_init.o(.text)
    __Heap_DescSize                          0x08000701   Thumb Code     4  h1_init.o(.text)
    _printf_int_common                       0x08000705   Thumb Code   178  _printf_intcommon.o(.text)
    __lib_sel_fp_printf                      0x080007b7   Thumb Code     2  _printf_fp_dec.o(.text)
    _printf_fp_dec_real                      0x08000969   Thumb Code   620  _printf_fp_dec.o(.text)
    _printf_char_common                      0x08000bdf   Thumb Code    32  _printf_char_common.o(.text)
    _printf_char_file                        0x08000c05   Thumb Code    32  _printf_char_file.o(.text)
    __user_libspace                          0x08000c29   Thumb Code     8  libspace.o(.text)
    __user_perproc_libspace                  0x08000c29   Thumb Code     0  libspace.o(.text)
    __user_perthread_libspace                0x08000c29   Thumb Code     0  libspace.o(.text)
    __rt_locale                              0x08000c31   Thumb Code     8  rt_locale_intlibspace.o(.text)
    __Heap_ProvideMemory                     0x08000c39   Thumb Code    52  h1_extend.o(.text)
    _ll_udiv10                               0x08000c6d   Thumb Code   138  lludiv10.o(.text)
    _printf_fp_infnan                        0x08000cf9   Thumb Code   112  _printf_fp_infnan.o(.text)
    _btod_etento                             0x08000d79   Thumb Code   224  bigflt0.o(.text)
    ferror                                   0x08000e5d   Thumb Code     8  ferror.o(.text)
    __rt_SIGRTMEM                            0x08000e65   Thumb Code    14  defsig_rtmem_outer.o(.text)
    __I$use$semihosting                      0x08000e73   Thumb Code     0  use_no_semi.o(.text)
    __use_no_semihosting_swi                 0x08000e73   Thumb Code     2  use_no_semi.o(.text)
    __semihosting_library_function           0x08000e75   Thumb Code     0  indicate_semi.o(.text)
    __user_setup_stackheap                   0x08000e75   Thumb Code    74  sys_stackheap_outer.o(.text)
    exit                                     0x08000ebf   Thumb Code    18  exit.o(.text)
    __sig_exit                               0x08000ed1   Thumb Code    10  defsig_exit.o(.text)
    __rt_SIGRTMEM_inner                      0x08000edd   Thumb Code    22  defsig_rtmem_inner.o(.text)
    _sys_exit                                0x08000f2d   Thumb Code     8  sys_exit.o(.text)
    __default_signal_display                 0x08000f39   Thumb Code    50  defsig_general.o(.text)
    _ttywrch                                 0x08000f6b   Thumb Code    14  sys_wrch.o(.text)
    _btod_d2e                                0x08000f79   Thumb Code    62  btod.o(CL$$btod_d2e)
    _d2e_denorm_low                          0x08000fb7   Thumb Code    70  btod.o(CL$$btod_d2e_denorm_low)
    _d2e_norm_op1                            0x08000ffd   Thumb Code    96  btod.o(CL$$btod_d2e_norm_op1)
    __btod_div_common                        0x0800105d   Thumb Code   696  btod.o(CL$$btod_div_common)
    _e2e                                     0x08001395   Thumb Code   220  btod.o(CL$$btod_e2e)
    _btod_ediv                               0x08001471   Thumb Code    42  btod.o(CL$$btod_ediv)
    _btod_emul                               0x0800149b   Thumb Code    42  btod.o(CL$$btod_emul)
    __btod_mult_common                       0x080014c5   Thumb Code   580  btod.o(CL$$btod_mult_common)
    Contactor_Off                            0x08001709   Thumb Code    14  contactor.o(i.Contactor_Off)
    FIFO_Get_Tx                              0x0800171d   Thumb Code     2  fifo.o(i.FIFO_Get_Tx)
    FIFO_Init                                0x0800171f   Thumb Code     2  fifo.o(i.FIFO_Init)
    FIFO_IsEmpty_Tx                          0x08001721   Thumb Code     2  fifo.o(i.FIFO_IsEmpty_Tx)
    FIFO_IsFull_Rx                           0x08001723   Thumb Code     2  fifo.o(i.FIFO_IsFull_Rx)
    FIFO_Put_Rx                              0x08001725   Thumb Code     2  fifo.o(i.FIFO_Put_Rx)
    GPIO_Init                                0x08001727   Thumb Code   144  stm32f4xx_gpio.o(i.GPIO_Init)
    GPIO_PinAFConfig                         0x080017b7   Thumb Code    70  stm32f4xx_gpio.o(i.GPIO_PinAFConfig)
    GPIO_ResetBits                           0x080017fd   Thumb Code     4  stm32f4xx_gpio.o(i.GPIO_ResetBits)
    GPIO_SetBits                             0x08001801   Thumb Code     4  stm32f4xx_gpio.o(i.GPIO_SetBits)
    GPIO_WriteBit                            0x08001805   Thumb Code    10  stm32f4xx_gpio.o(i.GPIO_WriteBit)
    LTC6811_Init                             0x0800180f   Thumb Code    46  ltc6811.o(i.LTC6811_Init)
    LTC6811_adcv                             0x0800183d   Thumb Code    20  ltc6811.o(i.LTC6811_adcv)
    LTC6811_init_reg_limits                  0x08001851   Thumb Code   102  ltc6811.o(i.LTC6811_init_reg_limits)
    LTC6811_pollAdc                          0x080018b7   Thumb Code     8  ltc6811.o(i.LTC6811_pollAdc)
    LTC6811_rdcfg                            0x080018bf   Thumb Code    22  ltc6811.o(i.LTC6811_rdcfg)
    LTC6811_rdcv                             0x080018d5   Thumb Code    30  ltc6811.o(i.LTC6811_rdcv)
    LTC6811_reset_crc_count                  0x080018f3   Thumb Code    16  ltc6811.o(i.LTC6811_reset_crc_count)
    LTC6811_wrcfg                            0x08001903   Thumb Code    16  ltc6811.o(i.LTC6811_wrcfg)
    LTC681x_adcv                             0x08001913   Thumb Code    46  ltc681x.o(i.LTC681x_adcv)
    LTC681x_check_pec                        0x08001941   Thumb Code   528  ltc681x.o(i.LTC681x_check_pec)
    LTC681x_init_cfg                         0x08001b51   Thumb Code   106  ltc681x.o(i.LTC681x_init_cfg)
    LTC681x_pollAdc                          0x08001bc1   Thumb Code   102  ltc681x.o(i.LTC681x_pollAdc)
    LTC681x_rdcfg                            0x08001c2d   Thumb Code   180  ltc681x.o(i.LTC681x_rdcfg)
    LTC681x_rdcv                             0x08001ce5   Thumb Code   244  ltc681x.o(i.LTC681x_rdcv)
    LTC681x_rdcv_reg                         0x08001dd9   Thumb Code   170  ltc681x.o(i.LTC681x_rdcv_reg)
    LTC681x_reset_crc_count                  0x08001e83   Thumb Code   122  ltc681x.o(i.LTC681x_reset_crc_count)
    LTC681x_set_cfgr                         0x08001efd   Thumb Code    60  ltc681x.o(i.LTC681x_set_cfgr)
    LTC681x_set_cfgr_adcopt                  0x08001f39   Thumb Code    56  ltc681x.o(i.LTC681x_set_cfgr_adcopt)
    LTC681x_set_cfgr_dis                     0x08001f71   Thumb Code   146  ltc681x.o(i.LTC681x_set_cfgr_dis)
    LTC681x_set_cfgr_gpio                    0x08002003   Thumb Code    78  ltc681x.o(i.LTC681x_set_cfgr_gpio)
    LTC681x_set_cfgr_refon                   0x08002051   Thumb Code    56  ltc681x.o(i.LTC681x_set_cfgr_refon)
    LTC681x_wrcfg                            0x08002089   Thumb Code    92  ltc681x.o(i.LTC681x_wrcfg)
    RCC_AHB1PeriphClockCmd                   0x080020e9   Thumb Code    26  stm32f4xx_rcc.o(i.RCC_AHB1PeriphClockCmd)
    RCC_APB1PeriphClockCmd                   0x08002109   Thumb Code    26  stm32f4xx_rcc.o(i.RCC_APB1PeriphClockCmd)
    RCC_APB2PeriphClockCmd                   0x08002129   Thumb Code    26  stm32f4xx_rcc.o(i.RCC_APB2PeriphClockCmd)
    RCC_GetClocksFreq                        0x08002149   Thumb Code   440  stm32f4xx_rcc.o(i.RCC_GetClocksFreq)
    SPI_CSHigh                               0x08002311   Thumb Code    14  spi.o(i.SPI_CSHigh)
    SPI_CSLow                                0x08002325   Thumb Code    14  spi.o(i.SPI_CSLow)
    SPI_Cmd                                  0x08002339   Thumb Code    24  stm32f4xx_spi.o(i.SPI_Cmd)
    SPI_Init                                 0x08002351   Thumb Code    60  stm32f4xx_spi.o(i.SPI_Init)
    SPI_Init8                                0x0800238d   Thumb Code   162  spi.o(i.SPI_Init8)
    SPI_InitCS                               0x08002439   Thumb Code    38  spi.o(i.SPI_InitCS)
    SPI_Read8                                0x08002465   Thumb Code    98  spi.o(i.SPI_Read8)
    SPI_Write8                               0x080024cd   Thumb Code    96  spi.o(i.SPI_Write8)
    SPI_WriteRead8                           0x08002531   Thumb Code    28  spi.o(i.SPI_WriteRead8)
    SystemInit                               0x0800254d   Thumb Code    82  system_stm32f4xx.o(i.SystemInit)
    UART3_Init                               0x080025b1   Thumb Code   130  uart.o(i.UART3_Init)
    UART3_Write                              0x0800263d   Thumb Code    38  uart.o(i.UART3_Write)
    USART1_IRQHandler                        0x08002669   Thumb Code    44  uart.o(i.USART1_IRQHandler)
    USART_ClearITPendingBit                  0x08002699   Thumb Code    30  stm32f4xx_usart.o(i.USART_ClearITPendingBit)
    USART_Cmd                                0x080026b7   Thumb Code    24  stm32f4xx_usart.o(i.USART_Cmd)
    USART_GetITStatus                        0x080026cf   Thumb Code    84  stm32f4xx_usart.o(i.USART_GetITStatus)
    USART_ITConfig                           0x08002723   Thumb Code    74  stm32f4xx_usart.o(i.USART_ITConfig)
    USART_Init                               0x0800276d   Thumb Code   204  stm32f4xx_usart.o(i.USART_Init)
    WWDG_ClearFlag                           0x08002841   Thumb Code     8  stm32f4xx_wwdg.o(i.WWDG_ClearFlag)
    WWDG_IRQHandler                          0x0800284d   Thumb Code    12  wdtimer.o(i.WWDG_IRQHandler)
    __ARM_fpclassify                         0x08002859   Thumb Code    48  fpclassify.o(i.__ARM_fpclassify)
    _is_digit                                0x08002889   Thumb Code    14  __printf_wp.o(i._is_digit)
    cmd_68                                   0x08002897   Thumb Code    60  ltc681x.o(i.cmd_68)
    copyHardwareToSoftware                   0x080028d5   Thumb Code    34  uart.o(i.copyHardwareToSoftware)
    copySoftwareToHardware                   0x08002901   Thumb Code    52  uart.o(i.copySoftwareToHardware)
    delay_u                                  0x0800293d   Thumb Code    34  ltc681x.o(i.delay_u)
    fputc                                    0x08002969   Thumb Code    16  uart.o(i.fputc)
    main                                     0x08002979   Thumb Code   124  main.o(i.main)
    parse_cells                              0x08002a1d   Thumb Code   138  ltc681x.o(i.parse_cells)
    pec15_calc                               0x08002aa9   Thumb Code    50  ltc681x.o(i.pec15_calc)
    printCells                               0x08002ae1   Thumb Code   112  main.o(i.printCells)
    print_config                             0x08002b69   Thumb Code   202  main.o(i.print_config)
    read_68                                  0x08002c91   Thumb Code   172  ltc681x.o(i.read_68)
    wakeup_sleep                             0x08002d3d   Thumb Code    42  ltc681x.o(i.wakeup_sleep)
    write_68                                 0x08002d67   Thumb Code   174  ltc681x.o(i.write_68)
    _get_lc_numeric                          0x08002e15   Thumb Code    44  lc_numeric_c.o(locale$$code)
    __aeabi_ui2d                             0x08002e41   Thumb Code     0  dflt_clz.o(x$fpl$dfltu)
    _dfltu                                   0x08002e41   Thumb Code    38  dflt_clz.o(x$fpl$dfltu)
    __aeabi_dmul                             0x08002e69   Thumb Code     0  dmul.o(x$fpl$dmul)
    _dmul                                    0x08002e69   Thumb Code   332  dmul.o(x$fpl$dmul)
    __fpl_dnaninf                            0x08002fbd   Thumb Code   156  dnaninf.o(x$fpl$dnaninf)
    __fpl_dretinf                            0x08003059   Thumb Code    12  dretinf.o(x$fpl$dretinf)
    _fp_init                                 0x08003065   Thumb Code    10  fpinit.o(x$fpl$fpinit)
    __fplib_config_fpu_vfp                   0x0800306d   Thumb Code     0  fpinit.o(x$fpl$fpinit)
    __fplib_config_pureend_doubles           0x0800306d   Thumb Code     0  fpinit.o(x$fpl$fpinit)
    _printf_fp_dec                           0x0800306f   Thumb Code     4  printf1.o(x$fpl$printf1)
    __I$use$fp                               0x08003072   Number         0  usenofp.o(x$fpl$usenofp)
    crc15Table                               0x08003074   Data         512  ltc681x.o(.constdata)
    Region$$Table$$Base                      0x08003338   Number         0  anon$$obj.o(Region$$Table)
    Region$$Table$$Limit                     0x08003358   Number         0  anon$$obj.o(Region$$Table)
    __stdout                                 0x20000008   Data           4  uart.o(.data)
    __stdin                                  0x2000000c   Data           4  uart.o(.data)
    SystemCoreClock                          0x20000020   Data           4  system_stm32f4xx.o(.data)
    __libspace_start                         0x20000024   Data          96  libspace.o(.bss)
    __temporary_stack_top$libspace           0x20000084   Data           0  libspace.o(.bss)



==============================================================================

Memory Map of the image

  Image Entry point : 0x080001d9

  Load Region LR_IROM1 (Base: 0x08000000, Size: 0x00003398, Max: 0x00180000, ABSOLUTE)

    Execution Region ER_IROM1 (Exec base: 0x08000000, Load base: 0x08000000, Size: 0x00003374, Max: 0x00180000, ABSOLUTE)

    Exec Addr    Load Addr    Size         Type   Attr      Idx    E Section Name        Object

    0x08000000   0x08000000   0x000001d8   Data   RO         4119    RESET               startup_stm32f413xx.o
    0x080001d8   0x080001d8   0x00000008   Code   RO         4303  * !!!main             c_w.l(__main.o)
    0x080001e0   0x080001e0   0x00000034   Code   RO         4618    !!!scatter          c_w.l(__scatter.o)
    0x08000214   0x08000214   0x0000001a   Code   RO         4620    !!handler_copy      c_w.l(__scatter_copy.o)
    0x0800022e   0x0800022e   0x00000002   PAD
    0x08000230   0x08000230   0x0000001c   Code   RO         4622    !!handler_zi        c_w.l(__scatter_zi.o)
    0x0800024c   0x0800024c   0x00000000   Code   RO         4287    .ARM.Collect$$_printf_percent$$00000000  c_w.l(_printf_percent.o)
    0x0800024c   0x0800024c   0x00000006   Code   RO         4286    .ARM.Collect$$_printf_percent$$00000003  c_w.l(_printf_f.o)
    0x08000252   0x08000252   0x00000006   Code   RO         4284    .ARM.Collect$$_printf_percent$$00000009  c_w.l(_printf_d.o)
    0x08000258   0x08000258   0x00000006   Code   RO         4283    .ARM.Collect$$_printf_percent$$0000000C  c_w.l(_printf_x.o)
    0x0800025e   0x0800025e   0x00000004   Code   RO         4369    .ARM.Collect$$_printf_percent$$00000017  c_w.l(_printf_percent_end.o)
    0x08000262   0x08000262   0x00000002   Code   RO         4552    .ARM.Collect$$libinit$$00000000  c_w.l(libinit.o)
    0x08000264   0x08000264   0x00000004   Code   RO         4376    .ARM.Collect$$libinit$$00000001  c_w.l(libinit2.o)
    0x08000268   0x08000268   0x00000000   Code   RO         4379    .ARM.Collect$$libinit$$00000004  c_w.l(libinit2.o)
    0x08000268   0x08000268   0x00000008   Code   RO         4380    .ARM.Collect$$libinit$$00000005  c_w.l(libinit2.o)
    0x08000270   0x08000270   0x00000000   Code   RO         4382    .ARM.Collect$$libinit$$0000000A  c_w.l(libinit2.o)
    0x08000270   0x08000270   0x00000000   Code   RO         4384    .ARM.Collect$$libinit$$0000000C  c_w.l(libinit2.o)
    0x08000270   0x08000270   0x00000000   Code   RO         4386    .ARM.Collect$$libinit$$0000000E  c_w.l(libinit2.o)
    0x08000270   0x08000270   0x00000006   Code   RO         4387    .ARM.Collect$$libinit$$0000000F  c_w.l(libinit2.o)
    0x08000276   0x08000276   0x00000000   Code   RO         4389    .ARM.Collect$$libinit$$00000011  c_w.l(libinit2.o)
    0x08000276   0x08000276   0x00000000   Code   RO         4391    .ARM.Collect$$libinit$$00000013  c_w.l(libinit2.o)
    0x08000276   0x08000276   0x00000000   Code   RO         4393    .ARM.Collect$$libinit$$00000015  c_w.l(libinit2.o)
    0x08000276   0x08000276   0x0000000a   Code   RO         4394    .ARM.Collect$$libinit$$00000016  c_w.l(libinit2.o)
    0x08000280   0x08000280   0x00000000   Code   RO         4395    .ARM.Collect$$libinit$$00000017  c_w.l(libinit2.o)
    0x08000280   0x08000280   0x00000000   Code   RO         4397    .ARM.Collect$$libinit$$00000019  c_w.l(libinit2.o)
    0x08000280   0x08000280   0x00000000   Code   RO         4399    .ARM.Collect$$libinit$$0000001B  c_w.l(libinit2.o)
    0x08000280   0x08000280   0x00000000   Code   RO         4401    .ARM.Collect$$libinit$$0000001D  c_w.l(libinit2.o)
    0x08000280   0x08000280   0x00000000   Code   RO         4403    .ARM.Collect$$libinit$$0000001F  c_w.l(libinit2.o)
    0x08000280   0x08000280   0x00000000   Code   RO         4405    .ARM.Collect$$libinit$$00000021  c_w.l(libinit2.o)
    0x08000280   0x08000280   0x00000000   Code   RO         4407    .ARM.Collect$$libinit$$00000023  c_w.l(libinit2.o)
    0x08000280   0x08000280   0x00000000   Code   RO         4409    .ARM.Collect$$libinit$$00000025  c_w.l(libinit2.o)
    0x08000280   0x08000280   0x00000000   Code   RO         4413    .ARM.Collect$$libinit$$0000002C  c_w.l(libinit2.o)
    0x08000280   0x08000280   0x00000000   Code   RO         4415    .ARM.Collect$$libinit$$0000002E  c_w.l(libinit2.o)
    0x08000280   0x08000280   0x00000000   Code   RO         4417    .ARM.Collect$$libinit$$00000030  c_w.l(libinit2.o)
    0x08000280   0x08000280   0x00000000   Code   RO         4419    .ARM.Collect$$libinit$$00000032  c_w.l(libinit2.o)
    0x08000280   0x08000280   0x00000002   Code   RO         4420    .ARM.Collect$$libinit$$00000033  c_w.l(libinit2.o)
    0x08000282   0x08000282   0x00000002   Code   RO         4615    .ARM.Collect$$libshutdown$$00000000  c_w.l(libshutdown.o)
    0x08000284   0x08000284   0x00000000   Code   RO         4568    .ARM.Collect$$libshutdown$$00000002  c_w.l(libshutdown2.o)
    0x08000284   0x08000284   0x00000000   Code   RO         4570    .ARM.Collect$$libshutdown$$00000004  c_w.l(libshutdown2.o)
    0x08000284   0x08000284   0x00000000   Code   RO         4573    .ARM.Collect$$libshutdown$$00000007  c_w.l(libshutdown2.o)
    0x08000284   0x08000284   0x00000000   Code   RO         4576    .ARM.Collect$$libshutdown$$0000000A  c_w.l(libshutdown2.o)
    0x08000284   0x08000284   0x00000000   Code   RO         4578    .ARM.Collect$$libshutdown$$0000000C  c_w.l(libshutdown2.o)
    0x08000284   0x08000284   0x00000000   Code   RO         4581    .ARM.Collect$$libshutdown$$0000000F  c_w.l(libshutdown2.o)
    0x08000284   0x08000284   0x00000002   Code   RO         4582    .ARM.Collect$$libshutdown$$00000010  c_w.l(libshutdown2.o)
    0x08000286   0x08000286   0x00000000   Code   RO         4331    .ARM.Collect$$rtentry$$00000000  c_w.l(__rtentry.o)
    0x08000286   0x08000286   0x00000000   Code   RO         4432    .ARM.Collect$$rtentry$$00000002  c_w.l(__rtentry2.o)
    0x08000286   0x08000286   0x00000006   Code   RO         4444    .ARM.Collect$$rtentry$$00000004  c_w.l(__rtentry4.o)
    0x0800028c   0x0800028c   0x00000000   Code   RO         4434    .ARM.Collect$$rtentry$$00000009  c_w.l(__rtentry2.o)
    0x0800028c   0x0800028c   0x00000004   Code   RO         4435    .ARM.Collect$$rtentry$$0000000A  c_w.l(__rtentry2.o)
    0x08000290   0x08000290   0x00000000   Code   RO         4437    .ARM.Collect$$rtentry$$0000000C  c_w.l(__rtentry2.o)
    0x08000290   0x08000290   0x00000008   Code   RO         4438    .ARM.Collect$$rtentry$$0000000D  c_w.l(__rtentry2.o)
    0x08000298   0x08000298   0x00000002   Code   RO         4555    .ARM.Collect$$rtexit$$00000000  c_w.l(rtexit.o)
    0x0800029a   0x0800029a   0x00000000   Code   RO         4586    .ARM.Collect$$rtexit$$00000002  c_w.l(rtexit2.o)
    0x0800029a   0x0800029a   0x00000004   Code   RO         4587    .ARM.Collect$$rtexit$$00000003  c_w.l(rtexit2.o)
    0x0800029e   0x0800029e   0x00000006   Code   RO         4588    .ARM.Collect$$rtexit$$00000004  c_w.l(rtexit2.o)
    0x080002a4   0x080002a4   0x00000000   Code   RO         4453    .emb_text           c_w.l(maybetermalloc1.o)
    0x080002a4   0x080002a4   0x00000040   Code   RO         4120    .text               startup_stm32f413xx.o
    0x080002e4   0x080002e4   0x0000005e   Code   RO         4167    .text               c_w.l(h1_alloc.o)
    0x08000342   0x08000342   0x0000004e   Code   RO         4169    .text               c_w.l(h1_free.o)
    0x08000390   0x08000390   0x00000018   Code   RO         4229    .text               c_w.l(noretval__2printf.o)
    0x080003a8   0x080003a8   0x0000004e   Code   RO         4235    .text               c_w.l(_printf_pad.o)
    0x080003f6   0x080003f6   0x00000002   PAD
    0x080003f8   0x080003f8   0x00000078   Code   RO         4239    .text               c_w.l(_printf_dec.o)
    0x08000470   0x08000470   0x00000058   Code   RO         4244    .text               c_w.l(_printf_hex_int.o)
    0x080004c8   0x080004c8   0x0000010e   Code   RO         4270    .text               c_w.l(__printf_wp.o)
    0x080005d6   0x080005d6   0x00000002   PAD
    0x080005d8   0x080005d8   0x00000080   Code   RO         4299    .text               c_w.l(strcmpv7m.o)
    0x08000658   0x08000658   0x00000006   Code   RO         4301    .text               c_w.l(heapauxi.o)
    0x0800065e   0x0800065e   0x00000002   PAD
    0x08000660   0x08000660   0x00000008   Code   RO         4335    .text               c_w.l(rt_heap_descriptor_intlibspace.o)
    0x08000668   0x08000668   0x00000004   Code   RO         4337    .text               c_w.l(hguard.o)
    0x0800066c   0x0800066c   0x0000008a   Code   RO         4339    .text               c_w.l(init_alloc.o)
    0x080006f6   0x080006f6   0x0000000e   Code   RO         4343    .text               c_w.l(h1_init.o)
    0x08000704   0x08000704   0x000000b2   Code   RO         4357    .text               c_w.l(_printf_intcommon.o)
    0x080007b6   0x080007b6   0x0000041e   Code   RO         4359    .text               c_w.l(_printf_fp_dec.o)
    0x08000bd4   0x08000bd4   0x00000030   Code   RO         4361    .text               c_w.l(_printf_char_common.o)
    0x08000c04   0x08000c04   0x00000024   Code   RO         4367    .text               c_w.l(_printf_char_file.o)
    0x08000c28   0x08000c28   0x00000008   Code   RO         4428    .text               c_w.l(libspace.o)
    0x08000c30   0x08000c30   0x00000008   Code   RO         4449    .text               c_w.l(rt_locale_intlibspace.o)
    0x08000c38   0x08000c38   0x00000034   Code   RO         4455    .text               c_w.l(h1_extend.o)
    0x08000c6c   0x08000c6c   0x0000008a   Code   RO         4459    .text               c_w.l(lludiv10.o)
    0x08000cf6   0x08000cf6   0x00000002   PAD
    0x08000cf8   0x08000cf8   0x00000080   Code   RO         4461    .text               c_w.l(_printf_fp_infnan.o)
    0x08000d78   0x08000d78   0x000000e4   Code   RO         4467    .text               c_w.l(bigflt0.o)
    0x08000e5c   0x08000e5c   0x00000008   Code   RO         4494    .text               c_w.l(ferror.o)
    0x08000e64   0x08000e64   0x0000000e   Code   RO         4503    .text               c_w.l(defsig_rtmem_outer.o)
    0x08000e72   0x08000e72   0x00000002   Code   RO         4522    .text               c_w.l(use_no_semi.o)
    0x08000e74   0x08000e74   0x00000000   Code   RO         4524    .text               c_w.l(indicate_semi.o)
    0x08000e74   0x08000e74   0x0000004a   Code   RO         4525    .text               c_w.l(sys_stackheap_outer.o)
    0x08000ebe   0x08000ebe   0x00000012   Code   RO         4537    .text               c_w.l(exit.o)
    0x08000ed0   0x08000ed0   0x0000000a   Code   RO         4539    .text               c_w.l(defsig_exit.o)
    0x08000eda   0x08000eda   0x00000002   PAD
    0x08000edc   0x08000edc   0x00000050   Code   RO         4541    .text               c_w.l(defsig_rtmem_inner.o)
    0x08000f2c   0x08000f2c   0x0000000c   Code   RO         4553    .text               c_w.l(sys_exit.o)
    0x08000f38   0x08000f38   0x00000032   Code   RO         4565    .text               c_w.l(defsig_general.o)
    0x08000f6a   0x08000f6a   0x0000000e   Code   RO         4583    .text               c_w.l(sys_wrch.o)
    0x08000f78   0x08000f78   0x0000003e   Code   RO         4470    CL$$btod_d2e        c_w.l(btod.o)
    0x08000fb6   0x08000fb6   0x00000046   Code   RO         4472    CL$$btod_d2e_denorm_low  c_w.l(btod.o)
    0x08000ffc   0x08000ffc   0x00000060   Code   RO         4471    CL$$btod_d2e_norm_op1  c_w.l(btod.o)
    0x0800105c   0x0800105c   0x00000338   Code   RO         4480    CL$$btod_div_common  c_w.l(btod.o)
    0x08001394   0x08001394   0x000000dc   Code   RO         4477    CL$$btod_e2e        c_w.l(btod.o)
    0x08001470   0x08001470   0x0000002a   Code   RO         4474    CL$$btod_ediv       c_w.l(btod.o)
    0x0800149a   0x0800149a   0x0000002a   Code   RO         4473    CL$$btod_emul       c_w.l(btod.o)
    0x080014c4   0x080014c4   0x00000244   Code   RO         4479    CL$$btod_mult_common  c_w.l(btod.o)
    0x08001708   0x08001708   0x00000014   Code   RO          580    i.Contactor_Off     contactor.o
    0x0800171c   0x0800171c   0x00000002   Code   RO         1531    i.FIFO_Get_Tx       fifo.o
    0x0800171e   0x0800171e   0x00000002   Code   RO         1532    i.FIFO_Init         fifo.o
    0x08001720   0x08001720   0x00000002   Code   RO         1534    i.FIFO_IsEmpty_Tx   fifo.o
    0x08001722   0x08001722   0x00000002   Code   RO         1535    i.FIFO_IsFull_Rx    fifo.o
    0x08001724   0x08001724   0x00000002   Code   RO         1537    i.FIFO_Put_Rx       fifo.o
    0x08001726   0x08001726   0x00000090   Code   RO         2451    i.GPIO_Init         stm32f4xx_gpio.o
    0x080017b6   0x080017b6   0x00000046   Code   RO         2452    i.GPIO_PinAFConfig  stm32f4xx_gpio.o
    0x080017fc   0x080017fc   0x00000004   Code   RO         2458    i.GPIO_ResetBits    stm32f4xx_gpio.o
    0x08001800   0x08001800   0x00000004   Code   RO         2459    i.GPIO_SetBits      stm32f4xx_gpio.o
    0x08001804   0x08001804   0x0000000a   Code   RO         2463    i.GPIO_WriteBit     stm32f4xx_gpio.o
    0x0800180e   0x0800180e   0x0000002e   Code   RO          665    i.LTC6811_Init      ltc6811.o
    0x0800183c   0x0800183c   0x00000014   Code   RO          668    i.LTC6811_adcv      ltc6811.o
    0x08001850   0x08001850   0x00000066   Code   RO          685    i.LTC6811_init_reg_limits  ltc6811.o
    0x080018b6   0x080018b6   0x00000008   Code   RO          688    i.LTC6811_pollAdc   ltc6811.o
    0x080018be   0x080018be   0x00000016   Code   RO          690    i.LTC6811_rdcfg     ltc6811.o
    0x080018d4   0x080018d4   0x0000001e   Code   RO          692    i.LTC6811_rdcv      ltc6811.o
    0x080018f2   0x080018f2   0x00000010   Code   RO          695    i.LTC6811_reset_crc_count  ltc6811.o
    0x08001902   0x08001902   0x00000010   Code   RO          710    i.LTC6811_wrcfg     ltc6811.o
    0x08001912   0x08001912   0x0000002e   Code   RO          976    i.LTC681x_adcv      ltc681x.o
    0x08001940   0x08001940   0x00000210   Code   RO          984    i.LTC681x_check_pec  ltc681x.o
    0x08001b50   0x08001b50   0x00000070   Code   RO          991    i.LTC681x_init_cfg  ltc681x.o
    0x08001bc0   0x08001bc0   0x0000006c   Code   RO          993    i.LTC681x_pollAdc   ltc681x.o
    0x08001c2c   0x08001c2c   0x000000b8   Code   RO          996    i.LTC681x_rdcfg     ltc681x.o
    0x08001ce4   0x08001ce4   0x000000f4   Code   RO          999    i.LTC681x_rdcv      ltc681x.o
    0x08001dd8   0x08001dd8   0x000000aa   Code   RO         1000    i.LTC681x_rdcv_reg  ltc681x.o
    0x08001e82   0x08001e82   0x0000007a   Code   RO         1004    i.LTC681x_reset_crc_count  ltc681x.o
    0x08001efc   0x08001efc   0x0000003c   Code   RO         1009    i.LTC681x_set_cfgr  ltc681x.o
    0x08001f38   0x08001f38   0x00000038   Code   RO         1010    i.LTC681x_set_cfgr_adcopt  ltc681x.o
    0x08001f70   0x08001f70   0x00000092   Code   RO         1011    i.LTC681x_set_cfgr_dis  ltc681x.o
    0x08002002   0x08002002   0x0000004e   Code   RO         1012    i.LTC681x_set_cfgr_gpio  ltc681x.o
    0x08002050   0x08002050   0x00000038   Code   RO         1014    i.LTC681x_set_cfgr_refon  ltc681x.o
    0x08002088   0x08002088   0x00000060   Code   RO         1019    i.LTC681x_wrcfg     ltc681x.o
    0x080020e8   0x080020e8   0x00000020   Code   RO         1828    i.RCC_AHB1PeriphClockCmd  stm32f4xx_rcc.o
    0x08002108   0x08002108   0x00000020   Code   RO         1837    i.RCC_APB1PeriphClockCmd  stm32f4xx_rcc.o
    0x08002128   0x08002128   0x00000020   Code   RO         1840    i.RCC_APB2PeriphClockCmd  stm32f4xx_rcc.o
    0x08002148   0x08002148   0x000001c8   Code   RO         1853    i.RCC_GetClocksFreq  stm32f4xx_rcc.o
    0x08002310   0x08002310   0x00000014   Code   RO         1634    i.SPI_CSHigh        spi.o
    0x08002324   0x08002324   0x00000014   Code   RO         1635    i.SPI_CSLow         spi.o
    0x08002338   0x08002338   0x00000018   Code   RO         2561    i.SPI_Cmd           stm32f4xx_spi.o
    0x08002350   0x08002350   0x0000003c   Code   RO         2574    i.SPI_Init          stm32f4xx_spi.o
    0x0800238c   0x0800238c   0x000000ac   Code   RO         1637    i.SPI_Init8         spi.o
    0x08002438   0x08002438   0x0000002c   Code   RO         1638    i.SPI_InitCS        spi.o
    0x08002464   0x08002464   0x00000068   Code   RO         1640    i.SPI_Read8         spi.o
    0x080024cc   0x080024cc   0x00000064   Code   RO         1642    i.SPI_Write8        spi.o
    0x08002530   0x08002530   0x0000001c   Code   RO         1644    i.SPI_WriteRead8    spi.o
    0x0800254c   0x0800254c   0x00000064   Code   RO         4128    i.SystemInit        system_stm32f4xx.o
    0x080025b0   0x080025b0   0x0000008c   Code   RO         1434    i.UART3_Init        uart.o
    0x0800263c   0x0800263c   0x0000002c   Code   RO         1437    i.UART3_Write       uart.o
    0x08002668   0x08002668   0x00000030   Code   RO         1438    i.USART1_IRQHandler  uart.o
    0x08002698   0x08002698   0x0000001e   Code   RO         3296    i.USART_ClearITPendingBit  stm32f4xx_usart.o
    0x080026b6   0x080026b6   0x00000018   Code   RO         3299    i.USART_Cmd         stm32f4xx_usart.o
    0x080026ce   0x080026ce   0x00000054   Code   RO         3303    i.USART_GetITStatus  stm32f4xx_usart.o
    0x08002722   0x08002722   0x0000004a   Code   RO         3305    i.USART_ITConfig    stm32f4xx_usart.o
    0x0800276c   0x0800276c   0x000000d4   Code   RO         3306    i.USART_Init        stm32f4xx_usart.o
    0x08002840   0x08002840   0x0000000c   Code   RO         3739    i.WWDG_ClearFlag    stm32f4xx_wwdg.o
    0x0800284c   0x0800284c   0x0000000c   Code   RO         1391    i.WWDG_IRQHandler   wdtimer.o
    0x08002858   0x08002858   0x00000030   Code   RO         4520    i.__ARM_fpclassify  m_wm.l(fpclassify.o)
    0x08002888   0x08002888   0x0000000e   Code   RO         4272    i._is_digit         c_w.l(__printf_wp.o)
    0x08002896   0x08002896   0x0000003c   Code   RO         1024    i.cmd_68            ltc681x.o
    0x080028d2   0x080028d2   0x00000002   PAD
    0x080028d4   0x080028d4   0x0000002c   Code   RO         1439    i.copyHardwareToSoftware  uart.o
    0x08002900   0x08002900   0x0000003c   Code   RO         1440    i.copySoftwareToHardware  uart.o
    0x0800293c   0x0800293c   0x0000002c   Code   RO         1026    i.delay_u           ltc681x.o
    0x08002968   0x08002968   0x00000010   Code   RO         1442    i.fputc             uart.o
    0x08002978   0x08002978   0x000000a4   Code   RO           10    i.main              main.o
    0x08002a1c   0x08002a1c   0x0000008a   Code   RO         1027    i.parse_cells       ltc681x.o
    0x08002aa6   0x08002aa6   0x00000002   PAD
    0x08002aa8   0x08002aa8   0x00000038   Code   RO         1028    i.pec15_calc        ltc681x.o
    0x08002ae0   0x08002ae0   0x00000088   Code   RO           11    i.printCells        main.o
    0x08002b68   0x08002b68   0x00000128   Code   RO           12    i.print_config      main.o
    0x08002c90   0x08002c90   0x000000ac   Code   RO         1029    i.read_68           ltc681x.o
    0x08002d3c   0x08002d3c   0x0000002a   Code   RO         1031    i.wakeup_sleep      ltc681x.o
    0x08002d66   0x08002d66   0x000000ae   Code   RO         1032    i.write_68          ltc681x.o
    0x08002e14   0x08002e14   0x0000002c   Code   RO         4501    locale$$code        c_w.l(lc_numeric_c.o)
    0x08002e40   0x08002e40   0x00000026   Code   RO         4319    x$fpl$dfltu         fz_wm.l(dflt_clz.o)
    0x08002e66   0x08002e66   0x00000002   PAD
    0x08002e68   0x08002e68   0x00000154   Code   RO         4325    x$fpl$dmul          fz_wm.l(dmul.o)
    0x08002fbc   0x08002fbc   0x0000009c   Code   RO         4421    x$fpl$dnaninf       fz_wm.l(dnaninf.o)
    0x08003058   0x08003058   0x0000000c   Code   RO         4423    x$fpl$dretinf       fz_wm.l(dretinf.o)
    0x08003064   0x08003064   0x0000000a   Code   RO         4516    x$fpl$fpinit        fz_wm.l(fpinit.o)
    0x0800306e   0x0800306e   0x00000004   Code   RO         4327    x$fpl$printf1       fz_wm.l(printf1.o)
    0x08003072   0x08003072   0x00000000   Code   RO         4425    x$fpl$usenofp       fz_wm.l(usenofp.o)
    0x08003072   0x08003072   0x00000002   PAD
    0x08003074   0x08003074   0x00000205   Data   RO         1033    .constdata          ltc681x.o
    0x08003279   0x08003279   0x00000028   Data   RO         4245    .constdata          c_w.l(_printf_hex_int.o)
    0x080032a1   0x080032a1   0x00000003   PAD
    0x080032a4   0x080032a4   0x00000094   Data   RO         4468    .constdata          c_w.l(bigflt0.o)
    0x08003338   0x08003338   0x00000020   Data   RO         4616    Region$$Table       anon$$obj.o
    0x08003358   0x08003358   0x0000001c   Data   RO         4500    locale$$data        c_w.l(lc_numeric_c.o)


    Execution Region RW_IRAM1 (Exec base: 0x20000000, Load base: 0x08003374, Size: 0x00000688, Max: 0x00050000, ABSOLUTE)

    Exec Addr    Load Addr    Size         Type   Attr      Idx    E Section Name        Object

    0x20000000   0x08003374   0x00000010   Data   RW         1443    .data               uart.o
    0x20000010   0x08003384   0x00000010   Data   RW         1888    .data               stm32f4xx_rcc.o
    0x20000020   0x08003394   0x00000004   Data   RW         4130    .data               system_stm32f4xx.o
    0x20000024        -       0x00000060   Zero   RW         4429    .bss                c_w.l(libspace.o)
    0x20000084   0x08003398   0x00000004   PAD
    0x20000088        -       0x00000200   Zero   RW         4118    HEAP                startup_stm32f413xx.o
    0x20000288        -       0x00000400   Zero   RW         4117    STACK               startup_stm32f413xx.o


==============================================================================

Image component sizes


      Code (inc. data)   RO Data    RW Data    ZI Data      Debug   Object Name

        20          6          0          0          0        468   contactor.o
        10          0          0          0          0       2231   fifo.o
       260          0          0          0          0       5239   ltc6811.o
      2692         42        517          0          0      19600   ltc681x.o
       596        158          0          0          0     285764   main.o
         0          0          0          0          0      19224   misc.o
       488         38          0          0          0       4592   spi.o
        64         26        472          0       1536        864   startup_stm32f413xx.o
       232          0          0          0          0      10763   stm32f4xx_gpio.o
       552         34          0         16          0      24251   stm32f4xx_rcc.o
        84          0          0          0          0      10185   stm32f4xx_spi.o
       424          8          0          0          0      10724   stm32f4xx_usart.o
        12          4          0          0          0        509   stm32f4xx_wwdg.o
       100         18          0          4          0       1347   system_stm32f4xx.o
       352         38          0         16          0       5331   uart.o
        12          0          0          0          0        470   wdtimer.o

    ----------------------------------------------------------------------
      5902        372       1021         36       1536     401562   Object Totals
         0          0         32          0          0          0   (incl. Generated)
         4          0          0          0          0          0   (incl. Padding)

    ----------------------------------------------------------------------

      Code (inc. data)   RO Data    RW Data    ZI Data      Debug   Library Member Name

         8          0          0          0          0         68   __main.o
       284          0          0          0          0        156   __printf_wp.o
         0          0          0          0          0          0   __rtentry.o
        12          0          0          0          0          0   __rtentry2.o
         6          0          0          0          0          0   __rtentry4.o
        52          8          0          0          0          0   __scatter.o
        26          0          0          0          0          0   __scatter_copy.o
        28          0          0          0          0          0   __scatter_zi.o
        48          6          0          0          0         96   _printf_char_common.o
        36          4          0          0          0         80   _printf_char_file.o
         6          0          0          0          0          0   _printf_d.o
       120         16          0          0          0         92   _printf_dec.o
         6          0          0          0          0          0   _printf_f.o
      1054          0          0          0          0        216   _printf_fp_dec.o
       128         16          0          0          0         84   _printf_fp_infnan.o
        88          4         40          0          0         88   _printf_hex_int.o
       178          0          0          0          0         88   _printf_intcommon.o
        78          0          0          0          0        108   _printf_pad.o
         0          0          0          0          0          0   _printf_percent.o
         4          0          0          0          0          0   _printf_percent_end.o
         6          0          0          0          0          0   _printf_x.o
       228          4        148          0          0         96   bigflt0.o
      1936        128          0          0          0        672   btod.o
        10          0          0          0          0         68   defsig_exit.o
        50          0          0          0          0         88   defsig_general.o
        80         58          0          0          0         76   defsig_rtmem_inner.o
        14          0          0          0          0         80   defsig_rtmem_outer.o
        18          0          0          0          0         80   exit.o
         8          0          0          0          0         68   ferror.o
        94          0          0          0          0         80   h1_alloc.o
        52          0          0          0          0         68   h1_extend.o
        78          0          0          0          0         80   h1_free.o
        14          0          0          0          0         84   h1_init.o
         6          0          0          0          0        152   heapauxi.o
         4          0          0          0          0        136   hguard.o
         0          0          0          0          0          0   indicate_semi.o
       138          0          0          0          0        168   init_alloc.o
        44         10         28          0          0         76   lc_numeric_c.o
         2          0          0          0          0          0   libinit.o
        30          0          0          0          0          0   libinit2.o
         2          0          0          0          0          0   libshutdown.o
         2          0          0          0          0          0   libshutdown2.o
         8          4          0          0         96         68   libspace.o
       138          0          0          0          0         80   lludiv10.o
         0          0          0          0          0          0   maybetermalloc1.o
        24          4          0          0          0         84   noretval__2printf.o
         8          4          0          0          0         68   rt_heap_descriptor_intlibspace.o
         8          4          0          0          0         68   rt_locale_intlibspace.o
         2          0          0          0          0          0   rtexit.o
        10          0          0          0          0          0   rtexit2.o
       128          0          0          0          0         68   strcmpv7m.o
        12          4          0          0          0         68   sys_exit.o
        74          0          0          0          0         80   sys_stackheap_outer.o
        14          0          0          0          0         76   sys_wrch.o
         2          0          0          0          0         68   use_no_semi.o
        38          0          0          0          0        116   dflt_clz.o
       340         12          0          0          0        152   dmul.o
       156          4          0          0          0        140   dnaninf.o
        12          0          0          0          0        116   dretinf.o
        10          0          0          0          0        116   fpinit.o
         4          0          0          0          0        116   printf1.o
         0          0          0          0          0          0   usenofp.o
        48          0          0          0          0        124   fpclassify.o

    ----------------------------------------------------------------------
      6030        290        219          0        100       4756   Library Totals
        16          0          3          0          4          0   (incl. Padding)

    ----------------------------------------------------------------------

      Code (inc. data)   RO Data    RW Data    ZI Data      Debug   Library Name

      5406        274        216          0         96       3876   c_w.l
       560         16          0          0          0        756   fz_wm.l
        48          0          0          0          0        124   m_wm.l

    ----------------------------------------------------------------------
      6030        290        219          0        100       4756   Library Totals

    ----------------------------------------------------------------------

==============================================================================


      Code (inc. data)   RO Data    RW Data    ZI Data      Debug   

     11932        662       1240         36       1636     397134   Grand Totals
     11932        662       1240         36       1636     397134   ELF Image Totals
     11932        662       1240         36          0          0   ROM Totals

==============================================================================

    Total RO  Size (Code + RO Data)                13172 (  12.86kB)
    Total RW  Size (RW Data + ZI Data)              1672 (   1.63kB)
    Total ROM Size (Code + RO Data + RW Data)      13208 (  12.90kB)

==============================================================================

