Component: ARM Compiler 5.06 update 6 (build 750) Tool: armlink [4d35ed]

==============================================================================

Section Cross References

    main.o(i._Z10initializev) refers to eeprom.o(i._Z11EEPROM_Initv) for EEPROM_Init()
    main.o(i._Z10initializev) refers to wdtimer.o(i._Z12WDTimer_Initv) for WDTimer_Init()
    main.o(i._Z12UARTTestmainv) refers to uart.o(i._Z10UART3_Initj) for UART3_Init(unsigned)
    main.o(i._Z12UARTTestmainv) refers to strlen.o(.text) for strlen
    main.o(i._Z12UARTTestmainv) refers to uart.o(i._Z11UART3_WritePcj) for UART3_Write(char*, unsigned)
    main.o(i._Z7LTCmainv) refers to ltc6811.o(i._Z12LTC6811_Initv) for LTC6811_Init()
    main.o(i._Z7LTCmainv) refers to uart.o(i._Z10UART3_Initj) for UART3_Init(unsigned)
    main.o(i._Z8Mainmainv) refers to main.o(i._Z10initializev) for initialize()
    main.o(i._Z8Mainmainv) refers to wdtimer.o(i._Z13WDTimer_Startv) for WDTimer_Start()
    main.o(i._Z8Mainmainv) refers to voltage.o(i._Z14Voltage_IsSafev) for Voltage_IsSafe()
    main.o(i._Z8Mainmainv) refers to current.o(i._Z14Current_IsSafev) for Current_IsSafe()
    main.o(i._Z8Mainmainv) refers to temperature.o(i._Z18Temperature_IsSafev) for Temperature_IsSafe()
    main.o(i._Z8Mainmainv) refers to voltage.o(i._Z26Voltage_UpdateMeasurementsv) for Voltage_UpdateMeasurements()
    main.o(i._Z8Mainmainv) refers to current.o(i._Z26Current_UpdateMeasurementsv) for Current_UpdateMeasurements()
    main.o(i._Z8Mainmainv) refers to temperature.o(i._Z30Temperature_UpdateMeasurementsv) for Temperature_UpdateMeasurements()
    main.o(i._Z8Mainmainv) refers to wdtimer.o(i._Z13WDTimer_Resetv) for WDTimer_Reset()
    main.o(.ARM.exidx) refers to main.o(i._Z10initializev) for i._Z10initializev
    main.o(.ARM.exidx) refers to main.o(i._Z8Mainmainv) for i._Z8Mainmainv
    main.o(.ARM.exidx) refers to main.o(i._Z7LTCmainv) for i._Z7LTCmainv
    main.o(.ARM.exidx) refers to main.o(i._Z12UARTTestmainv) for i._Z12UARTTestmainv
    current.o(i._Z12Current_Initt) refers to current.o(i._Z17Current_SetLimitst) for Current_SetLimits(unsigned short)
    current.o(i._Z14Current_IsSafev) refers to current.o(.data) for HighPrecisionCurrent
    current.o(i._Z17Current_SetLimitst) refers to current.o(.data) for MaxCurrentLimit
    current.o(i._Z27Current_LowPrecisionAmperesv) refers to current.o(.data) for LowPrecisionCurrent
    current.o(i._Z28Current_HighPrecisionAmperesv) refers to current.o(.data) for HighPrecisionCurrent
    current.o(.ARM.exidx) refers to current.o(i._Z17Current_SetLimitst) for i._Z17Current_SetLimitst
    current.o(.ARM.exidx) refers to current.o(i._Z12Current_Initt) for i._Z12Current_Initt
    current.o(.ARM.exidx) refers to current.o(i._Z26Current_UpdateMeasurementsv) for i._Z26Current_UpdateMeasurementsv
    current.o(.ARM.exidx) refers to current.o(i._Z14Current_IsSafev) for i._Z14Current_IsSafev
    current.o(.ARM.exidx) refers to current.o(i._Z28Current_HighPrecisionAmperesv) for i._Z28Current_HighPrecisionAmperesv
    current.o(.ARM.exidx) refers to current.o(i._Z27Current_LowPrecisionAmperesv) for i._Z27Current_LowPrecisionAmperesv
    voltage.o(i._Z12Voltage_Inittt) refers to voltage.o(i._Z17Voltage_SetLimitstt) for Voltage_SetLimits(unsigned short, unsigned short)
    voltage.o(i._Z14Voltage_IsSafev) refers to voltage.o(i._Z21Voltage_ModuleVoltaget) for Voltage_ModuleVoltage(unsigned short)
    voltage.o(i._Z14Voltage_IsSafev) refers to voltage.o(.data) for maxVoltageLimit
    voltage.o(i._Z17Voltage_SetLimitstt) refers to voltage.o(.data) for maxVoltageLimit
    voltage.o(i._Z21Voltage_ModuleVoltaget) refers to voltage.o(.data) for modules
    voltage.o(i._Z23Voltage_ModulesInDangerv) refers to voltage.o(i._Z21Voltage_ModuleVoltaget) for Voltage_ModuleVoltage(unsigned short)
    voltage.o(i._Z23Voltage_ModulesInDangerv) refers to h1_alloc.o(.text) for malloc
    voltage.o(i._Z23Voltage_ModulesInDangerv) refers to voltage.o(.data) for maxVoltageLimit
    voltage.o(i._Z24Voltage_TotalPackVoltagev) refers to voltage.o(.data) for modules
    voltage.o(i._Z26Voltage_UpdateMeasurementsv) refers to ltc6811.o(i._Z15LTC6811_Measurev) for LTC6811_Measure()
    voltage.o(i._Z26Voltage_UpdateMeasurementsv) refers to voltage.o(.data) for modules
    voltage.o(.ARM.exidx) refers to voltage.o(i._Z17Voltage_SetLimitstt) for i._Z17Voltage_SetLimitstt
    voltage.o(.ARM.exidx) refers to voltage.o(i._Z12Voltage_Inittt) for i._Z12Voltage_Inittt
    voltage.o(.ARM.exidx) refers to voltage.o(i._Z26Voltage_UpdateMeasurementsv) for i._Z26Voltage_UpdateMeasurementsv
    voltage.o(.ARM.exidx) refers to voltage.o(i._Z21Voltage_ModuleVoltaget) for i._Z21Voltage_ModuleVoltaget
    voltage.o(.ARM.exidx) refers to voltage.o(i._Z14Voltage_IsSafev) for i._Z14Voltage_IsSafev
    voltage.o(.ARM.exidx) refers to voltage.o(i._Z23Voltage_ModulesInDangerv) for i._Z23Voltage_ModulesInDangerv
[...]
    uart.o(.ARM.exidx) refers to uart.o(i._Z10UART3_Initj) for i._Z10UART3_Initj
    uart.o(.ARM.exidx) refers to uart.o(i._Z11UART3_WritePcj) for i._Z11UART3_WritePcj
    uart.o(.ARM.exidx) refers to uart.o(i._Z10UART3_ReadPcj) for i._Z10UART3_ReadPcj
    uart.o(.ARM.exidx) refers to uart.o(i._Z22copySoftwareToHardwarev) for i._Z22copySoftwareToHardwarev
    uart.o(.ARM.exidx) refers to uart.o(i._Z22copyHardwareToSoftwarev) for i._Z22copyHardwareToSoftwarev
    uart.o(.ARM.exidx) refers to uart.o(i._Z17USART1_IRQHandlerv) for i._Z17USART1_IRQHandlerv
    fifo.o(.ARM.exidx) refers to fifo.o(i._Z9FIFO_Initv) for i._Z9FIFO_Initv
    fifo.o(.ARM.exidx) refers to fifo.o(i._Z15FIFO_IsEmpty_Txv) for i._Z15FIFO_IsEmpty_Txv
    fifo.o(.ARM.exidx) refers to fifo.o(i._Z14FIFO_IsFull_Txv) for i._Z14FIFO_IsFull_Txv
    fifo.o(.ARM.exidx) refers to fifo.o(i._Z11FIFO_Get_Txv) for i._Z11FIFO_Get_Txv
    fifo.o(.ARM.exidx) refers to fifo.o(i._Z11FIFO_Put_Txh) for i._Z11FIFO_Put_Txh
    fifo.o(.ARM.exidx) refers to fifo.o(i._Z15FIFO_IsEmpty_Rxv) for i._Z15FIFO_IsEmpty_Rxv
    fifo.o(.ARM.exidx) refers to fifo.o(i._Z14FIFO_IsFull_Rxv) for i._Z14FIFO_IsFull_Rxv
    fifo.o(.ARM.exidx) refers to fifo.o(i._Z11FIFO_Get_Rxv) for i._Z11FIFO_Get_Rxv
    fifo.o(.ARM.exidx) refers to fifo.o(i._Z11FIFO_Put_Rxh) for i._Z11FIFO_Put_Rxh
    misc.o(.ARM.exidx) refers to misc.o(i.NVIC_PriorityGroupConfig) for i.NVIC_PriorityGroupConfig
    misc.o(.ARM.exidx) refers to misc.o(i.NVIC_Init) for i.NVIC_Init
    misc.o(.ARM.exidx) refers to misc.o(i.NVIC_SetVectorTable) for i.NVIC_SetVectorTable
    misc.o(.ARM.exidx) refers to misc.o(i.NVIC_SystemLPConfig) for i.NVIC_SystemLPConfig
    misc.o(.ARM.exidx) refers to misc.o(i.SysTick_CLKSourceConfig) for i.SysTick_CLKSourceConfig
    stm32f4xx_rcc.o(i.RCC_GetClocksFreq) refers to stm32f4xx_rcc.o(.data) for APBAHBPrescTable
    stm32f4xx_rcc.o(i.RCC_WaitForHSEStartUp) refers to stm32f4xx_rcc.o(i.RCC_GetFlagStatus) for RCC_GetFlagStatus
    stm32f4xx_rcc.o(.ARM.exidx) refers to stm32f4xx_rcc.o(i.RCC_DeInit) for i.RCC_DeInit
    stm32f4xx_rcc.o(.ARM.exidx) refers to stm32f4xx_rcc.o(i.RCC_HSEConfig) for i.RCC_HSEConfig
    stm32f4xx_rcc.o(.ARM.exidx) refers to stm32f4xx_rcc.o(i.RCC_GetFlagStatus) for i.RCC_GetFlagStatus
    stm32f4xx_rcc.o(.ARM.exidx) refers to stm32f4xx_rcc.o(i.RCC_WaitForHSEStartUp) for i.RCC_WaitForHSEStartUp
    stm32f4xx_rcc.o(.ARM.exidx) refers to stm32f4xx_rcc.o(i.RCC_AdjustHSICalibrationValue) for i.RCC_AdjustHSICalibrationValue
    stm32f4xx_rcc.o(.ARM.exidx) refers to stm32f4xx_rcc.o(i.RCC_HSICmd) for i.RCC_HSICmd
    stm32f4xx_rcc.o(.ARM.exidx) refers to stm32f4xx_rcc.o(i.RCC_LSEConfig) for i.RCC_LSEConfig
    stm32f4xx_rcc.o(.ARM.exidx) refers to stm32f4xx_rcc.o(i.RCC_LSICmd) for i.RCC_LSICmd
    stm32f4xx_rcc.o(.ARM.exidx) refers to stm32f4xx_rcc.o(i.RCC_PLLConfig) for i.RCC_PLLConfig
    stm32f4xx_rcc.o(.ARM.exidx) refers to stm32f4xx_rcc.o(i.RCC_PLLCmd) for i.RCC_PLLCmd
    stm32f4xx_rcc.o(.ARM.exidx) refers to stm32f4xx_rcc.o(i.RCC_PLLI2SConfig) for i.RCC_PLLI2SConfig
    stm32f4xx_rcc.o(.ARM.exidx) refers to stm32f4xx_rcc.o(i.RCC_PLLI2SCmd) for i.RCC_PLLI2SCmd
    stm32f4xx_rcc.o(.ARM.exidx) refers to stm32f4xx_rcc.o(i.RCC_PLLSAICmd) for i.RCC_PLLSAICmd
    stm32f4xx_rcc.o(.ARM.exidx) refers to stm32f4xx_rcc.o(i.RCC_ClockSecuritySystemCmd) for i.RCC_ClockSecuritySystemCmd
    stm32f4xx_rcc.o(.ARM.exidx) refers to stm32f4xx_rcc.o(i.RCC_MCO1Config) for i.RCC_MCO1Config
    stm32f4xx_rcc.o(.ARM.exidx) refers to stm32f4xx_rcc.o(i.RCC_MCO2Config) for i.RCC_MCO2Config
    stm32f4xx_rcc.o(.ARM.exidx) refers to stm32f4xx_rcc.o(i.RCC_SYSCLKConfig) for i.RCC_SYSCLKConfig
    stm32f4xx_rcc.o(.ARM.exidx) refers to stm32f4xx_rcc.o(i.RCC_GetSYSCLKSource) for i.RCC_GetSYSCLKSource
    stm32f4xx_rcc.o(.ARM.exidx) refers to stm32f4xx_rcc.o(i.RCC_HCLKConfig) for i.RCC_HCLKConfig
    stm32f4xx_rcc.o(.ARM.exidx) refers to stm32f4xx_rcc.o(i.RCC_PCLK1Config) for i.RCC_PCLK1Config
    stm32f4xx_rcc.o(.ARM.exidx) refers to stm32f4xx_rcc.o(i.RCC_PCLK2Config) for i.RCC_PCLK2Config
    stm32f4xx_rcc.o(.ARM.exidx) refers to stm32f4xx_rcc.o(i.RCC_GetClocksFreq) for i.RCC_GetClocksFreq
    stm32f4xx_rcc.o(.ARM.exidx) refers to stm32f4xx_rcc.o(i.RCC_RTCCLKConfig) for i.RCC_RTCCLKConfig
    stm32f4xx_rcc.o(.ARM.exidx) refers to stm32f4xx_rcc.o(i.RCC_RTCCLKCmd) for i.RCC_RTCCLKCmd
    stm32f4xx_rcc.o(.ARM.exidx) refers to stm32f4xx_rcc.o(i.RCC_BackupResetCmd) for i.RCC_BackupResetCmd
    stm32f4xx_rcc.o(.ARM.exidx) refers to stm32f4xx_rcc.o(i.RCC_I2SCLKConfig) for i.RCC_I2SCLKConfig
    stm32f4xx_rcc.o(.ARM.exidx) refers to stm32f4xx_rcc.o(i.RCC_SAIBlockACLKConfig) for i.RCC_SAIBlockACLKConfig
    stm32f4xx_rcc.o(.ARM.exidx) refers to stm32f4xx_rcc.o(i.RCC_SAIBlockBCLKConfig) for i.RCC_SAIBlockBCLKConfig
    stm32f4xx_rcc.o(.ARM.exidx) refers to stm32f4xx_rcc.o(i.RCC_SAIPLLI2SClkDivConfig) for i.RCC_SAIPLLI2SClkDivConfig
    stm32f4xx_rcc.o(.ARM.exidx) refers to stm32f4xx_rcc.o(i.RCC_SAIPLLSAIClkDivConfig) for i.RCC_SAIPLLSAIClkDivConfig
    stm32f4xx_rcc.o(.ARM.exidx) refers to stm32f4xx_rcc.o(i.RCC_SAIPLLI2SRClkDivConfig) for i.RCC_SAIPLLI2SRClkDivConfig
    stm32f4xx_rcc.o(.ARM.exidx) refers to stm32f4xx_rcc.o(i.RCC_SAIPLLRClkDivConfig) for i.RCC_SAIPLLRClkDivConfig
    stm32f4xx_rcc.o(.ARM.exidx) refers to stm32f4xx_rcc.o(i.RCC_LTDCCLKDivConfig) for i.RCC_LTDCCLKDivConfig
    stm32f4xx_rcc.o(.ARM.exidx) refers to stm32f4xx_rcc.o(i.RCC_DFSDMCLKConfig) for i.RCC_DFSDMCLKConfig
    stm32f4xx_rcc.o(.ARM.exidx) refers to stm32f4xx_rcc.o(i.RCC_DFSDM1ACLKConfig) for i.RCC_DFSDM1ACLKConfig
    stm32f4xx_rcc.o(.ARM.exidx) refers to stm32f4xx_rcc.o(i.RCC_DFSDM2ACLKConfig) for i.RCC_DFSDM2ACLKConfig
    stm32f4xx_rcc.o(.ARM.exidx) refers to stm32f4xx_rcc.o(i.RCC_TIMCLKPresConfig) for i.RCC_TIMCLKPresConfig
    stm32f4xx_rcc.o(.ARM.exidx) refers to stm32f4xx_rcc.o(i.RCC_AHB1PeriphClockCmd) for i.RCC_AHB1PeriphClockCmd
    stm32f4xx_rcc.o(.ARM.exidx) refers to stm32f4xx_rcc.o(i.RCC_AHB2PeriphClockCmd) for i.RCC_AHB2PeriphClockCmd
    stm32f4xx_rcc.o(.ARM.exidx) refers to stm32f4xx_rcc.o(i.RCC_AHB3PeriphClockCmd) for i.RCC_AHB3PeriphClockCmd
    stm32f4xx_rcc.o(.ARM.exidx) refers to stm32f4xx_rcc.o(i.RCC_APB1PeriphClockCmd) for i.RCC_APB1PeriphClockCmd
    stm32f4xx_rcc.o(.ARM.exidx) refers to stm32f4xx_rcc.o(i.RCC_APB2PeriphClockCmd) for i.RCC_APB2PeriphClockCmd
    stm32f4xx_rcc.o(.ARM.exidx) refers to stm32f4xx_rcc.o(i.RCC_AHB1PeriphResetCmd) for i.RCC_AHB1PeriphResetCmd
    stm32f4xx_rcc.o(.ARM.exidx) refers to stm32f4xx_rcc.o(i.RCC_AHB2PeriphResetCmd) for i.RCC_AHB2PeriphResetCmd
    stm32f4xx_rcc.o(.ARM.exidx) refers to stm32f4xx_rcc.o(i.RCC_AHB3PeriphResetCmd) for i.RCC_AHB3PeriphResetCmd
    stm32f4xx_rcc.o(.ARM.exidx) refers to stm32f4xx_rcc.o(i.RCC_APB1PeriphResetCmd) for i.RCC_APB1PeriphResetCmd
    stm32f4xx_rcc.o(.ARM.exidx) refers to stm32f4xx_rcc.o(i.RCC_APB2PeriphResetCmd) for i.RCC_APB2PeriphResetCmd
    stm32f4xx_rcc.o(.ARM.exidx) refers to stm32f4xx_rcc.o(i.RCC_AHB1PeriphClockLPModeCmd) for i.RCC_AHB1PeriphClockLPModeCmd
    stm32f4xx_rcc.o(.ARM.exidx) refers to stm32f4xx_rcc.o(i.RCC_AHB2PeriphClockLPModeCmd) for i.RCC_AHB2PeriphClockLPModeCmd
    stm32f4xx_rcc.o(.ARM.exidx) refers to stm32f4xx_rcc.o(i.RCC_AHB3PeriphClockLPModeCmd) for i.RCC_AHB3PeriphClockLPModeCmd
    stm32f4xx_rcc.o(.ARM.exidx) refers to stm32f4xx_rcc.o(i.RCC_APB1PeriphClockLPModeCmd) for i.RCC_APB1PeriphClockLPModeCmd
    stm32f4xx_rcc.o(.ARM.exidx) refers to stm32f4xx_rcc.o(i.RCC_APB2PeriphClockLPModeCmd) for i.RCC_APB2PeriphClockLPModeCmd
    stm32f4xx_rcc.o(.ARM.exidx) refers to stm32f4xx_rcc.o(i.RCC_LSEModeConfig) for i.RCC_LSEModeConfig
    stm32f4xx_rcc.o(.ARM.exidx) refers to stm32f4xx_rcc.o(i.RCC_LPTIM1ClockSourceConfig) for i.RCC_LPTIM1ClockSourceConfig
    stm32f4xx_rcc.o(.ARM.exidx) refers to stm32f4xx_rcc.o(i.RCC_48MHzClockSourceConfig) for i.RCC_48MHzClockSourceConfig
    stm32f4xx_rcc.o(.ARM.exidx) refers to stm32f4xx_rcc.o(i.RCC_SDIOClockSourceConfig) for i.RCC_SDIOClockSourceConfig
    stm32f4xx_rcc.o(.ARM.exidx) refers to stm32f4xx_rcc.o(i.RCC_FMPI2C1ClockSourceConfig) for i.RCC_FMPI2C1ClockSourceConfig
    stm32f4xx_rcc.o(.ARM.exidx) refers to stm32f4xx_rcc.o(i.RCC_ITConfig) for i.RCC_ITConfig
    stm32f4xx_rcc.o(.ARM.exidx) refers to stm32f4xx_rcc.o(i.RCC_ClearFlag) for i.RCC_ClearFlag
    stm32f4xx_rcc.o(.ARM.exidx) refers to stm32f4xx_rcc.o(i.RCC_GetITStatus) for i.RCC_GetITStatus
    stm32f4xx_rcc.o(.ARM.exidx) refers to stm32f4xx_rcc.o(i.RCC_ClearITPendingBit) for i.RCC_ClearITPendingBit
    stm32f4xx_i2c.o(i.I2C_DeInit) refers to stm32f4xx_rcc.o(i.RCC_APB1PeriphResetCmd) for RCC_APB1PeriphResetCmd
    stm32f4xx_i2c.o(i.I2C_Init) refers to stm32f4xx_rcc.o(i.RCC_GetClocksFreq) for RCC_GetClocksFreq
    stm32f4xx_i2c.o(.ARM.exidx) refers to stm32f4xx_i2c.o(i.I2C_DeInit) for i.I2C_DeInit
    stm32f4xx_i2c.o(.ARM.exidx) refers to stm32f4xx_i2c.o(i.I2C_Init) for i.I2C_Init
    stm32f4xx_i2c.o(.ARM.exidx) refers to stm32f4xx_i2c.o(i.I2C_StructInit) for i.I2C_StructInit
    stm32f4xx_i2c.o(.ARM.exidx) refers to stm32f4xx_i2c.o(i.I2C_Cmd) for i.I2C_Cmd
    stm32f4xx_i2c.o(.ARM.exidx) refers to stm32f4xx_i2c.o(i.I2C_AnalogFilterCmd) for i.I2C_AnalogFilterCmd
    stm32f4xx_i2c.o(.ARM.exidx) refers to stm32f4xx_i2c.o(i.I2C_DigitalFilterConfig) for i.I2C_DigitalFilterConfig
    stm32f4xx_i2c.o(.ARM.exidx) refers to stm32f4xx_i2c.o(i.I2C_GenerateSTART) for i.I2C_GenerateSTART
    stm32f4xx_i2c.o(.ARM.exidx) refers to stm32f4xx_i2c.o(i.I2C_GenerateSTOP) for i.I2C_GenerateSTOP
    stm32f4xx_i2c.o(.ARM.exidx) refers to stm32f4xx_i2c.o(i.I2C_Send7bitAddress) for i.I2C_Send7bitAddress
    stm32f4xx_i2c.o(.ARM.exidx) refers to stm32f4xx_i2c.o(i.I2C_AcknowledgeConfig) for i.I2C_AcknowledgeConfig
    stm32f4xx_i2c.o(.ARM.exidx) refers to stm32f4xx_i2c.o(i.I2C_OwnAddress2Config) for i.I2C_OwnAddress2Config
    stm32f4xx_i2c.o(.ARM.exidx) refers to stm32f4xx_i2c.o(i.I2C_DualAddressCmd) for i.I2C_DualAddressCmd
    stm32f4xx_i2c.o(.ARM.exidx) refers to stm32f4xx_i2c.o(i.I2C_GeneralCallCmd) for i.I2C_GeneralCallCmd
    stm32f4xx_i2c.o(.ARM.exidx) refers to stm32f4xx_i2c.o(i.I2C_SoftwareResetCmd) for i.I2C_SoftwareResetCmd
    stm32f4xx_i2c.o(.ARM.exidx) refers to stm32f4xx_i2c.o(i.I2C_StretchClockCmd) for i.I2C_StretchClockCmd
    stm32f4xx_i2c.o(.ARM.exidx) refers to stm32f4xx_i2c.o(i.I2C_FastModeDutyCycleConfig) for i.I2C_FastModeDutyCycleConfig
    stm32f4xx_i2c.o(.ARM.exidx) refers to stm32f4xx_i2c.o(i.I2C_NACKPositionConfig) for i.I2C_NACKPositionConfig
    stm32f4xx_i2c.o(.ARM.exidx) refers to stm32f4xx_i2c.o(i.I2C_SMBusAlertConfig) for i.I2C_SMBusAlertConfig
    stm32f4xx_i2c.o(.ARM.exidx) refers to stm32f4xx_i2c.o(i.I2C_ARPCmd) for i.I2C_ARPCmd
    stm32f4xx_i2c.o(.ARM.exidx) refers to stm32f4xx_i2c.o(i.I2C_SendData) for i.I2C_SendData
    stm32f4xx_i2c.o(.ARM.exidx) refers to stm32f4xx_i2c.o(i.I2C_ReceiveData) for i.I2C_ReceiveData
    stm32f4xx_i2c.o(.ARM.exidx) refers to stm32f4xx_i2c.o(i.I2C_TransmitPEC) for i.I2C_TransmitPEC
    stm32f4xx_i2c.o(.ARM.exidx) refers to stm32f4xx_i2c.o(i.I2C_PECPositionConfig) for i.I2C_PECPositionConfig
    stm32f4xx_i2c.o(.ARM.exidx) refers to stm32f4xx_i2c.o(i.I2C_CalculatePEC) for i.I2C_CalculatePEC
    stm32f4xx_i2c.o(.ARM.exidx) refers to stm32f4xx_i2c.o(i.I2C_GetPEC) for i.I2C_GetPEC
    stm32f4xx_i2c.o(.ARM.exidx) refers to stm32f4xx_i2c.o(i.I2C_DMACmd) for i.I2C_DMACmd
    stm32f4xx_i2c.o(.ARM.exidx) refers to stm32f4xx_i2c.o(i.I2C_DMALastTransferCmd) for i.I2C_DMALastTransferCmd
    stm32f4xx_i2c.o(.ARM.exidx) refers to stm32f4xx_i2c.o(i.I2C_ReadRegister) for i.I2C_ReadRegister
    stm32f4xx_i2c.o(.ARM.exidx) refers to stm32f4xx_i2c.o(i.I2C_ITConfig) for i.I2C_ITConfig
    stm32f4xx_i2c.o(.ARM.exidx) refers to stm32f4xx_i2c.o(i.I2C_CheckEvent) for i.I2C_CheckEvent
    stm32f4xx_i2c.o(.ARM.exidx) refers to stm32f4xx_i2c.o(i.I2C_GetLastEvent) for i.I2C_GetLastEvent
    stm32f4xx_i2c.o(.ARM.exidx) refers to stm32f4xx_i2c.o(i.I2C_GetFlagStatus) for i.I2C_GetFlagStatus
    stm32f4xx_i2c.o(.ARM.exidx) refers to stm32f4xx_i2c.o(i.I2C_ClearFlag) for i.I2C_ClearFlag
    stm32f4xx_i2c.o(.ARM.exidx) refers to stm32f4xx_i2c.o(i.I2C_GetITStatus) for i.I2C_GetITStatus
    stm32f4xx_i2c.o(.ARM.exidx) refers to stm32f4xx_i2c.o(i.I2C_ClearITPendingBit) for i.I2C_ClearITPendingBit
    stm32f4xx_gpio.o(i.GPIO_DeInit) refers to stm32f4xx_rcc.o(i.RCC_AHB1PeriphResetCmd) for RCC_AHB1PeriphResetCmd
    stm32f4xx_gpio.o(.ARM.exidx) refers to stm32f4xx_gpio.o(i.GPIO_DeInit) for i.GPIO_DeInit
    stm32f4xx_gpio.o(.ARM.exidx) refers to stm32f4xx_gpio.o(i.GPIO_Init) for i.GPIO_Init
    stm32f4xx_gpio.o(.ARM.exidx) refers to stm32f4xx_gpio.o(i.GPIO_StructInit) for i.GPIO_StructInit
    stm32f4xx_gpio.o(.ARM.exidx) refers to stm32f4xx_gpio.o(i.GPIO_PinLockConfig) for i.GPIO_PinLockConfig
    stm32f4xx_gpio.o(.ARM.exidx) refers to stm32f4xx_gpio.o(i.GPIO_ReadInputDataBit) for i.GPIO_ReadInputDataBit
    stm32f4xx_gpio.o(.ARM.exidx) refers to stm32f4xx_gpio.o(i.GPIO_ReadInputData) for i.GPIO_ReadInputData
    stm32f4xx_gpio.o(.ARM.exidx) refers to stm32f4xx_gpio.o(i.GPIO_ReadOutputDataBit) for i.GPIO_ReadOutputDataBit
    stm32f4xx_gpio.o(.ARM.exidx) refers to stm32f4xx_gpio.o(i.GPIO_ReadOutputData) for i.GPIO_ReadOutputData
    stm32f4xx_gpio.o(.ARM.exidx) refers to stm32f4xx_gpio.o(i.GPIO_SetBits) for i.GPIO_SetBits
    stm32f4xx_gpio.o(.ARM.exidx) refers to stm32f4xx_gpio.o(i.GPIO_ResetBits) for i.GPIO_ResetBits
    stm32f4xx_gpio.o(.ARM.exidx) refers to stm32f4xx_gpio.o(i.GPIO_WriteBit) for i.GPIO_WriteBit
    stm32f4xx_gpio.o(.ARM.exidx) refers to stm32f4xx_gpio.o(i.GPIO_Write) for i.GPIO_Write
    stm32f4xx_gpio.o(.ARM.exidx) refers to stm32f4xx_gpio.o(i.GPIO_ToggleBits) for i.GPIO_ToggleBits
    stm32f4xx_gpio.o(.ARM.exidx) refers to stm32f4xx_gpio.o(i.GPIO_PinAFConfig) for i.GPIO_PinAFConfig
    stm32f4xx_spi.o(i.SPI_I2S_DeInit) refers to stm32f4xx_rcc.o(i.RCC_APB2PeriphResetCmd) for RCC_APB2PeriphResetCmd
    stm32f4xx_spi.o(i.SPI_I2S_DeInit) refers to stm32f4xx_rcc.o(i.RCC_APB1PeriphResetCmd) for RCC_APB1PeriphResetCmd
    stm32f4xx_spi.o(.ARM.exidx) refers to stm32f4xx_spi.o(i.SPI_I2S_DeInit) for i.SPI_I2S_DeInit
    stm32f4xx_spi.o(.ARM.exidx) refers to stm32f4xx_spi.o(i.SPI_Init) for i.SPI_Init
    stm32f4xx_spi.o(.ARM.exidx) refers to stm32f4xx_spi.o(i.I2S_Init) for i.I2S_Init
    stm32f4xx_spi.o(.ARM.exidx) refers to stm32f4xx_spi.o(i.SPI_StructInit) for i.SPI_StructInit
    stm32f4xx_spi.o(.ARM.exidx) refers to stm32f4xx_spi.o(i.I2S_StructInit) for i.I2S_StructInit
    stm32f4xx_spi.o(.ARM.exidx) refers to stm32f4xx_spi.o(i.SPI_Cmd) for i.SPI_Cmd
    stm32f4xx_spi.o(.ARM.exidx) refers to stm32f4xx_spi.o(i.I2S_Cmd) for i.I2S_Cmd
    stm32f4xx_spi.o(.ARM.exidx) refers to stm32f4xx_spi.o(i.SPI_DataSizeConfig) for i.SPI_DataSizeConfig
    stm32f4xx_spi.o(.ARM.exidx) refers to stm32f4xx_spi.o(i.SPI_BiDirectionalLineConfig) for i.SPI_BiDirectionalLineConfig
    stm32f4xx_spi.o(.ARM.exidx) refers to stm32f4xx_spi.o(i.SPI_NSSInternalSoftwareConfig) for i.SPI_NSSInternalSoftwareConfig
    stm32f4xx_spi.o(.ARM.exidx) refers to stm32f4xx_spi.o(i.SPI_SSOutputCmd) for i.SPI_SSOutputCmd
    stm32f4xx_spi.o(.ARM.exidx) refers to stm32f4xx_spi.o(i.SPI_TIModeCmd) for i.SPI_TIModeCmd
    stm32f4xx_spi.o(.ARM.exidx) refers to stm32f4xx_spi.o(i.I2S_FullDuplexConfig) for i.I2S_FullDuplexConfig
    stm32f4xx_spi.o(.ARM.exidx) refers to stm32f4xx_spi.o(i.SPI_I2S_ReceiveData) for i.SPI_I2S_ReceiveData
    stm32f4xx_spi.o(.ARM.exidx) refers to stm32f4xx_spi.o(i.SPI_I2S_SendData) for i.SPI_I2S_SendData
    stm32f4xx_spi.o(.ARM.exidx) refers to stm32f4xx_spi.o(i.SPI_CalculateCRC) for i.SPI_CalculateCRC
    stm32f4xx_spi.o(.ARM.exidx) refers to stm32f4xx_spi.o(i.SPI_TransmitCRC) for i.SPI_TransmitCRC
    stm32f4xx_spi.o(.ARM.exidx) refers to stm32f4xx_spi.o(i.SPI_GetCRC) for i.SPI_GetCRC
    stm32f4xx_spi.o(.ARM.exidx) refers to stm32f4xx_spi.o(i.SPI_GetCRCPolynomial) for i.SPI_GetCRCPolynomial
    stm32f4xx_spi.o(.ARM.exidx) refers to stm32f4xx_spi.o(i.SPI_I2S_DMACmd) for i.SPI_I2S_DMACmd
    stm32f4xx_spi.o(.ARM.exidx) refers to stm32f4xx_spi.o(i.SPI_I2S_ITConfig) for i.SPI_I2S_ITConfig
    stm32f4xx_spi.o(.ARM.exidx) refers to stm32f4xx_spi.o(i.SPI_I2S_GetFlagStatus) for i.SPI_I2S_GetFlagStatus
    stm32f4xx_spi.o(.ARM.exidx) refers to stm32f4xx_spi.o(i.SPI_I2S_ClearFlag) for i.SPI_I2S_ClearFlag
    stm32f4xx_spi.o(.ARM.exidx) refers to stm32f4xx_spi.o(i.SPI_I2S_GetITStatus) for i.SPI_I2S_GetITStatus
    stm32f4xx_spi.o(.ARM.exidx) refers to stm32f4xx_spi.o(i.SPI_I2S_ClearITPendingBit) for i.SPI_I2S_ClearITPendingBit
    stm32f4xx_tim.o(i.TIM_DeInit) refers to stm32f4xx_rcc.o(i.RCC_APB2PeriphResetCmd) for RCC_APB2PeriphResetCmd
    stm32f4xx_tim.o(i.TIM_DeInit) refers to stm32f4xx_rcc.o(i.RCC_APB1PeriphResetCmd) for RCC_APB1PeriphResetCmd
    stm32f4xx_tim.o(i.TIM_ETRClockMode1Config) refers to stm32f4xx_tim.o(i.TIM_ETRConfig) for TIM_ETRConfig
    stm32f4xx_tim.o(i.TIM_ETRClockMode2Config) refers to stm32f4xx_tim.o(i.TIM_ETRConfig) for TIM_ETRConfig
    stm32f4xx_tim.o(i.TIM_ICInit) refers to stm32f4xx_tim.o(i._ZN37_INTERNAL_15_stm32f4xx_tim_c_c458916b10TI1_ConfigEP11TIM_TypeDefttt) for [local to stm32f4xx_tim_c]::TI1_Config(TIM_TypeDef*, unsigned short, unsigned short, unsigned short)
    stm32f4xx_tim.o(i.TIM_ICInit) refers to stm32f4xx_tim.o(i.TIM_SetIC1Prescaler) for TIM_SetIC1Prescaler
    stm32f4xx_tim.o(i.TIM_ICInit) refers to stm32f4xx_tim.o(i._ZN37_INTERNAL_15_stm32f4xx_tim_c_c458916b10TI2_ConfigEP11TIM_TypeDefttt) for [local to stm32f4xx_tim_c]::TI2_Config(TIM_TypeDef*, unsigned short, unsigned short, unsigned short)
    stm32f4xx_tim.o(i.TIM_ICInit) refers to stm32f4xx_tim.o(i.TIM_SetIC2Prescaler) for TIM_SetIC2Prescaler
    stm32f4xx_tim.o(i.TIM_ICInit) refers to stm32f4xx_tim.o(i._ZN37_INTERNAL_15_stm32f4xx_tim_c_c458916b10TI3_ConfigEP11TIM_TypeDefttt) for [local to stm32f4xx_tim_c]::TI3_Config(TIM_TypeDef*, unsigned short, unsigned short, unsigned short)
    stm32f4xx_tim.o(i.TIM_ICInit) refers to stm32f4xx_tim.o(i.TIM_SetIC3Prescaler) for TIM_SetIC3Prescaler
    stm32f4xx_tim.o(i.TIM_ICInit) refers to stm32f4xx_tim.o(i._ZN37_INTERNAL_15_stm32f4xx_tim_c_c458916b10TI4_ConfigEP11TIM_TypeDefttt) for [local to stm32f4xx_tim_c]::TI4_Config(TIM_TypeDef*, unsigned short, unsigned short, unsigned short)
    stm32f4xx_tim.o(i.TIM_ICInit) refers to stm32f4xx_tim.o(i.TIM_SetIC4Prescaler) for TIM_SetIC4Prescaler
    stm32f4xx_tim.o(i.TIM_ITRxExternalClockConfig) refers to stm32f4xx_tim.o(i.TIM_SelectInputTrigger) for TIM_SelectInputTrigger
    stm32f4xx_tim.o(i.TIM_PWMIConfig) refers to stm32f4xx_tim.o(i._ZN37_INTERNAL_15_stm32f4xx_tim_c_c458916b10TI1_ConfigEP11TIM_TypeDefttt) for [local to stm32f4xx_tim_c]::TI1_Config(TIM_TypeDef*, unsigned short, unsigned short, unsigned short)
    stm32f4xx_tim.o(i.TIM_PWMIConfig) refers to stm32f4xx_tim.o(i.TIM_SetIC1Prescaler) for TIM_SetIC1Prescaler
    stm32f4xx_tim.o(i.TIM_PWMIConfig) refers to stm32f4xx_tim.o(i._ZN37_INTERNAL_15_stm32f4xx_tim_c_c458916b10TI2_ConfigEP11TIM_TypeDefttt) for [local to stm32f4xx_tim_c]::TI2_Config(TIM_TypeDef*, unsigned short, unsigned short, unsigned short)
    stm32f4xx_tim.o(i.TIM_PWMIConfig) refers to stm32f4xx_tim.o(i.TIM_SetIC2Prescaler) for TIM_SetIC2Prescaler
    stm32f4xx_tim.o(i.TIM_TIxExternalClockConfig) refers to stm32f4xx_tim.o(i._ZN37_INTERNAL_15_stm32f4xx_tim_c_c458916b10TI2_ConfigEP11TIM_TypeDefttt) for [local to stm32f4xx_tim_c]::TI2_Config(TIM_TypeDef*, unsigned short, unsigned short, unsigned short)
    stm32f4xx_tim.o(i.TIM_TIxExternalClockConfig) refers to stm32f4xx_tim.o(i._ZN37_INTERNAL_15_stm32f4xx_tim_c_c458916b10TI1_ConfigEP11TIM_TypeDefttt) for [local to stm32f4xx_tim_c]::TI1_Config(TIM_TypeDef*, unsigned short, unsigned short, unsigned short)
    stm32f4xx_tim.o(i.TIM_TIxExternalClockConfig) refers to stm32f4xx_tim.o(i.TIM_SelectInputTrigger) for TIM_SelectInputTrigger
    stm32f4xx_tim.o(.ARM.exidx) refers to stm32f4xx_tim.o(i.TIM_DeInit) for i.TIM_DeInit
    stm32f4xx_tim.o(.ARM.exidx) refers to stm32f4xx_tim.o(i.TIM_TimeBaseInit) for i.TIM_TimeBaseInit
    stm32f4xx_tim.o(.ARM.exidx) refers to stm32f4xx_tim.o(i.TIM_TimeBaseStructInit) for i.TIM_TimeBaseStructInit
    stm32f4xx_tim.o(.ARM.exidx) refers to stm32f4xx_tim.o(i.TIM_PrescalerConfig) for i.TIM_PrescalerConfig
    stm32f4xx_tim.o(.ARM.exidx) refers to stm32f4xx_tim.o(i.TIM_CounterModeConfig) for i.TIM_CounterModeConfig
    stm32f4xx_tim.o(.ARM.exidx) refers to stm32f4xx_tim.o(i.TIM_SetCounter) for i.TIM_SetCounter
    stm32f4xx_tim.o(.ARM.exidx) refers to stm32f4xx_tim.o(i.TIM_SetAutoreload) for i.TIM_SetAutoreload
    stm32f4xx_tim.o(.ARM.exidx) refers to stm32f4xx_tim.o(i.TIM_GetCounter) for i.TIM_GetCounter
    stm32f4xx_tim.o(.ARM.exidx) refers to stm32f4xx_tim.o(i.TIM_GetPrescaler) for i.TIM_GetPrescaler
    stm32f4xx_tim.o(.ARM.exidx) refers to stm32f4xx_tim.o(i.TIM_UpdateDisableConfig) for i.TIM_UpdateDisableConfig
    stm32f4xx_tim.o(.ARM.exidx) refers to stm32f4xx_tim.o(i.TIM_UpdateRequestConfig) for i.TIM_UpdateRequestConfig
    stm32f4xx_tim.o(.ARM.exidx) refers to stm32f4xx_tim.o(i.TIM_ARRPreloadConfig) for i.TIM_ARRPreloadConfig
    stm32f4xx_tim.o(.ARM.exidx) refers to stm32f4xx_tim.o(i.TIM_SelectOnePulseMode) for i.TIM_SelectOnePulseMode
    stm32f4xx_tim.o(.ARM.exidx) refers to stm32f4xx_tim.o(i.TIM_SetClockDivision) for i.TIM_SetClockDivision
    stm32f4xx_tim.o(.ARM.exidx) refers to stm32f4xx_tim.o(i.TIM_Cmd) for i.TIM_Cmd
    stm32f4xx_tim.o(.ARM.exidx) refers to stm32f4xx_tim.o(i.TIM_OC1Init) for i.TIM_OC1Init
    stm32f4xx_tim.o(.ARM.exidx) refers to stm32f4xx_tim.o(i.TIM_OC2Init) for i.TIM_OC2Init
    stm32f4xx_tim.o(.ARM.exidx) refers to stm32f4xx_tim.o(i.TIM_OC3Init) for i.TIM_OC3Init
    stm32f4xx_tim.o(.ARM.exidx) refers to stm32f4xx_tim.o(i.TIM_OC4Init) for i.TIM_OC4Init
    stm32f4xx_tim.o(.ARM.exidx) refers to stm32f4xx_tim.o(i.TIM_OCStructInit) for i.TIM_OCStructInit
    stm32f4xx_tim.o(.ARM.exidx) refers to stm32f4xx_tim.o(i.TIM_SelectOCxM) for i.TIM_SelectOCxM
    stm32f4xx_tim.o(.ARM.exidx) refers to stm32f4xx_tim.o(i.TIM_SetCompare1) for i.TIM_SetCompare1
    stm32f4xx_tim.o(.ARM.exidx) refers to stm32f4xx_tim.o(i.TIM_SetCompare2) for i.TIM_SetCompare2
    stm32f4xx_tim.o(.ARM.exidx) refers to stm32f4xx_tim.o(i.TIM_SetCompare3) for i.TIM_SetCompare3
    stm32f4xx_tim.o(.ARM.exidx) refers to stm32f4xx_tim.o(i.TIM_SetCompare4) for i.TIM_SetCompare4
    stm32f4xx_tim.o(.ARM.exidx) refers to stm32f4xx_tim.o(i.TIM_ForcedOC1Config) for i.TIM_ForcedOC1Config
    stm32f4xx_tim.o(.ARM.exidx) refers to stm32f4xx_tim.o(i.TIM_ForcedOC2Config) for i.TIM_ForcedOC2Config
    stm32f4xx_tim.o(.ARM.exidx) refers to stm32f4xx_tim.o(i.TIM_ForcedOC3Config) for i.TIM_ForcedOC3Config
    stm32f4xx_tim.o(.ARM.exidx) refers to stm32f4xx_tim.o(i.TIM_ForcedOC4Config) for i.TIM_ForcedOC4Config
    stm32f4xx_tim.o(.ARM.exidx) refers to stm32f4xx_tim.o(i.TIM_OC1PreloadConfig) for i.TIM_OC1PreloadConfig
    stm32f4xx_tim.o(.ARM.exidx) refers to stm32f4xx_tim.o(i.TIM_OC2PreloadConfig) for i.TIM_OC2PreloadConfig
    stm32f4xx_tim.o(.ARM.exidx) refers to stm32f4xx_tim.o(i.TIM_OC3PreloadConfig) for i.TIM_OC3PreloadConfig
    stm32f4xx_tim.o(.ARM.exidx) refers to stm32f4xx_tim.o(i.TIM_OC4PreloadConfig) for i.TIM_OC4PreloadConfig
    stm32f4xx_tim.o(.ARM.exidx) refers to stm32f4xx_tim.o(i.TIM_OC1FastConfig) for i.TIM_OC1FastConfig
    stm32f4xx_tim.o(.ARM.exidx) refers to stm32f4xx_tim.o(i.TIM_OC2FastConfig) for i.TIM_OC2FastConfig
    stm32f4xx_tim.o(.ARM.exidx) refers to stm32f4xx_tim.o(i.TIM_OC3FastConfig) for i.TIM_OC3FastConfig
    stm32f4xx_tim.o(.ARM.exidx) refers to stm32f4xx_tim.o(i.TIM_OC4FastConfig) for i.TIM_OC4FastConfig
    stm32f4xx_tim.o(.ARM.exidx) refers to stm32f4xx_tim.o(i.TIM_ClearOC1Ref) for i.TIM_ClearOC1Ref
    stm32f4xx_tim.o(.ARM.exidx) refers to stm32f4xx_tim.o(i.TIM_ClearOC2Ref) for i.TIM_ClearOC2Ref
    stm32f4xx_tim.o(.ARM.exidx) refers to stm32f4xx_tim.o(i.TIM_ClearOC3Ref) for i.TIM_ClearOC3Ref
    stm32f4xx_tim.o(.ARM.exidx) refers to stm32f4xx_tim.o(i.TIM_ClearOC4Ref) for i.TIM_ClearOC4Ref
    stm32f4xx_tim.o(.ARM.exidx) refers to stm32f4xx_tim.o(i.TIM_OC1PolarityConfig) for i.TIM_OC1PolarityConfig
    stm32f4xx_tim.o(.ARM.exidx) refers to stm32f4xx_tim.o(i.TIM_OC1NPolarityConfig) for i.TIM_OC1NPolarityConfig
    stm32f4xx_tim.o(.ARM.exidx) refers to stm32f4xx_tim.o(i.TIM_OC2PolarityConfig) for i.TIM_OC2PolarityConfig
    stm32f4xx_tim.o(.ARM.exidx) refers to stm32f4xx_tim.o(i.TIM_OC2NPolarityConfig) for i.TIM_OC2NPolarityConfig
    stm32f4xx_tim.o(.ARM.exidx) refers to stm32f4xx_tim.o(i.TIM_OC3PolarityConfig) for i.TIM_OC3PolarityConfig
    stm32f4xx_tim.o(.ARM.exidx) refers to stm32f4xx_tim.o(i.TIM_OC3NPolarityConfig) for i.TIM_OC3NPolarityConfig
    stm32f4xx_tim.o(.ARM.exidx) refers to stm32f4xx_tim.o(i.TIM_OC4PolarityConfig) for i.TIM_OC4PolarityConfig
    stm32f4xx_tim.o(.ARM.exidx) refers to stm32f4xx_tim.o(i.TIM_CCxCmd) for i.TIM_CCxCmd
    stm32f4xx_tim.o(.ARM.exidx) refers to stm32f4xx_tim.o(i.TIM_CCxNCmd) for i.TIM_CCxNCmd
    stm32f4xx_tim.o(.ARM.exidx) refers to stm32f4xx_tim.o(i.TIM_SetIC4Prescaler) for i.TIM_SetIC4Prescaler
    stm32f4xx_tim.o(.ARM.exidx) refers to stm32f4xx_tim.o(i._ZN37_INTERNAL_15_stm32f4xx_tim_c_c458916b10TI4_ConfigEP11TIM_TypeDefttt) for i._ZN37_INTERNAL_15_stm32f4xx_tim_c_c458916b10TI4_ConfigEP11TIM_TypeDefttt
    stm32f4xx_tim.o(.ARM.exidx) refers to stm32f4xx_tim.o(i.TIM_SetIC3Prescaler) for i.TIM_SetIC3Prescaler
    stm32f4xx_tim.o(.ARM.exidx) refers to stm32f4xx_tim.o(i._ZN37_INTERNAL_15_stm32f4xx_tim_c_c458916b10TI3_ConfigEP11TIM_TypeDefttt) for i._ZN37_INTERNAL_15_stm32f4xx_tim_c_c458916b10TI3_ConfigEP11TIM_TypeDefttt
    stm32f4xx_tim.o(.ARM.exidx) refers to stm32f4xx_tim.o(i.TIM_SetIC2Prescaler) for i.TIM_SetIC2Prescaler
    stm32f4xx_tim.o(.ARM.exidx) refers to stm32f4xx_tim.o(i._ZN37_INTERNAL_15_stm32f4xx_tim_c_c458916b10TI2_ConfigEP11TIM_TypeDefttt) for i._ZN37_INTERNAL_15_stm32f4xx_tim_c_c458916b10TI2_ConfigEP11TIM_TypeDefttt
    stm32f4xx_tim.o(.ARM.exidx) refers to stm32f4xx_tim.o(i.TIM_SetIC1Prescaler) for i.TIM_SetIC1Prescaler
    stm32f4xx_tim.o(.ARM.exidx) refers to stm32f4xx_tim.o(i._ZN37_INTERNAL_15_stm32f4xx_tim_c_c458916b10TI1_ConfigEP11TIM_TypeDefttt) for i._ZN37_INTERNAL_15_stm32f4xx_tim_c_c458916b10TI1_ConfigEP11TIM_TypeDefttt
    stm32f4xx_tim.o(.ARM.exidx) refers to stm32f4xx_tim.o(i.TIM_ICInit) for i.TIM_ICInit
    stm32f4xx_tim.o(.ARM.exidx) refers to stm32f4xx_tim.o(i.TIM_ICStructInit) for i.TIM_ICStructInit
    stm32f4xx_tim.o(.ARM.exidx) refers to stm32f4xx_tim.o(i.TIM_PWMIConfig) for i.TIM_PWMIConfig
    stm32f4xx_tim.o(.ARM.exidx) refers to stm32f4xx_tim.o(i.TIM_GetCapture1) for i.TIM_GetCapture1
    stm32f4xx_tim.o(.ARM.exidx) refers to stm32f4xx_tim.o(i.TIM_GetCapture2) for i.TIM_GetCapture2
    stm32f4xx_tim.o(.ARM.exidx) refers to stm32f4xx_tim.o(i.TIM_GetCapture3) for i.TIM_GetCapture3
    stm32f4xx_tim.o(.ARM.exidx) refers to stm32f4xx_tim.o(i.TIM_GetCapture4) for i.TIM_GetCapture4
    stm32f4xx_tim.o(.ARM.exidx) refers to stm32f4xx_tim.o(i.TIM_BDTRConfig) for i.TIM_BDTRConfig
    stm32f4xx_tim.o(.ARM.exidx) refers to stm32f4xx_tim.o(i.TIM_BDTRStructInit) for i.TIM_BDTRStructInit
    stm32f4xx_tim.o(.ARM.exidx) refers to stm32f4xx_tim.o(i.TIM_CtrlPWMOutputs) for i.TIM_CtrlPWMOutputs
    stm32f4xx_tim.o(.ARM.exidx) refers to stm32f4xx_tim.o(i.TIM_SelectCOM) for i.TIM_SelectCOM
    stm32f4xx_tim.o(.ARM.exidx) refers to stm32f4xx_tim.o(i.TIM_CCPreloadControl) for i.TIM_CCPreloadControl
    stm32f4xx_tim.o(.ARM.exidx) refers to stm32f4xx_tim.o(i.TIM_ITConfig) for i.TIM_ITConfig
    stm32f4xx_tim.o(.ARM.exidx) refers to stm32f4xx_tim.o(i.TIM_GenerateEvent) for i.TIM_GenerateEvent
    stm32f4xx_tim.o(.ARM.exidx) refers to stm32f4xx_tim.o(i.TIM_GetFlagStatus) for i.TIM_GetFlagStatus
    stm32f4xx_tim.o(.ARM.exidx) refers to stm32f4xx_tim.o(i.TIM_ClearFlag) for i.TIM_ClearFlag
    stm32f4xx_tim.o(.ARM.exidx) refers to stm32f4xx_tim.o(i.TIM_GetITStatus) for i.TIM_GetITStatus
    stm32f4xx_tim.o(.ARM.exidx) refers to stm32f4xx_tim.o(i.TIM_ClearITPendingBit) for i.TIM_ClearITPendingBit
    stm32f4xx_tim.o(.ARM.exidx) refers to stm32f4xx_tim.o(i.TIM_DMAConfig) for i.TIM_DMAConfig
    stm32f4xx_tim.o(.ARM.exidx) refers to stm32f4xx_tim.o(i.TIM_DMACmd) for i.TIM_DMACmd
    stm32f4xx_tim.o(.ARM.exidx) refers to stm32f4xx_tim.o(i.TIM_SelectCCDMA) for i.TIM_SelectCCDMA
    stm32f4xx_tim.o(.ARM.exidx) refers to stm32f4xx_tim.o(i.TIM_InternalClockConfig) for i.TIM_InternalClockConfig
    stm32f4xx_tim.o(.ARM.exidx) refers to stm32f4xx_tim.o(i.TIM_SelectInputTrigger) for i.TIM_SelectInputTrigger
    stm32f4xx_tim.o(.ARM.exidx) refers to stm32f4xx_tim.o(i.TIM_ITRxExternalClockConfig) for i.TIM_ITRxExternalClockConfig
    stm32f4xx_tim.o(.ARM.exidx) refers to stm32f4xx_tim.o(i.TIM_TIxExternalClockConfig) for i.TIM_TIxExternalClockConfig
    stm32f4xx_tim.o(.ARM.exidx) refers to stm32f4xx_tim.o(i.TIM_ETRConfig) for i.TIM_ETRConfig
    stm32f4xx_tim.o(.ARM.exidx) refers to stm32f4xx_tim.o(i.TIM_ETRClockMode1Config) for i.TIM_ETRClockMode1Config
    stm32f4xx_tim.o(.ARM.exidx) refers to stm32f4xx_tim.o(i.TIM_ETRClockMode2Config) for i.TIM_ETRClockMode2Config
    stm32f4xx_tim.o(.ARM.exidx) refers to stm32f4xx_tim.o(i.TIM_SelectOutputTrigger) for i.TIM_SelectOutputTrigger
    stm32f4xx_tim.o(.ARM.exidx) refers to stm32f4xx_tim.o(i.TIM_SelectSlaveMode) for i.TIM_SelectSlaveMode
    stm32f4xx_tim.o(.ARM.exidx) refers to stm32f4xx_tim.o(i.TIM_SelectMasterSlaveMode) for i.TIM_SelectMasterSlaveMode
    stm32f4xx_tim.o(.ARM.exidx) refers to stm32f4xx_tim.o(i.TIM_EncoderInterfaceConfig) for i.TIM_EncoderInterfaceConfig
    stm32f4xx_tim.o(.ARM.exidx) refers to stm32f4xx_tim.o(i.TIM_SelectHallSensor) for i.TIM_SelectHallSensor
    stm32f4xx_tim.o(.ARM.exidx) refers to stm32f4xx_tim.o(i.TIM_RemapConfig) for i.TIM_RemapConfig
    stm32f4xx_usart.o(i.USART_DeInit) refers to stm32f4xx_rcc.o(i.RCC_APB2PeriphResetCmd) for RCC_APB2PeriphResetCmd
    stm32f4xx_usart.o(i.USART_DeInit) refers to stm32f4xx_rcc.o(i.RCC_APB1PeriphResetCmd) for RCC_APB1PeriphResetCmd
    stm32f4xx_usart.o(i.USART_Init) refers to stm32f4xx_rcc.o(i.RCC_GetClocksFreq) for RCC_GetClocksFreq
    stm32f4xx_usart.o(.ARM.exidx) refers to stm32f4xx_usart.o(i.USART_DeInit) for i.USART_DeInit
    stm32f4xx_usart.o(.ARM.exidx) refers to stm32f4xx_usart.o(i.USART_Init) for i.USART_Init
    stm32f4xx_usart.o(.ARM.exidx) refers to stm32f4xx_usart.o(i.USART_StructInit) for i.USART_StructInit
    stm32f4xx_usart.o(.ARM.exidx) refers to stm32f4xx_usart.o(i.USART_ClockInit) for i.USART_ClockInit
    stm32f4xx_usart.o(.ARM.exidx) refers to stm32f4xx_usart.o(i.USART_ClockStructInit) for i.USART_ClockStructInit
    stm32f4xx_usart.o(.ARM.exidx) refers to stm32f4xx_usart.o(i.USART_Cmd) for i.USART_Cmd
    stm32f4xx_usart.o(.ARM.exidx) refers to stm32f4xx_usart.o(i.USART_SetPrescaler) for i.USART_SetPrescaler
    stm32f4xx_usart.o(.ARM.exidx) refers to stm32f4xx_usart.o(i.USART_OverSampling8Cmd) for i.USART_OverSampling8Cmd
    stm32f4xx_usart.o(.ARM.exidx) refers to stm32f4xx_usart.o(i.USART_OneBitMethodCmd) for i.USART_OneBitMethodCmd
    stm32f4xx_usart.o(.ARM.exidx) refers to stm32f4xx_usart.o(i.USART_SendData) for i.USART_SendData
    stm32f4xx_usart.o(.ARM.exidx) refers to stm32f4xx_usart.o(i.USART_ReceiveData) for i.USART_ReceiveData
    stm32f4xx_usart.o(.ARM.exidx) refers to stm32f4xx_usart.o(i.USART_SetAddress) for i.USART_SetAddress
    stm32f4xx_usart.o(.ARM.exidx) refers to stm32f4xx_usart.o(i.USART_ReceiverWakeUpCmd) for i.USART_ReceiverWakeUpCmd
    stm32f4xx_usart.o(.ARM.exidx) refers to stm32f4xx_usart.o(i.USART_WakeUpConfig) for i.USART_WakeUpConfig
    stm32f4xx_usart.o(.ARM.exidx) refers to stm32f4xx_usart.o(i.USART_LINBreakDetectLengthConfig) for i.USART_LINBreakDetectLengthConfig
    stm32f4xx_usart.o(.ARM.exidx) refers to stm32f4xx_usart.o(i.USART_LINCmd) for i.USART_LINCmd
    stm32f4xx_usart.o(.ARM.exidx) refers to stm32f4xx_usart.o(i.USART_SendBreak) for i.USART_SendBreak
    stm32f4xx_usart.o(.ARM.exidx) refers to stm32f4xx_usart.o(i.USART_HalfDuplexCmd) for i.USART_HalfDuplexCmd
    stm32f4xx_usart.o(.ARM.exidx) refers to stm32f4xx_usart.o(i.USART_SetGuardTime) for i.USART_SetGuardTime
    stm32f4xx_usart.o(.ARM.exidx) refers to stm32f4xx_usart.o(i.USART_SmartCardCmd) for i.USART_SmartCardCmd
    stm32f4xx_usart.o(.ARM.exidx) refers to stm32f4xx_usart.o(i.USART_SmartCardNACKCmd) for i.USART_SmartCardNACKCmd
    stm32f4xx_usart.o(.ARM.exidx) refers to stm32f4xx_usart.o(i.USART_IrDAConfig) for i.USART_IrDAConfig
    stm32f4xx_usart.o(.ARM.exidx) refers to stm32f4xx_usart.o(i.USART_IrDACmd) for i.USART_IrDACmd
    stm32f4xx_usart.o(.ARM.exidx) refers to stm32f4xx_usart.o(i.USART_DMACmd) for i.USART_DMACmd
    stm32f4xx_usart.o(.ARM.exidx) refers to stm32f4xx_usart.o(i.USART_ITConfig) for i.USART_ITConfig
    stm32f4xx_usart.o(.ARM.exidx) refers to stm32f4xx_usart.o(i.USART_GetFlagStatus) for i.USART_GetFlagStatus
    stm32f4xx_usart.o(.ARM.exidx) refers to stm32f4xx_usart.o(i.USART_ClearFlag) for i.USART_ClearFlag
    stm32f4xx_usart.o(.ARM.exidx) refers to stm32f4xx_usart.o(i.USART_GetITStatus) for i.USART_GetITStatus
    stm32f4xx_usart.o(.ARM.exidx) refers to stm32f4xx_usart.o(i.USART_ClearITPendingBit) for i.USART_ClearITPendingBit
    startup_stm32f413xx.o(STACK) refers (Special) to heapauxi.o(.text) for __use_two_region_memory
    startup_stm32f413xx.o(HEAP) refers (Special) to heapauxi.o(.text) for __use_two_region_memory
    startup_stm32f413xx.o(RESET) refers (Special) to heapauxi.o(.text) for __use_two_region_memory
    startup_stm32f413xx.o(RESET) refers to startup_stm32f413xx.o(STACK) for __initial_sp
    startup_stm32f413xx.o(RESET) refers to startup_stm32f413xx.o(.text) for Reset_Handler
    startup_stm32f413xx.o(.text) refers (Special) to heapauxi.o(.text) for __use_two_region_memory
    startup_stm32f413xx.o(.text) refers to system_stm32f4xx.o(i.SystemInit) for SystemInit
    startup_stm32f413xx.o(.text) refers to __main.o(!!!main) for __main
    startup_stm32f413xx.o(.text) refers to startup_stm32f413xx.o(HEAP) for Heap_Mem
    startup_stm32f413xx.o(.text) refers to startup_stm32f413xx.o(STACK) for Stack_Mem
    system_stm32f4xx.o(i.SystemCoreClockUpdate) refers to system_stm32f4xx.o(.data) for SystemCoreClock
    system_stm32f4xx.o(i.SystemCoreClockUpdate) refers to system_stm32f4xx.o(.constdata) for AHBPrescTable
    system_stm32f4xx.o(.ARM.exidx) refers to system_stm32f4xx.o(i.SystemInit) for i.SystemInit
    system_stm32f4xx.o(.ARM.exidx) refers to system_stm32f4xx.o(i.SystemCoreClockUpdate) for i.SystemCoreClockUpdate
    malloc.o(.text) refers (Special) to hguard.o(.text) for __heap$guard
    malloc.o(.text) refers (Special) to init_alloc.o(.text) for _init_alloc
    malloc.o(.text) refers to rt_heap_descriptor_intlibspace.o(.text) for __rt_heap_descriptor
    malloc.o(.text) refers to heapstubs.o(.text) for __Heap_Alloc
    h1_alloc.o(.text) refers (Special) to h1_init.o(.text) for __Heap_Initialize
    h1_alloc.o(.text) refers to rt_heap_descriptor_intlibspace.o(.text) for __rt_heap_descriptor
    h1_alloc.o(.text) refers to init_alloc.o(.text) for __Heap_Full
    h1_alloc_mt.o(.text) refers (Special) to h1_init.o(.text) for __Heap_Initialize
    h1_alloc_mt.o(.text) refers to init_alloc.o(.text) for __Heap_Full
    h1_alloc_mt.o(.text) refers to rt_heap_descriptor_intlibspace.o(.text) for __rt_heap_descriptor
    heap2.o(i._FDIterate) refers to heap2.o(.conststring) for .conststring
    heap2.o(i.___Heap_ProvideMemory$realtime) refers to fdtree.o(i._FDTree_Delete) for _FDTree_Delete
    heap2.o(i.___Heap_ProvideMemory$realtime) refers to fdtree.o(i._FDTree_Insert) for _FDTree_Insert
    heap2.o(i.___Heap_Stats$realtime) refers to heap2.o(i._Heap2_StatsIterate) for _Heap2_StatsIterate
    heap2.o(i.___Heap_Valid$realtime) refers to heap2.o(i._FDIterate) for _FDIterate
    heap2.o(i.___Heap_Valid$realtime) refers to heap2.o(.conststring) for .conststring
    heap2.o(i._free$realtime) refers to rt_heap_descriptor_intlibspace.o(.text) for __rt_heap_descriptor
    heap2.o(i._free$realtime) refers to fdtree.o(i._FDTree_Delete) for _FDTree_Delete
    heap2.o(i._free$realtime) refers to fdtree.o(i._FDTree_Insert) for _FDTree_Insert
    heap2.o(i._malloc$realtime) refers to rt_heap_descriptor_intlibspace.o(.text) for __rt_heap_descriptor
    heap2.o(i._malloc$realtime) refers to fdtree.o(i._FDTree_FindFirst) for _FDTree_FindFirst
    heap2.o(i._malloc$realtime) refers to init_alloc.o(.text) for __Heap_Full
    heap2.o(i._malloc$realtime) refers to fdtree.o(i._FDTree_RemoveNode) for _FDTree_RemoveNode
    heap2.o(i._malloc$realtime) refers to fdtree.o(i._FDTree_Insert) for _FDTree_Insert
    heap2.o(i._posix_memalign$realtime) refers to rt_heap_descriptor_intlibspace.o(.text) for __rt_heap_descriptor
    heap2.o(i._posix_memalign$realtime) refers to fdtree.o(i._FDTree_FindFirst) for _FDTree_FindFirst
    heap2.o(i._posix_memalign$realtime) refers to init_alloc.o(.text) for __Heap_Full
    heap2.o(i._posix_memalign$realtime) refers to fdtree.o(i._FDTree_RemoveNode) for _FDTree_RemoveNode
    heap2.o(i._posix_memalign$realtime) refers to fdtree.o(i._FDTree_Insert) for _FDTree_Insert
    heap2.o(i._realloc$realtime) refers to rt_heap_descriptor_intlibspace.o(.text) for __rt_heap_descriptor
    heap2.o(i._realloc$realtime) refers to fdtree.o(i._FDTree_Insert) for _FDTree_Insert
    heap2.o(i._realloc$realtime) refers to h1_free.o(.text) for free
    heap2.o(i._realloc$realtime) refers to h1_alloc.o(.text) for malloc
    heap2.o(i._realloc$realtime) refers to fdtree.o(i._FDTree_Delete) for _FDTree_Delete
    heap2.o(i._realloc$realtime) refers to rt_memcpy_w.o(.text) for __aeabi_memcpy4
    heap2mt.o(i._FDIterate) refers to heap2mt.o(.conststring) for .conststring
    heap2mt.o(i.___Heap_Initialize$realtime$concurrent) refers to mutex_dummy.o(.text) for _mutex_initialize
    heap2mt.o(i.___Heap_ProvideMemory$realtime$concurrent) refers to fdtree.o(i._FDTree_Delete) for _FDTree_Delete
    heap2mt.o(i.___Heap_ProvideMemory$realtime$concurrent) refers to fdtree.o(i._FDTree_Insert) for _FDTree_Insert
    heap2mt.o(i.___Heap_Stats$realtime$concurrent) refers to heap2mt.o(i._Heap2_StatsIterate) for _Heap2_StatsIterate
    heap2mt.o(i.___Heap_Valid$realtime$concurrent) refers to heap2mt.o(i._FDIterate) for _FDIterate
    heap2mt.o(i.___Heap_Valid$realtime$concurrent) refers to heap2mt.o(.conststring) for .conststring
    heap2mt.o(i._free$realtime$concurrent) refers to rt_heap_descriptor_intlibspace.o(.text) for __rt_heap_descriptor
    heap2mt.o(i._free$realtime$concurrent) refers to fdtree.o(i._FDTree_Delete) for _FDTree_Delete
    heap2mt.o(i._free$realtime$concurrent) refers to fdtree.o(i._FDTree_Insert) for _FDTree_Insert
    heap2mt.o(i._malloc$realtime$concurrent) refers to rt_heap_descriptor_intlibspace.o(.text) for __rt_heap_descriptor
    heap2mt.o(i._malloc$realtime$concurrent) refers to fdtree.o(i._FDTree_FindFirst) for _FDTree_FindFirst
    heap2mt.o(i._malloc$realtime$concurrent) refers to init_alloc.o(.text) for __Heap_Full
    heap2mt.o(i._malloc$realtime$concurrent) refers to fdtree.o(i._FDTree_RemoveNode) for _FDTree_RemoveNode
    heap2mt.o(i._malloc$realtime$concurrent) refers to fdtree.o(i._FDTree_Insert) for _FDTree_Insert
    heap2mt.o(i._posix_memalign$realtime$concurrent) refers to rt_heap_descriptor_intlibspace.o(.text) for __rt_heap_descriptor
    heap2mt.o(i._posix_memalign$realtime$concurrent) refers to fdtree.o(i._FDTree_FindFirst) for _FDTree_FindFirst
    heap2mt.o(i._posix_memalign$realtime$concurrent) refers to init_alloc.o(.text) for __Heap_Full
    heap2mt.o(i._posix_memalign$realtime$concurrent) refers to fdtree.o(i._FDTree_RemoveNode) for _FDTree_RemoveNode
    heap2mt.o(i._posix_memalign$realtime$concurrent) refers to fdtree.o(i._FDTree_Insert) for _FDTree_Insert
    heap2mt.o(i._realloc$realtime$concurrent) refers to rt_heap_descriptor_intlibspace.o(.text) for __rt_heap_descriptor
    heap2mt.o(i._realloc$realtime$concurrent) refers to fdtree.o(i._FDTree_Insert) for _FDTree_Insert
    heap2mt.o(i._realloc$realtime$concurrent) refers to h1_free.o(.text) for free
    heap2mt.o(i._realloc$realtime$concurrent) refers to h1_alloc.o(.text) for malloc
    heap2mt.o(i._realloc$realtime$concurrent) refers to fdtree.o(i._FDTree_Delete) for _FDTree_Delete
    heap2mt.o(i._realloc$realtime$concurrent) refers to rt_memcpy_w.o(.text) for __aeabi_memcpy4
    __main.o(!!!main) refers to __rtentry.o(.ARM.Collect$$rtentry$$00000000) for __rt_entry
    __rtentry.o(.ARM.Collect$$rtentry$$00000000) refers (Special) to __rtentry2.o(.ARM.Collect$$rtentry$$0000000A) for __rt_entry_li
    __rtentry.o(.ARM.Collect$$rtentry$$00000000) refers (Special) to __rtentry2.o(.ARM.Collect$$rtentry$$0000000D) for __rt_entry_main
    __rtentry.o(.ARM.Collect$$rtentry$$00000000) refers (Special) to __rtentry2.o(.ARM.Collect$$rtentry$$0000000C) for __rt_entry_postli_1
    __rtentry.o(.ARM.Collect$$rtentry$$00000000) refers (Special) to __rtentry2.o(.ARM.Collect$$rtentry$$00000009) for __rt_entry_postsh_1
    __rtentry.o(.ARM.Collect$$rtentry$$00000000) refers (Special) to __rtentry2.o(.ARM.Collect$$rtentry$$00000002) for __rt_entry_presh_1
    __rtentry.o(.ARM.Collect$$rtentry$$00000000) refers (Special) to __rtentry4.o(.ARM.Collect$$rtentry$$00000004) for __rt_entry_sh
    rt_heap_descriptor.o(.text) refers to rt_heap_descriptor.o(.bss) for __rt_heap_descriptor_data
    rt_heap_descriptor_intlibspace.o(.text) refers to libspace.o(.bss) for __libspace_start
    init_alloc.o(.text) refers (Special) to hguard.o(.text) for __heap$guard
    init_alloc.o(.text) refers (Special) to libinit2.o(.ARM.Collect$$libinit$$00000005) for __rt_lib_init_heap_2
    init_alloc.o(.text) refers (Special) to maybetermalloc1.o(.emb_text) for _maybe_terminate_alloc
    init_alloc.o(.text) refers to h1_extend.o(.text) for __Heap_ProvideMemory
    init_alloc.o(.text) refers to defsig_rtmem_outer.o(.text) for __rt_SIGRTMEM
    init_alloc.o(.text) refers to rt_heap_descriptor_intlibspace.o(.text) for __rt_heap_descriptor
    init_alloc.o(.text) refers to h1_init.o(.text) for __Heap_Initialize
    free.o(.text) refers (Special) to hguard.o(.text) for __heap$guard
    free.o(.text) refers to rt_heap_descriptor_intlibspace.o(.text) for __rt_heap_descriptor
    free.o(.text) refers to heapstubs.o(.text) for __Heap_Free
    h1_free.o(.text) refers to rt_heap_descriptor_intlibspace.o(.text) for __rt_heap_descriptor
    h1_init_mt.o(.text) refers to mutex_dummy.o(.text) for _mutex_initialize
    h1_free_mt.o(.text) refers to rt_heap_descriptor_intlibspace.o(.text) for __rt_heap_descriptor
    _get_argv.o(.text) refers (Special) to hrguard.o(.text) for __heap_region$guard
    _get_argv.o(.text) refers to h1_alloc.o(.text) for malloc
    _get_argv.o(.text) refers to defsig_rtmem_outer.o(.text) for __rt_SIGRTMEM
    _get_argv.o(.text) refers to sys_command.o(.text) for _sys_command_string
    libinit2.o(.ARM.Collect$$libinit$$00000001) refers to fpinit.o(x$fpl$fpinit) for _fp_init
    libinit2.o(.ARM.Collect$$libinit$$00000005) refers (Weak) to init_alloc.o(.text) for _init_alloc
    libinit2.o(.ARM.Collect$$libinit$$00000010) refers to libinit2.o(.ARM.Collect$$libinit$$0000000F) for .ARM.Collect$$libinit$$0000000F
    libinit2.o(.ARM.Collect$$libinit$$00000012) refers to libinit2.o(.ARM.Collect$$libinit$$0000000F) for .ARM.Collect$$libinit$$0000000F
    libinit2.o(.ARM.Collect$$libinit$$00000014) refers to libinit2.o(.ARM.Collect$$libinit$$0000000F) for .ARM.Collect$$libinit$$0000000F
    libinit2.o(.ARM.Collect$$libinit$$00000016) refers to libinit2.o(.ARM.Collect$$libinit$$0000000F) for .ARM.Collect$$libinit$$0000000F
    libinit2.o(.ARM.Collect$$libinit$$00000018) refers to libinit2.o(.ARM.Collect$$libinit$$0000000F) for .ARM.Collect$$libinit$$0000000F
    libinit2.o(.ARM.Collect$$libinit$$00000026) refers to argv_veneer.o(.emb_text) for __ARM_argv_veneer
    libinit2.o(.ARM.Collect$$libinit$$00000027) refers to argv_veneer.o(.emb_text) for __ARM_argv_veneer
    sys_command.o(.text) refers (Special) to use_no_semi.o(.text) for __I$use$semihosting
    sys_command.o(.text) refers (Special) to indicate_semi.o(.text) for __semihosting_library_function
    libspace.o(.text) refers to libspace.o(.bss) for __libspace_start
    __rtentry2.o(.ARM.Collect$$rtentry$$00000008) refers to boardinit2.o(.text) for _platform_post_stackheap_init
    __rtentry2.o(.ARM.Collect$$rtentry$$0000000A) refers to libinit.o(.ARM.Collect$$libinit$$00000000) for __rt_lib_init
    __rtentry2.o(.ARM.Collect$$rtentry$$0000000B) refers to boardinit3.o(.text) for _platform_post_lib_init
    __rtentry2.o(.ARM.Collect$$rtentry$$0000000D) refers to exit.o(.text) for exit
    __rtentry2.o(.ARM.exidx) refers to __rtentry2.o(.ARM.Collect$$rtentry$$00000001) for .ARM.Collect$$rtentry$$00000001
    __rtentry2.o(.ARM.exidx) refers to __rtentry2.o(.ARM.Collect$$rtentry$$00000008) for .ARM.Collect$$rtentry$$00000008
    __rtentry2.o(.ARM.exidx) refers to __rtentry2.o(.ARM.Collect$$rtentry$$0000000A) for .ARM.Collect$$rtentry$$0000000A
    __rtentry2.o(.ARM.exidx) refers to __rtentry2.o(.ARM.Collect$$rtentry$$0000000B) for .ARM.Collect$$rtentry$$0000000B
    __rtentry2.o(.ARM.exidx) refers to __rtentry2.o(.ARM.Collect$$rtentry$$0000000D) for .ARM.Collect$$rtentry$$0000000D
    __rtentry4.o(.ARM.Collect$$rtentry$$00000004) refers to sys_stackheap_outer.o(.text) for __user_setup_stackheap
    __rtentry4.o(.ARM.exidx) refers to __rtentry4.o(.ARM.Collect$$rtentry$$00000004) for .ARM.Collect$$rtentry$$00000004
    maybetermalloc2.o(.emb_text) refers (Special) to term_alloc.o(.text) for _terminate_alloc
    h1_extend.o(.text) refers to h1_free.o(.text) for free
    h1_extend_mt.o(.text) refers to h1_free_mt.o(.text) for _free_internal
    defsig_rtmem_outer.o(.text) refers to defsig_rtmem_inner.o(.text) for __rt_SIGRTMEM_inner
    defsig_rtmem_outer.o(.text) refers to defsig_exit.o(.text) for __sig_exit
    defsig_rtmem_formal.o(.text) refers to rt_raise.o(.text) for __rt_raise
    heapauxa.o(.text) refers to heapauxa.o(.data) for .data
    argv_veneer.o(.emb_text) refers to _get_argv.o(.text) for __ARM_get_argv
    sys_stackheap_outer.o(.text) refers to libspace.o(.text) for __user_perproc_libspace
    sys_stackheap_outer.o(.text) refers to startup_stm32f413xx.o(.text) for __user_initial_stackheap
    rt_raise.o(.text) refers to __raise.o(.text) for __raise
    rt_raise.o(.text) refers to sys_exit.o(.text) for _sys_exit
    term_alloc.o(.text) refers (Special) to libshutdown2.o(.ARM.Collect$$libshutdown$$0000000E) for __rt_lib_shutdown_heap_2
    term_alloc.o(.text) refers to rt_heap_descriptor_intlibspace.o(.text) for __rt_heap_descriptor
    term_alloc.o(.text) refers to h1_final.o(.text) for __Heap_Finalize
    exit.o(.text) refers to rtexit.o(.ARM.Collect$$rtexit$$00000000) for __rt_exit
    defsig_exit.o(.text) refers to sys_exit.o(.text) for _sys_exit
    defsig_rtmem_inner.o(.text) refers to defsig_general.o(.text) for __default_signal_display
    _get_argv_nomalloc.o(.text) refers (Special) to hrguard.o(.text) for __heap_region$guard
    _get_argv_nomalloc.o(.text) refers to defsig_rtmem_outer.o(.text) for __rt_SIGRTMEM
    _get_argv_nomalloc.o(.text) refers to sys_command.o(.text) for _sys_command_string
    libinit.o(.ARM.Collect$$libinit$$00000000) refers (Special) to libinit2.o(.ARM.Collect$$libinit$$0000002E) for __rt_lib_init_alloca_1
    libinit.o(.ARM.Collect$$libinit$$00000000) refers (Special) to libinit2.o(.ARM.Collect$$libinit$$00000026) for __rt_lib_init_argv_1
    libinit.o(.ARM.Collect$$libinit$$00000000) refers (Special) to libinit2.o(.ARM.Collect$$libinit$$0000001B) for __rt_lib_init_atexit_1
    libinit.o(.ARM.Collect$$libinit$$00000000) refers (Special) to libinit2.o(.ARM.Collect$$libinit$$00000021) for __rt_lib_init_clock_1
    libinit.o(.ARM.Collect$$libinit$$00000000) refers (Special) to libinit2.o(.ARM.Collect$$libinit$$00000032) for __rt_lib_init_cpp_1
    libinit.o(.ARM.Collect$$libinit$$00000000) refers (Special) to libinit2.o(.ARM.Collect$$libinit$$00000030) for __rt_lib_init_exceptions_1
    libinit.o(.ARM.Collect$$libinit$$00000000) refers (Special) to libinit2.o(.ARM.Collect$$libinit$$00000001) for __rt_lib_init_fp_1
    libinit.o(.ARM.Collect$$libinit$$00000000) refers (Special) to libinit2.o(.ARM.Collect$$libinit$$0000001F) for __rt_lib_init_fp_trap_1
    libinit.o(.ARM.Collect$$libinit$$00000000) refers (Special) to libinit2.o(.ARM.Collect$$libinit$$00000023) for __rt_lib_init_getenv_1
    libinit.o(.ARM.Collect$$libinit$$00000000) refers (Special) to libinit2.o(.ARM.Collect$$libinit$$0000000A) for __rt_lib_init_heap_1
    libinit.o(.ARM.Collect$$libinit$$00000000) refers (Special) to libinit2.o(.ARM.Collect$$libinit$$00000011) for __rt_lib_init_lc_collate_1
    libinit.o(.ARM.Collect$$libinit$$00000000) refers (Special) to libinit2.o(.ARM.Collect$$libinit$$00000013) for __rt_lib_init_lc_ctype_1
    libinit.o(.ARM.Collect$$libinit$$00000000) refers (Special) to libinit2.o(.ARM.Collect$$libinit$$00000015) for __rt_lib_init_lc_monetary_1
    libinit.o(.ARM.Collect$$libinit$$00000000) refers (Special) to libinit2.o(.ARM.Collect$$libinit$$00000017) for __rt_lib_init_lc_numeric_1
    libinit.o(.ARM.Collect$$libinit$$00000000) refers (Special) to libinit2.o(.ARM.Collect$$libinit$$00000019) for __rt_lib_init_lc_time_1
    libinit.o(.ARM.Collect$$libinit$$00000000) refers (Special) to libinit2.o(.ARM.Collect$$libinit$$00000004) for __rt_lib_init_preinit_1
    libinit.o(.ARM.Collect$$libinit$$00000000) refers (Special) to libinit2.o(.ARM.Collect$$libinit$$0000000E) for __rt_lib_init_rand_1
    libinit.o(.ARM.Collect$$libinit$$00000000) refers (Special) to libinit2.o(.ARM.Collect$$libinit$$00000033) for __rt_lib_init_return
    libinit.o(.ARM.Collect$$libinit$$00000000) refers (Special) to libinit2.o(.ARM.Collect$$libinit$$0000001D) for __rt_lib_init_signal_1
    libinit.o(.ARM.Collect$$libinit$$00000000) refers (Special) to libinit2.o(.ARM.Collect$$libinit$$00000025) for __rt_lib_init_stdio_1
    libinit.o(.ARM.Collect$$libinit$$00000000) refers (Special) to libinit2.o(.ARM.Collect$$libinit$$0000000C) for __rt_lib_init_user_alloc_1
    sys_exit.o(.text) refers (Special) to use_no_semi.o(.text) for __I$use$semihosting
    sys_exit.o(.text) refers (Special) to indicate_semi.o(.text) for __semihosting_library_function
    rtexit.o(.ARM.Collect$$rtexit$$00000000) refers (Special) to rtexit2.o(.ARM.Collect$$rtexit$$00000004) for __rt_exit_exit
    rtexit.o(.ARM.Collect$$rtexit$$00000000) refers (Special) to rtexit2.o(.ARM.Collect$$rtexit$$00000003) for __rt_exit_ls
    rtexit.o(.ARM.Collect$$rtexit$$00000000) refers (Special) to rtexit2.o(.ARM.Collect$$rtexit$$00000002) for __rt_exit_prels_1
    rtexit.o(.ARM.exidx) refers (Special) to rtexit2.o(.ARM.Collect$$rtexit$$00000004) for __rt_exit_exit
    rtexit.o(.ARM.exidx) refers (Special) to rtexit2.o(.ARM.Collect$$rtexit$$00000003) for __rt_exit_ls
    rtexit.o(.ARM.exidx) refers (Special) to rtexit2.o(.ARM.Collect$$rtexit$$00000002) for __rt_exit_prels_1
    rtexit.o(.ARM.exidx) refers to rtexit.o(.ARM.Collect$$rtexit$$00000000) for .ARM.Collect$$rtexit$$00000000
    __raise.o(.text) refers to defsig.o(CL$$defsig) for __default_signal_handler
    defsig_general.o(.text) refers to sys_wrch.o(.text) for _ttywrch
    libshutdown2.o(.ARM.Collect$$libshutdown$$0000000D) refers (Weak) to term_alloc.o(.text) for _terminate_alloc
    sys_wrch.o(.text) refers (Special) to use_no_semi.o(.text) for __I$use$semihosting
    sys_wrch.o(.text) refers (Special) to indicate_semi.o(.text) for __semihosting_library_function
    rtexit2.o(.ARM.Collect$$rtexit$$00000003) refers to libshutdown.o(.ARM.Collect$$libshutdown$$00000000) for __rt_lib_shutdown
    rtexit2.o(.ARM.Collect$$rtexit$$00000004) refers to sys_exit.o(.text) for _sys_exit
    rtexit2.o(.ARM.exidx) refers to rtexit2.o(.ARM.Collect$$rtexit$$00000001) for .ARM.Collect$$rtexit$$00000001
    rtexit2.o(.ARM.exidx) refers to rtexit2.o(.ARM.Collect$$rtexit$$00000003) for .ARM.Collect$$rtexit$$00000003
    rtexit2.o(.ARM.exidx) refers to rtexit2.o(.ARM.Collect$$rtexit$$00000004) for .ARM.Collect$$rtexit$$00000004
    defsig.o(CL$$defsig) refers to defsig_rtmem_inner.o(.text) for __rt_SIGRTMEM_inner
    defsig_abrt_inner.o(.text) refers to defsig_general.o(.text) for __default_signal_display
    defsig_fpe_inner.o(.text) refers to defsig_general.o(.text) for __default_signal_display
    defsig_rtred_inner.o(.text) refers to defsig_general.o(.text) for __default_signal_display
    defsig_stak_inner.o(.text) refers to defsig_general.o(.text) for __default_signal_display
    defsig_pvfn_inner.o(.text) refers to defsig_general.o(.text) for __default_signal_display
    defsig_cppl_inner.o(.text) refers to defsig_general.o(.text) for __default_signal_display
    defsig_segv_inner.o(.text) refers to defsig_general.o(.text) for __default_signal_display
    defsig_other.o(.text) refers to defsig_general.o(.text) for __default_signal_display
    libshutdown.o(.ARM.Collect$$libshutdown$$00000000) refers (Special) to libshutdown2.o(.ARM.Collect$$libshutdown$$00000002) for __rt_lib_shutdown_cpp_1
    libshutdown.o(.ARM.Collect$$libshutdown$$00000000) refers (Special) to libshutdown2.o(.ARM.Collect$$libshutdown$$00000007) for __rt_lib_shutdown_fp_trap_1
    libshutdown.o(.ARM.Collect$$libshutdown$$00000000) refers (Special) to libshutdown2.o(.ARM.Collect$$libshutdown$$0000000F) for __rt_lib_shutdown_heap_1
    libshutdown.o(.ARM.Collect$$libshutdown$$00000000) refers (Special) to libshutdown2.o(.ARM.Collect$$libshutdown$$00000010) for __rt_lib_shutdown_return
    libshutdown.o(.ARM.Collect$$libshutdown$$00000000) refers (Special) to libshutdown2.o(.ARM.Collect$$libshutdown$$0000000A) for __rt_lib_shutdown_signal_1
    libshutdown.o(.ARM.Collect$$libshutdown$$00000000) refers (Special) to libshutdown2.o(.ARM.Collect$$libshutdown$$00000004) for __rt_lib_shutdown_stdio_1
    libshutdown.o(.ARM.Collect$$libshutdown$$00000000) refers (Special) to libshutdown2.o(.ARM.Collect$$libshutdown$$0000000C) for __rt_lib_shutdown_user_alloc_1


==============================================================================

Removing Unused input sections from the image.

    Removing main.o(.rev16_text), (4 bytes).
    Removing main.o(.revsh_text), (4 bytes).
    Removing main.o(.rrx_text), (6 bytes).
    Removing main.o(i._Z10initializev), (12 bytes).
    Removing main.o(i._Z12UARTTestmainv), (72 bytes).
    Removing main.o(i._Z7LTCmainv), (16 bytes).
    Removing main.o(i._Z8Mainmainv), (46 bytes).
    Removing main.o(.ARM.exidx), (8 bytes).
    Removing main.o(.ARM.exidx), (8 bytes).
    Removing main.o(.ARM.exidx), (8 bytes).
    Removing main.o(.ARM.exidx), (8 bytes).
    Removing current.o(i._Z12Current_Initt), (12 bytes).
    Removing current.o(i._Z14Current_IsSafev), (44 bytes).
    Removing current.o(i._Z17Current_SetLimitst), (12 bytes).
    Removing current.o(i._Z26Current_UpdateMeasurementsv), (2 bytes).
    Removing current.o(i._Z27Current_LowPrecisionAmperesv), (12 bytes).
    Removing current.o(i._Z28Current_HighPrecisionAmperesv), (12 bytes).
    Removing current.o(.ARM.exidx), (8 bytes).
    Removing current.o(.ARM.exidx), (8 bytes).
    Removing current.o(.ARM.exidx), (8 bytes).
    Removing current.o(.ARM.exidx), (8 bytes).
    Removing current.o(.ARM.exidx), (8 bytes).
    Removing current.o(.ARM.exidx), (8 bytes).
    Removing current.o(.data), (6 bytes).
    Removing voltage.o(i._Z12Voltage_Inittt), (16 bytes).
    Removing voltage.o(i._Z14Voltage_IsSafev), (56 bytes).
    Removing voltage.o(i._Z17Voltage_SetLimitstt), (20 bytes).
    Removing voltage.o(i._Z21Voltage_ModuleVoltaget), (16 bytes).
    Removing voltage.o(i._Z23Voltage_ModulesInDangerv), (128 bytes).
    Removing voltage.o(i._Z24Voltage_TotalPackVoltagev), (32 bytes).
    Removing voltage.o(i._Z26Voltage_UpdateMeasurementsv), (20 bytes).
    Removing voltage.o(.ARM.exidx), (8 bytes).
    Removing voltage.o(.ARM.exidx), (8 bytes).
    Removing voltage.o(.ARM.exidx), (8 bytes).
    Removing voltage.o(.ARM.exidx), (8 bytes).
    Removing voltage.o(.ARM.exidx), (8 bytes).
    Removing voltage.o(.ARM.exidx), (8 bytes).
    Removing voltage.o(.ARM.exidx), (8 bytes).
    Removing voltage.o(.data), (8 bytes).
    Removing temperature.o(i._Z16Temperature_Initt), (12 bytes).
    Removing temperature.o(i._Z18Temperature_IsSafev), (40 bytes).
    Removing temperature.o(i._Z21Temperature_SetLimitst), (12 bytes).
    Removing temperature.o(i._Z27Temperature_ModulesInDangerv), (104 bytes).
    Removing temperature.o(i._Z29Temperature_ModuleTemperaturet), (16 bytes).
    Removing temperature.o(i._Z30Temperature_UpdateMeasurementsv), (20 bytes).
    Removing temperature.o(i._Z35Temperature_TotalPackAvgTemperaturev), (28 bytes).
    Removing temperature.o(.ARM.exidx), (8 bytes).
    Removing temperature.o(.ARM.exidx), (8 bytes).
    Removing temperature.o(.ARM.exidx), (8 bytes).
    Removing temperature.o(.ARM.exidx), (8 bytes).
    Removing temperature.o(.ARM.exidx), (8 bytes).
    Removing temperature.o(.ARM.exidx), (8 bytes).
    Removing temperature.o(.ARM.exidx), (8 bytes).
    Removing temperature.o(.data), (6 bytes).
    Removing ltc6811.o(.rev16_text), (4 bytes).
    Removing ltc6811.o(.revsh_text), (4 bytes).
    Removing ltc6811.o(.rrx_text), (6 bytes).
    Removing ltc6811.o(i._Z12LTC6811_Initv), (24 bytes).
    Removing ltc6811.o(i._Z15LTC6811_Measurev), (2 bytes).
    Removing ltc6811.o(i._Z15LTC6811_SendCmdPt), (52 bytes).
    Removing ltc6811.o(i._Z5pec15Pci), (52 bytes).
    Removing ltc6811.o(i._ZN30_INTERNAL_9_LTC6811_c_6012758a16init_PEC15_TableEv), (80 bytes).
    Removing ltc6811.o(.ARM.exidx), (8 bytes).
    Removing ltc6811.o(.ARM.exidx), (8 bytes).
    Removing ltc6811.o(.ARM.exidx), (8 bytes).
    Removing ltc6811.o(.ARM.exidx), (8 bytes).
    Removing ltc6811.o(.ARM.exidx), (8 bytes).
    Removing ltc6811.o(.bss), (574 bytes).
    Removing ltc6811.o(.data), (6 bytes).
    Removing ltc2983.o(.rev16_text), (4 bytes).
    Removing ltc2983.o(.revsh_text), (4 bytes).
    Removing ltc2983.o(.rrx_text), (6 bytes).
    Removing ltc2983.o(i._Z12LTC2983_Initv), (188 bytes).
    Removing ltc2983.o(i._Z15LTC2983_Measurev), (2 bytes).
    Removing ltc2983.o(i._Z15LTC2983_SendCmdPt), (2 bytes).
    Removing ltc2983.o(.ARM.exidx), (8 bytes).
    Removing ltc2983.o(.ARM.exidx), (8 bytes).
    Removing ltc2983.o(.ARM.exidx), (8 bytes).
    Removing display.o(.rev16_text), (4 bytes).
    Removing display.o(.revsh_text), (4 bytes).
    Removing display.o(.rrx_text), (6 bytes).
    Removing display.o(i._Z12Display_Initv), (2 bytes).
    Removing display.o(i._Z14Display_Updatev), (2 bytes).
    Removing display.o(.ARM.exidx), (8 bytes).
    Removing display.o(.ARM.exidx), (8 bytes).
    Removing eeprom.o(.rev16_text), (4 bytes).
    Removing eeprom.o(.revsh_text), (4 bytes).
    Removing eeprom.o(.rrx_text), (6 bytes).
    Removing eeprom.o(i._Z11EEPROM_Initv), (176 bytes).
    Removing eeprom.o(i._Z12EEPROM_Writeth), (44 bytes).
    Removing eeprom.o(i._Z21EEPROM_ReadSingleBytet), (16 bytes).
    Removing eeprom.o(i._Z24EEPROM_ReadMultipleBytestj), (14 bytes).
    Removing eeprom.o(.ARM.exidx), (8 bytes).
    Removing eeprom.o(.ARM.exidx), (8 bytes).
    Removing eeprom.o(.ARM.exidx), (8 bytes).
    Removing eeprom.o(.ARM.exidx), (8 bytes).
    Removing wdtimer.o(.rev16_text), (4 bytes).
    Removing wdtimer.o(.revsh_text), (4 bytes).
    Removing wdtimer.o(.rrx_text), (6 bytes).
    Removing wdtimer.o(i._Z12WDTimer_Initv), (86 bytes).
    Removing wdtimer.o(i._Z13WDTimer_Resetv), (14 bytes).
    Removing wdtimer.o(i._Z13WDTimer_Startv), (14 bytes).
    Removing wdtimer.o(i._Z15WWDG_IRQHandlerv), (12 bytes).
    Removing wdtimer.o(.ARM.exidx), (8 bytes).
    Removing wdtimer.o(.ARM.exidx), (8 bytes).
    Removing wdtimer.o(.ARM.exidx), (8 bytes).
    Removing wdtimer.o(.ARM.exidx), (8 bytes).
    Removing spi.o(.rev16_text), (4 bytes).
    Removing spi.o(.revsh_text), (4 bytes).
    Removing spi.o(.rrx_text), (6 bytes).
    Removing spi.o(i._Z10SPI1_WritePhj), (60 bytes).
    Removing spi.o(i._Z14SPI1_WriteReadPhjS_j), (28 bytes).
    Removing spi.o(i._Z9SPI1_Initv), (172 bytes).
    Removing spi.o(i._Z9SPI1_ReadPhj), (60 bytes).
    Removing spi.o(.ARM.exidx), (8 bytes).
    Removing spi.o(.ARM.exidx), (8 bytes).
    Removing spi.o(.ARM.exidx), (8 bytes).
    Removing spi.o(.ARM.exidx), (8 bytes).
    Removing uart.o(.rev16_text), (4 bytes).
    Removing uart.o(.revsh_text), (4 bytes).
    Removing uart.o(.rrx_text), (6 bytes).
    Removing uart.o(i._Z10UART1_Initj), (188 bytes).
    Removing uart.o(i._Z10UART1_ReadPcj), (14 bytes).
    Removing uart.o(i._Z10UART3_Initj), (140 bytes).
    Removing uart.o(i._Z10UART3_ReadPcj), (40 bytes).
    Removing uart.o(i._Z11UART1_WritePcj), (72 bytes).
    Removing uart.o(i._Z11UART3_WritePcj), (44 bytes).
    Removing uart.o(i._Z17USART1_IRQHandlerv), (48 bytes).
    Removing uart.o(i._Z22copyHardwareToSoftwarev), (44 bytes).
    Removing uart.o(i._Z22copySoftwareToHardwarev), (60 bytes).
    Removing uart.o(.ARM.exidx), (8 bytes).
    Removing uart.o(.ARM.exidx), (8 bytes).
    Removing uart.o(.ARM.exidx), (8 bytes).
    Removing uart.o(.ARM.exidx), (8 bytes).
    Removing uart.o(.ARM.exidx), (8 bytes).
    Removing uart.o(.ARM.exidx), (8 bytes).
    Removing uart.o(.ARM.exidx), (8 bytes).
    Removing uart.o(.ARM.exidx), (8 bytes).
    Removing uart.o(.ARM.exidx), (8 bytes).
    Removing uart.o(.data), (8 bytes).
    Removing fifo.o(i._Z11FIFO_Get_Rxv), (2 bytes).
    Removing fifo.o(i._Z11FIFO_Get_Txv), (2 bytes).
    Removing fifo.o(i._Z11FIFO_Put_Rxh), (2 bytes).
    Removing fifo.o(i._Z11FIFO_Put_Txh), (2 bytes).
    Removing fifo.o(i._Z14FIFO_IsFull_Rxv), (2 bytes).
    Removing fifo.o(i._Z14FIFO_IsFull_Txv), (2 bytes).
    Removing fifo.o(i._Z15FIFO_IsEmpty_Rxv), (2 bytes).
    Removing fifo.o(i._Z15FIFO_IsEmpty_Txv), (2 bytes).
    Removing fifo.o(i._Z9FIFO_Initv), (2 bytes).
    Removing fifo.o(.ARM.exidx), (8 bytes).
    Removing fifo.o(.ARM.exidx), (8 bytes).
    Removing fifo.o(.ARM.exidx), (8 bytes).
    Removing fifo.o(.ARM.exidx), (8 bytes).
    Removing fifo.o(.ARM.exidx), (8 bytes).
    Removing fifo.o(.ARM.exidx), (8 bytes).
    Removing fifo.o(.ARM.exidx), (8 bytes).
    Removing fifo.o(.ARM.exidx), (8 bytes).
    Removing fifo.o(.ARM.exidx), (8 bytes).
    Removing misc.o(.rev16_text), (4 bytes).
    Removing misc.o(.revsh_text), (4 bytes).
    Removing misc.o(.rrx_text), (6 bytes).
    Removing misc.o(i.NVIC_Init), (120 bytes).
    Removing misc.o(i.NVIC_PriorityGroupConfig), (20 bytes).
    Removing misc.o(i.NVIC_SetVectorTable), (20 bytes).
    Removing misc.o(i.NVIC_SystemLPConfig), (32 bytes).
    Removing misc.o(i.SysTick_CLKSourceConfig), (40 bytes).
    Removing misc.o(.ARM.exidx), (8 bytes).
    Removing misc.o(.ARM.exidx), (8 bytes).
    Removing misc.o(.ARM.exidx), (8 bytes).
    Removing misc.o(.ARM.exidx), (8 bytes).
    Removing misc.o(.ARM.exidx), (8 bytes).
    Removing stm32f4xx_rcc.o(.rev16_text), (4 bytes).
    Removing stm32f4xx_rcc.o(.revsh_text), (4 bytes).
    Removing stm32f4xx_rcc.o(.rrx_text), (6 bytes).
    Removing stm32f4xx_rcc.o(i.RCC_48MHzClockSourceConfig), (36 bytes).
    Removing stm32f4xx_rcc.o(i.RCC_AHB1PeriphClockCmd), (32 bytes).
    Removing stm32f4xx_rcc.o(i.RCC_AHB1PeriphClockLPModeCmd), (32 bytes).
    Removing stm32f4xx_rcc.o(i.RCC_AHB1PeriphResetCmd), (32 bytes).
    Removing stm32f4xx_rcc.o(i.RCC_AHB2PeriphClockCmd), (32 bytes).
    Removing stm32f4xx_rcc.o(i.RCC_AHB2PeriphClockLPModeCmd), (32 bytes).
    Removing stm32f4xx_rcc.o(i.RCC_AHB2PeriphResetCmd), (32 bytes).
    Removing stm32f4xx_rcc.o(i.RCC_AHB3PeriphClockCmd), (32 bytes).
    Removing stm32f4xx_rcc.o(i.RCC_AHB3PeriphClockLPModeCmd), (32 bytes).
    Removing stm32f4xx_rcc.o(i.RCC_AHB3PeriphResetCmd), (32 bytes).
    Removing stm32f4xx_rcc.o(i.RCC_APB1PeriphClockCmd), (32 bytes).
    Removing stm32f4xx_rcc.o(i.RCC_APB1PeriphClockLPModeCmd), (32 bytes).
    Removing stm32f4xx_rcc.o(i.RCC_APB1PeriphResetCmd), (32 bytes).
    Removing stm32f4xx_rcc.o(i.RCC_APB2PeriphClockCmd), (32 bytes).
    Removing stm32f4xx_rcc.o(i.RCC_APB2PeriphClockLPModeCmd), (32 bytes).
    Removing stm32f4xx_rcc.o(i.RCC_APB2PeriphResetCmd), (32 bytes).
    Removing stm32f4xx_rcc.o(i.RCC_AdjustHSICalibrationValue), (24 bytes).
    Removing stm32f4xx_rcc.o(i.RCC_BackupResetCmd), (12 bytes).
    Removing stm32f4xx_rcc.o(i.RCC_ClearFlag), (20 bytes).
    Removing stm32f4xx_rcc.o(i.RCC_ClearITPendingBit), (12 bytes).
    Removing stm32f4xx_rcc.o(i.RCC_ClockSecuritySystemCmd), (12 bytes).
    Removing stm32f4xx_rcc.o(i.RCC_DFSDM1ACLKConfig), (24 bytes).
    Removing stm32f4xx_rcc.o(i.RCC_DFSDM2ACLKConfig), (24 bytes).
    Removing stm32f4xx_rcc.o(i.RCC_DFSDMCLKConfig), (24 bytes).
    Removing stm32f4xx_rcc.o(i.RCC_DeInit), (96 bytes).
    Removing stm32f4xx_rcc.o(i.RCC_FMPI2C1ClockSourceConfig), (28 bytes).
    Removing stm32f4xx_rcc.o(i.RCC_GetClocksFreq), (456 bytes).
    Removing stm32f4xx_rcc.o(i.RCC_GetFlagStatus), (64 bytes).
    Removing stm32f4xx_rcc.o(i.RCC_GetITStatus), (24 bytes).
    Removing stm32f4xx_rcc.o(i.RCC_GetSYSCLKSource), (16 bytes).
    Removing stm32f4xx_rcc.o(i.RCC_HCLKConfig), (24 bytes).
    Removing stm32f4xx_rcc.o(i.RCC_HSEConfig), (16 bytes).
    Removing stm32f4xx_rcc.o(i.RCC_HSICmd), (12 bytes).
    Removing stm32f4xx_rcc.o(i.RCC_I2SCLKConfig), (52 bytes).
    Removing stm32f4xx_rcc.o(i.RCC_ITConfig), (32 bytes).
    Removing stm32f4xx_rcc.o(i.RCC_LPTIM1ClockSourceConfig), (28 bytes).
    Removing stm32f4xx_rcc.o(i.RCC_LSEConfig), (44 bytes).
    Removing stm32f4xx_rcc.o(i.RCC_LSEModeConfig), (36 bytes).
    Removing stm32f4xx_rcc.o(i.RCC_LSICmd), (12 bytes).
    Removing stm32f4xx_rcc.o(i.RCC_LTDCCLKDivConfig), (24 bytes).
    Removing stm32f4xx_rcc.o(i.RCC_MCO1Config), (28 bytes).
    Removing stm32f4xx_rcc.o(i.RCC_MCO2Config), (28 bytes).
    Removing stm32f4xx_rcc.o(i.RCC_PCLK1Config), (24 bytes).
    Removing stm32f4xx_rcc.o(i.RCC_PCLK2Config), (24 bytes).
    Removing stm32f4xx_rcc.o(i.RCC_PLLCmd), (12 bytes).
    Removing stm32f4xx_rcc.o(i.RCC_PLLConfig), (40 bytes).
    Removing stm32f4xx_rcc.o(i.RCC_PLLI2SCmd), (12 bytes).
    Removing stm32f4xx_rcc.o(i.RCC_PLLI2SConfig), (36 bytes).
    Removing stm32f4xx_rcc.o(i.RCC_PLLSAICmd), (12 bytes).
    Removing stm32f4xx_rcc.o(i.RCC_RTCCLKCmd), (12 bytes).
    Removing stm32f4xx_rcc.o(i.RCC_RTCCLKConfig), (60 bytes).
    Removing stm32f4xx_rcc.o(i.RCC_SAIBlockACLKConfig), (24 bytes).
    Removing stm32f4xx_rcc.o(i.RCC_SAIBlockBCLKConfig), (24 bytes).
    Removing stm32f4xx_rcc.o(i.RCC_SAIPLLI2SClkDivConfig), (28 bytes).
    Removing stm32f4xx_rcc.o(i.RCC_SAIPLLI2SRClkDivConfig), (28 bytes).
    Removing stm32f4xx_rcc.o(i.RCC_SAIPLLRClkDivConfig), (28 bytes).
    Removing stm32f4xx_rcc.o(i.RCC_SAIPLLSAIClkDivConfig), (28 bytes).
    Removing stm32f4xx_rcc.o(i.RCC_SDIOClockSourceConfig), (36 bytes).
    Removing stm32f4xx_rcc.o(i.RCC_SYSCLKConfig), (24 bytes).
    Removing stm32f4xx_rcc.o(i.RCC_TIMCLKPresConfig), (12 bytes).
    Removing stm32f4xx_rcc.o(i.RCC_WaitForHSEStartUp), (56 bytes).
    Removing stm32f4xx_rcc.o(.ARM.exidx), (8 bytes).
    Removing stm32f4xx_rcc.o(.ARM.exidx), (8 bytes).
    Removing stm32f4xx_rcc.o(.ARM.exidx), (8 bytes).
    Removing stm32f4xx_rcc.o(.ARM.exidx), (8 bytes).
    Removing stm32f4xx_rcc.o(.ARM.exidx), (8 bytes).
    Removing stm32f4xx_rcc.o(.ARM.exidx), (8 bytes).
    Removing stm32f4xx_rcc.o(.ARM.exidx), (8 bytes).
    Removing stm32f4xx_rcc.o(.ARM.exidx), (8 bytes).
    Removing stm32f4xx_rcc.o(.ARM.exidx), (8 bytes).
    Removing stm32f4xx_rcc.o(.ARM.exidx), (8 bytes).
    Removing stm32f4xx_rcc.o(.ARM.exidx), (8 bytes).
    Removing stm32f4xx_rcc.o(.ARM.exidx), (8 bytes).
    Removing stm32f4xx_rcc.o(.ARM.exidx), (8 bytes).
    Removing stm32f4xx_rcc.o(.ARM.exidx), (8 bytes).
    Removing stm32f4xx_rcc.o(.ARM.exidx), (8 bytes).
    Removing stm32f4xx_rcc.o(.ARM.exidx), (8 bytes).
    Removing stm32f4xx_rcc.o(.ARM.exidx), (8 bytes).
    Removing stm32f4xx_rcc.o(.ARM.exidx), (8 bytes).
    Removing stm32f4xx_rcc.o(.ARM.exidx), (8 bytes).
    Removing stm32f4xx_rcc.o(.ARM.exidx), (8 bytes).
    Removing stm32f4xx_rcc.o(.ARM.exidx), (8 bytes).
    Removing stm32f4xx_rcc.o(.ARM.exidx), (8 bytes).
    Removing stm32f4xx_rcc.o(.ARM.exidx), (8 bytes).
    Removing stm32f4xx_rcc.o(.ARM.exidx), (8 bytes).
    Removing stm32f4xx_rcc.o(.ARM.exidx), (8 bytes).
    Removing stm32f4xx_rcc.o(.ARM.exidx), (8 bytes).
    Removing stm32f4xx_rcc.o(.ARM.exidx), (8 bytes).
    Removing stm32f4xx_rcc.o(.ARM.exidx), (8 bytes).
    Removing stm32f4xx_rcc.o(.ARM.exidx), (8 bytes).
    Removing stm32f4xx_rcc.o(.ARM.exidx), (8 bytes).
    Removing stm32f4xx_rcc.o(.ARM.exidx), (8 bytes).
    Removing stm32f4xx_rcc.o(.ARM.exidx), (8 bytes).
    Removing stm32f4xx_rcc.o(.ARM.exidx), (8 bytes).
    Removing stm32f4xx_rcc.o(.ARM.exidx), (8 bytes).
    Removing stm32f4xx_rcc.o(.ARM.exidx), (8 bytes).
    Removing stm32f4xx_rcc.o(.ARM.exidx), (8 bytes).
    Removing stm32f4xx_rcc.o(.ARM.exidx), (8 bytes).
    Removing stm32f4xx_rcc.o(.ARM.exidx), (8 bytes).
    Removing stm32f4xx_rcc.o(.ARM.exidx), (8 bytes).
    Removing stm32f4xx_rcc.o(.ARM.exidx), (8 bytes).
    Removing stm32f4xx_rcc.o(.ARM.exidx), (8 bytes).
    Removing stm32f4xx_rcc.o(.ARM.exidx), (8 bytes).
    Removing stm32f4xx_rcc.o(.ARM.exidx), (8 bytes).
    Removing stm32f4xx_rcc.o(.ARM.exidx), (8 bytes).
    Removing stm32f4xx_rcc.o(.ARM.exidx), (8 bytes).
    Removing stm32f4xx_rcc.o(.ARM.exidx), (8 bytes).
    Removing stm32f4xx_rcc.o(.ARM.exidx), (8 bytes).
    Removing stm32f4xx_rcc.o(.ARM.exidx), (8 bytes).
    Removing stm32f4xx_rcc.o(.ARM.exidx), (8 bytes).
    Removing stm32f4xx_rcc.o(.ARM.exidx), (8 bytes).
    Removing stm32f4xx_rcc.o(.ARM.exidx), (8 bytes).
    Removing stm32f4xx_rcc.o(.ARM.exidx), (8 bytes).
    Removing stm32f4xx_rcc.o(.ARM.exidx), (8 bytes).
    Removing stm32f4xx_rcc.o(.ARM.exidx), (8 bytes).
    Removing stm32f4xx_rcc.o(.ARM.exidx), (8 bytes).
    Removing stm32f4xx_rcc.o(.ARM.exidx), (8 bytes).
    Removing stm32f4xx_rcc.o(.ARM.exidx), (8 bytes).
    Removing stm32f4xx_rcc.o(.ARM.exidx), (8 bytes).
    Removing stm32f4xx_rcc.o(.ARM.exidx), (8 bytes).
    Removing stm32f4xx_rcc.o(.ARM.exidx), (8 bytes).
    Removing stm32f4xx_rcc.o(.ARM.exidx), (8 bytes).
    Removing stm32f4xx_rcc.o(.data), (16 bytes).
    Removing stm32f4xx_i2c.o(.rev16_text), (4 bytes).
    Removing stm32f4xx_i2c.o(.revsh_text), (4 bytes).
    Removing stm32f4xx_i2c.o(.rrx_text), (6 bytes).
    Removing stm32f4xx_i2c.o(i.I2C_ARPCmd), (24 bytes).
    Removing stm32f4xx_i2c.o(i.I2C_AcknowledgeConfig), (24 bytes).
    Removing stm32f4xx_i2c.o(i.I2C_AnalogFilterCmd), (24 bytes).
    Removing stm32f4xx_i2c.o(i.I2C_CalculatePEC), (24 bytes).
    Removing stm32f4xx_i2c.o(i.I2C_CheckEvent), (42 bytes).
    Removing stm32f4xx_i2c.o(i.I2C_ClearFlag), (12 bytes).
    Removing stm32f4xx_i2c.o(i.I2C_ClearITPendingBit), (12 bytes).
    Removing stm32f4xx_i2c.o(i.I2C_Cmd), (24 bytes).
    Removing stm32f4xx_i2c.o(i.I2C_DMACmd), (24 bytes).
    Removing stm32f4xx_i2c.o(i.I2C_DMALastTransferCmd), (24 bytes).
    Removing stm32f4xx_i2c.o(i.I2C_DeInit), (96 bytes).
    Removing stm32f4xx_i2c.o(i.I2C_DigitalFilterConfig), (22 bytes).
    Removing stm32f4xx_i2c.o(i.I2C_DualAddressCmd), (24 bytes).
    Removing stm32f4xx_i2c.o(i.I2C_FastModeDutyCycleConfig), (28 bytes).
    Removing stm32f4xx_i2c.o(i.I2C_GeneralCallCmd), (24 bytes).
    Removing stm32f4xx_i2c.o(i.I2C_GenerateSTART), (24 bytes).
    Removing stm32f4xx_i2c.o(i.I2C_GenerateSTOP), (24 bytes).
    Removing stm32f4xx_i2c.o(i.I2C_GetFlagStatus), (58 bytes).
    Removing stm32f4xx_i2c.o(i.I2C_GetITStatus), (38 bytes).
    Removing stm32f4xx_i2c.o(i.I2C_GetLastEvent), (26 bytes).
    Removing stm32f4xx_i2c.o(i.I2C_GetPEC), (8 bytes).
    Removing stm32f4xx_i2c.o(i.I2C_ITConfig), (18 bytes).
    Removing stm32f4xx_i2c.o(i.I2C_Init), (232 bytes).
    Removing stm32f4xx_i2c.o(i.I2C_NACKPositionConfig), (28 bytes).
    Removing stm32f4xx_i2c.o(i.I2C_OwnAddress2Config), (22 bytes).
    Removing stm32f4xx_i2c.o(i.I2C_PECPositionConfig), (28 bytes).
    Removing stm32f4xx_i2c.o(i.I2C_ReadRegister), (22 bytes).
    Removing stm32f4xx_i2c.o(i.I2C_ReceiveData), (8 bytes).
    Removing stm32f4xx_i2c.o(i.I2C_SMBusAlertConfig), (28 bytes).
    Removing stm32f4xx_i2c.o(i.I2C_Send7bitAddress), (16 bytes).
    Removing stm32f4xx_i2c.o(i.I2C_SendData), (4 bytes).
    Removing stm32f4xx_i2c.o(i.I2C_SoftwareResetCmd), (22 bytes).
    Removing stm32f4xx_i2c.o(i.I2C_StretchClockCmd), (24 bytes).
    Removing stm32f4xx_i2c.o(i.I2C_StructInit), (30 bytes).
    Removing stm32f4xx_i2c.o(i.I2C_TransmitPEC), (24 bytes).
    Removing stm32f4xx_i2c.o(.ARM.exidx), (8 bytes).
    Removing stm32f4xx_i2c.o(.ARM.exidx), (8 bytes).
    Removing stm32f4xx_i2c.o(.ARM.exidx), (8 bytes).
    Removing stm32f4xx_i2c.o(.ARM.exidx), (8 bytes).
    Removing stm32f4xx_i2c.o(.ARM.exidx), (8 bytes).
    Removing stm32f4xx_i2c.o(.ARM.exidx), (8 bytes).
    Removing stm32f4xx_i2c.o(.ARM.exidx), (8 bytes).
    Removing stm32f4xx_i2c.o(.ARM.exidx), (8 bytes).
    Removing stm32f4xx_i2c.o(.ARM.exidx), (8 bytes).
    Removing stm32f4xx_i2c.o(.ARM.exidx), (8 bytes).
    Removing stm32f4xx_i2c.o(.ARM.exidx), (8 bytes).
    Removing stm32f4xx_i2c.o(.ARM.exidx), (8 bytes).
    Removing stm32f4xx_i2c.o(.ARM.exidx), (8 bytes).
    Removing stm32f4xx_i2c.o(.ARM.exidx), (8 bytes).
    Removing stm32f4xx_i2c.o(.ARM.exidx), (8 bytes).
    Removing stm32f4xx_i2c.o(.ARM.exidx), (8 bytes).
    Removing stm32f4xx_i2c.o(.ARM.exidx), (8 bytes).
    Removing stm32f4xx_i2c.o(.ARM.exidx), (8 bytes).
    Removing stm32f4xx_i2c.o(.ARM.exidx), (8 bytes).
    Removing stm32f4xx_i2c.o(.ARM.exidx), (8 bytes).
    Removing stm32f4xx_i2c.o(.ARM.exidx), (8 bytes).
    Removing stm32f4xx_i2c.o(.ARM.exidx), (8 bytes).
    Removing stm32f4xx_i2c.o(.ARM.exidx), (8 bytes).
    Removing stm32f4xx_i2c.o(.ARM.exidx), (8 bytes).
    Removing stm32f4xx_i2c.o(.ARM.exidx), (8 bytes).
    Removing stm32f4xx_i2c.o(.ARM.exidx), (8 bytes).
    Removing stm32f4xx_i2c.o(.ARM.exidx), (8 bytes).
    Removing stm32f4xx_i2c.o(.ARM.exidx), (8 bytes).
    Removing stm32f4xx_i2c.o(.ARM.exidx), (8 bytes).
    Removing stm32f4xx_i2c.o(.ARM.exidx), (8 bytes).
    Removing stm32f4xx_i2c.o(.ARM.exidx), (8 bytes).
    Removing stm32f4xx_i2c.o(.ARM.exidx), (8 bytes).
    Removing stm32f4xx_i2c.o(.ARM.exidx), (8 bytes).
    Removing stm32f4xx_i2c.o(.ARM.exidx), (8 bytes).
    Removing stm32f4xx_i2c.o(.ARM.exidx), (8 bytes).
    Removing stm32f4xx_gpio.o(.rev16_text), (4 bytes).
    Removing stm32f4xx_gpio.o(.revsh_text), (4 bytes).
    Removing stm32f4xx_gpio.o(.rrx_text), (6 bytes).
    Removing stm32f4xx_gpio.o(i.GPIO_DeInit), (312 bytes).
    Removing stm32f4xx_gpio.o(i.GPIO_Init), (144 bytes).
    Removing stm32f4xx_gpio.o(i.GPIO_PinAFConfig), (70 bytes).
    Removing stm32f4xx_gpio.o(i.GPIO_PinLockConfig), (34 bytes).
    Removing stm32f4xx_gpio.o(i.GPIO_ReadInputData), (8 bytes).
    Removing stm32f4xx_gpio.o(i.GPIO_ReadInputDataBit), (18 bytes).
    Removing stm32f4xx_gpio.o(i.GPIO_ReadOutputData), (8 bytes).
    Removing stm32f4xx_gpio.o(i.GPIO_ReadOutputDataBit), (18 bytes).
    Removing stm32f4xx_gpio.o(i.GPIO_ResetBits), (4 bytes).
    Removing stm32f4xx_gpio.o(i.GPIO_SetBits), (4 bytes).
    Removing stm32f4xx_gpio.o(i.GPIO_StructInit), (18 bytes).
    Removing stm32f4xx_gpio.o(i.GPIO_ToggleBits), (8 bytes).
    Removing stm32f4xx_gpio.o(i.GPIO_Write), (4 bytes).
    Removing stm32f4xx_gpio.o(i.GPIO_WriteBit), (10 bytes).
    Removing stm32f4xx_gpio.o(.ARM.exidx), (8 bytes).
    Removing stm32f4xx_gpio.o(.ARM.exidx), (8 bytes).
    Removing stm32f4xx_gpio.o(.ARM.exidx), (8 bytes).
    Removing stm32f4xx_gpio.o(.ARM.exidx), (8 bytes).
    Removing stm32f4xx_gpio.o(.ARM.exidx), (8 bytes).
    Removing stm32f4xx_gpio.o(.ARM.exidx), (8 bytes).
    Removing stm32f4xx_gpio.o(.ARM.exidx), (8 bytes).
    Removing stm32f4xx_gpio.o(.ARM.exidx), (8 bytes).
    Removing stm32f4xx_gpio.o(.ARM.exidx), (8 bytes).
    Removing stm32f4xx_gpio.o(.ARM.exidx), (8 bytes).
    Removing stm32f4xx_gpio.o(.ARM.exidx), (8 bytes).
    Removing stm32f4xx_gpio.o(.ARM.exidx), (8 bytes).
    Removing stm32f4xx_gpio.o(.ARM.exidx), (8 bytes).
    Removing stm32f4xx_gpio.o(.ARM.exidx), (8 bytes).
    Removing stm32f4xx_spi.o(.rev16_text), (4 bytes).
    Removing stm32f4xx_spi.o(.revsh_text), (4 bytes).
    Removing stm32f4xx_spi.o(.rrx_text), (6 bytes).
    Removing stm32f4xx_spi.o(i.I2S_Cmd), (24 bytes).
    Removing stm32f4xx_spi.o(i.I2S_FullDuplexConfig), (80 bytes).
    Removing stm32f4xx_spi.o(i.I2S_Init), (436 bytes).
    Removing stm32f4xx_spi.o(i.I2S_StructInit), (20 bytes).
    Removing stm32f4xx_spi.o(i.SPI_BiDirectionalLineConfig), (28 bytes).
    Removing stm32f4xx_spi.o(i.SPI_CalculateCRC), (24 bytes).
    Removing stm32f4xx_spi.o(i.SPI_Cmd), (24 bytes).
    Removing stm32f4xx_spi.o(i.SPI_DataSizeConfig), (18 bytes).
    Removing stm32f4xx_spi.o(i.SPI_GetCRC), (16 bytes).
    Removing stm32f4xx_spi.o(i.SPI_GetCRCPolynomial), (6 bytes).
    Removing stm32f4xx_spi.o(i.SPI_I2S_ClearFlag), (6 bytes).
    Removing stm32f4xx_spi.o(i.SPI_I2S_ClearITPendingBit), (20 bytes).
    Removing stm32f4xx_spi.o(i.SPI_I2S_DMACmd), (18 bytes).
    Removing stm32f4xx_spi.o(i.SPI_I2S_DeInit), (176 bytes).
    Removing stm32f4xx_spi.o(i.SPI_I2S_GetFlagStatus), (18 bytes).
    Removing stm32f4xx_spi.o(i.SPI_I2S_GetITStatus), (52 bytes).
    Removing stm32f4xx_spi.o(i.SPI_I2S_ITConfig), (32 bytes).
    Removing stm32f4xx_spi.o(i.SPI_I2S_ReceiveData), (6 bytes).
    Removing stm32f4xx_spi.o(i.SPI_I2S_SendData), (4 bytes).
    Removing stm32f4xx_spi.o(i.SPI_Init), (60 bytes).
    Removing stm32f4xx_spi.o(i.SPI_NSSInternalSoftwareConfig), (30 bytes).
    Removing stm32f4xx_spi.o(i.SPI_SSOutputCmd), (24 bytes).
    Removing stm32f4xx_spi.o(i.SPI_StructInit), (24 bytes).
    Removing stm32f4xx_spi.o(i.SPI_TIModeCmd), (24 bytes).
    Removing stm32f4xx_spi.o(i.SPI_TransmitCRC), (10 bytes).
    Removing stm32f4xx_spi.o(.ARM.exidx), (8 bytes).
    Removing stm32f4xx_spi.o(.ARM.exidx), (8 bytes).
    Removing stm32f4xx_spi.o(.ARM.exidx), (8 bytes).
    Removing stm32f4xx_spi.o(.ARM.exidx), (8 bytes).
    Removing stm32f4xx_spi.o(.ARM.exidx), (8 bytes).
    Removing stm32f4xx_spi.o(.ARM.exidx), (8 bytes).
    Removing stm32f4xx_spi.o(.ARM.exidx), (8 bytes).
    Removing stm32f4xx_spi.o(.ARM.exidx), (8 bytes).
    Removing stm32f4xx_spi.o(.ARM.exidx), (8 bytes).
    Removing stm32f4xx_spi.o(.ARM.exidx), (8 bytes).
    Removing stm32f4xx_spi.o(.ARM.exidx), (8 bytes).
    Removing stm32f4xx_spi.o(.ARM.exidx), (8 bytes).
    Removing stm32f4xx_spi.o(.ARM.exidx), (8 bytes).
    Removing stm32f4xx_spi.o(.ARM.exidx), (8 bytes).
    Removing stm32f4xx_spi.o(.ARM.exidx), (8 bytes).
    Removing stm32f4xx_spi.o(.ARM.exidx), (8 bytes).
    Removing stm32f4xx_spi.o(.ARM.exidx), (8 bytes).
    Removing stm32f4xx_spi.o(.ARM.exidx), (8 bytes).
    Removing stm32f4xx_spi.o(.ARM.exidx), (8 bytes).
    Removing stm32f4xx_spi.o(.ARM.exidx), (8 bytes).
    Removing stm32f4xx_spi.o(.ARM.exidx), (8 bytes).
    Removing stm32f4xx_spi.o(.ARM.exidx), (8 bytes).
    Removing stm32f4xx_spi.o(.ARM.exidx), (8 bytes).
    Removing stm32f4xx_spi.o(.ARM.exidx), (8 bytes).
    Removing stm32f4xx_spi.o(.ARM.exidx), (8 bytes).
    Removing stm32f4xx_tim.o(.rev16_text), (4 bytes).
    Removing stm32f4xx_tim.o(.revsh_text), (4 bytes).
    Removing stm32f4xx_tim.o(.rrx_text), (6 bytes).
    Removing stm32f4xx_tim.o(i.TIM_ARRPreloadConfig), (24 bytes).
    Removing stm32f4xx_tim.o(i.TIM_BDTRConfig), (32 bytes).
    Removing stm32f4xx_tim.o(i.TIM_BDTRStructInit), (18 bytes).
    Removing stm32f4xx_tim.o(i.TIM_CCPreloadControl), (24 bytes).
    Removing stm32f4xx_tim.o(i.TIM_CCxCmd), (30 bytes).
    Removing stm32f4xx_tim.o(i.TIM_CCxNCmd), (30 bytes).
    Removing stm32f4xx_tim.o(i.TIM_ClearFlag), (6 bytes).
    Removing stm32f4xx_tim.o(i.TIM_ClearITPendingBit), (6 bytes).
    Removing stm32f4xx_tim.o(i.TIM_ClearOC1Ref), (18 bytes).
    Removing stm32f4xx_tim.o(i.TIM_ClearOC2Ref), (24 bytes).
    Removing stm32f4xx_tim.o(i.TIM_ClearOC3Ref), (18 bytes).
    Removing stm32f4xx_tim.o(i.TIM_ClearOC4Ref), (24 bytes).
    Removing stm32f4xx_tim.o(i.TIM_Cmd), (24 bytes).
    Removing stm32f4xx_tim.o(i.TIM_CounterModeConfig), (18 bytes).
    Removing stm32f4xx_tim.o(i.TIM_CtrlPWMOutputs), (30 bytes).
    Removing stm32f4xx_tim.o(i.TIM_DMACmd), (18 bytes).
    Removing stm32f4xx_tim.o(i.TIM_DMAConfig), (10 bytes).
    Removing stm32f4xx_tim.o(i.TIM_DeInit), (400 bytes).
    Removing stm32f4xx_tim.o(i.TIM_ETRClockMode1Config), (54 bytes).
    Removing stm32f4xx_tim.o(i.TIM_ETRClockMode2Config), (32 bytes).
    Removing stm32f4xx_tim.o(i.TIM_ETRConfig), (28 bytes).
    Removing stm32f4xx_tim.o(i.TIM_EncoderInterfaceConfig), (66 bytes).
    Removing stm32f4xx_tim.o(i.TIM_ForcedOC1Config), (18 bytes).
    Removing stm32f4xx_tim.o(i.TIM_ForcedOC2Config), (26 bytes).
    Removing stm32f4xx_tim.o(i.TIM_ForcedOC3Config), (18 bytes).
    Removing stm32f4xx_tim.o(i.TIM_ForcedOC4Config), (26 bytes).
    Removing stm32f4xx_tim.o(i.TIM_GenerateEvent), (4 bytes).
    Removing stm32f4xx_tim.o(i.TIM_GetCapture1), (6 bytes).
    Removing stm32f4xx_tim.o(i.TIM_GetCapture2), (6 bytes).
    Removing stm32f4xx_tim.o(i.TIM_GetCapture3), (6 bytes).
    Removing stm32f4xx_tim.o(i.TIM_GetCapture4), (6 bytes).
    Removing stm32f4xx_tim.o(i.TIM_GetCounter), (6 bytes).
    Removing stm32f4xx_tim.o(i.TIM_GetFlagStatus), (18 bytes).
    Removing stm32f4xx_tim.o(i.TIM_GetITStatus), (34 bytes).
    Removing stm32f4xx_tim.o(i.TIM_GetPrescaler), (6 bytes).
    Removing stm32f4xx_tim.o(i.TIM_ICInit), (110 bytes).
    Removing stm32f4xx_tim.o(i.TIM_ICStructInit), (18 bytes).
    Removing stm32f4xx_tim.o(i.TIM_ITConfig), (18 bytes).
    Removing stm32f4xx_tim.o(i.TIM_ITRxExternalClockConfig), (24 bytes).
    Removing stm32f4xx_tim.o(i.TIM_InternalClockConfig), (12 bytes).
    Removing stm32f4xx_tim.o(i.TIM_OC1FastConfig), (18 bytes).
    Removing stm32f4xx_tim.o(i.TIM_OC1Init), (124 bytes).
    Removing stm32f4xx_tim.o(i.TIM_OC1NPolarityConfig), (18 bytes).
    Removing stm32f4xx_tim.o(i.TIM_OC1PolarityConfig), (18 bytes).
    Removing stm32f4xx_tim.o(i.TIM_OC1PreloadConfig), (18 bytes).
    Removing stm32f4xx_tim.o(i.TIM_OC2FastConfig), (26 bytes).
    Removing stm32f4xx_tim.o(i.TIM_OC2Init), (164 bytes).
    Removing stm32f4xx_tim.o(i.TIM_OC2NPolarityConfig), (26 bytes).
    Removing stm32f4xx_tim.o(i.TIM_OC2PolarityConfig), (26 bytes).
    Removing stm32f4xx_tim.o(i.TIM_OC2PreloadConfig), (26 bytes).
    Removing stm32f4xx_tim.o(i.TIM_OC3FastConfig), (18 bytes).
    Removing stm32f4xx_tim.o(i.TIM_OC3Init), (160 bytes).
    Removing stm32f4xx_tim.o(i.TIM_OC3NPolarityConfig), (26 bytes).
    Removing stm32f4xx_tim.o(i.TIM_OC3PolarityConfig), (26 bytes).
    Removing stm32f4xx_tim.o(i.TIM_OC3PreloadConfig), (18 bytes).
    Removing stm32f4xx_tim.o(i.TIM_OC4FastConfig), (26 bytes).
    Removing stm32f4xx_tim.o(i.TIM_OC4Init), (120 bytes).
    Removing stm32f4xx_tim.o(i.TIM_OC4PolarityConfig), (26 bytes).
    Removing stm32f4xx_tim.o(i.TIM_OC4PreloadConfig), (26 bytes).
    Removing stm32f4xx_tim.o(i.TIM_OCStructInit), (20 bytes).
    Removing stm32f4xx_tim.o(i.TIM_PWMIConfig), (124 bytes).
    Removing stm32f4xx_tim.o(i.TIM_PrescalerConfig), (6 bytes).
    Removing stm32f4xx_tim.o(i.TIM_RemapConfig), (6 bytes).
    Removing stm32f4xx_tim.o(i.TIM_SelectCCDMA), (24 bytes).
    Removing stm32f4xx_tim.o(i.TIM_SelectCOM), (24 bytes).
    Removing stm32f4xx_tim.o(i.TIM_SelectHallSensor), (24 bytes).
    Removing stm32f4xx_tim.o(i.TIM_SelectInputTrigger), (18 bytes).
    Removing stm32f4xx_tim.o(i.TIM_SelectMasterSlaveMode), (18 bytes).
    Removing stm32f4xx_tim.o(i.TIM_SelectOCxM), (86 bytes).
    Removing stm32f4xx_tim.o(i.TIM_SelectOnePulseMode), (18 bytes).
    Removing stm32f4xx_tim.o(i.TIM_SelectOutputTrigger), (18 bytes).
    Removing stm32f4xx_tim.o(i.TIM_SelectSlaveMode), (18 bytes).
    Removing stm32f4xx_tim.o(i.TIM_SetAutoreload), (4 bytes).
    Removing stm32f4xx_tim.o(i.TIM_SetClockDivision), (18 bytes).
    Removing stm32f4xx_tim.o(i.TIM_SetCompare1), (4 bytes).
    Removing stm32f4xx_tim.o(i.TIM_SetCompare2), (4 bytes).
    Removing stm32f4xx_tim.o(i.TIM_SetCompare3), (4 bytes).
    Removing stm32f4xx_tim.o(i.TIM_SetCompare4), (4 bytes).
    Removing stm32f4xx_tim.o(i.TIM_SetCounter), (4 bytes).
    Removing stm32f4xx_tim.o(i.TIM_SetIC1Prescaler), (18 bytes).
    Removing stm32f4xx_tim.o(i.TIM_SetIC2Prescaler), (26 bytes).
    Removing stm32f4xx_tim.o(i.TIM_SetIC3Prescaler), (18 bytes).
    Removing stm32f4xx_tim.o(i.TIM_SetIC4Prescaler), (26 bytes).
    Removing stm32f4xx_tim.o(i.TIM_TIxExternalClockConfig), (62 bytes).
    Removing stm32f4xx_tim.o(i.TIM_TimeBaseInit), (132 bytes).
    Removing stm32f4xx_tim.o(i.TIM_TimeBaseStructInit), (18 bytes).
    Removing stm32f4xx_tim.o(i.TIM_UpdateDisableConfig), (24 bytes).
    Removing stm32f4xx_tim.o(i.TIM_UpdateRequestConfig), (24 bytes).
    Removing stm32f4xx_tim.o(i._ZN37_INTERNAL_15_stm32f4xx_tim_c_c458916b10TI1_ConfigEP11TIM_TypeDefttt), (58 bytes).
    Removing stm32f4xx_tim.o(i._ZN37_INTERNAL_15_stm32f4xx_tim_c_c458916b10TI2_ConfigEP11TIM_TypeDefttt), (80 bytes).
    Removing stm32f4xx_tim.o(i._ZN37_INTERNAL_15_stm32f4xx_tim_c_c458916b10TI3_ConfigEP11TIM_TypeDefttt), (72 bytes).
    Removing stm32f4xx_tim.o(i._ZN37_INTERNAL_15_stm32f4xx_tim_c_c458916b10TI4_ConfigEP11TIM_TypeDefttt), (80 bytes).
    Removing stm32f4xx_tim.o(.ARM.exidx), (8 bytes).
    Removing stm32f4xx_tim.o(.ARM.exidx), (8 bytes).
    Removing stm32f4xx_tim.o(.ARM.exidx), (8 bytes).
    Removing stm32f4xx_tim.o(.ARM.exidx), (8 bytes).
    Removing stm32f4xx_tim.o(.ARM.exidx), (8 bytes).
    Removing stm32f4xx_tim.o(.ARM.exidx), (8 bytes).
    Removing stm32f4xx_tim.o(.ARM.exidx), (8 bytes).
    Removing stm32f4xx_tim.o(.ARM.exidx), (8 bytes).
    Removing stm32f4xx_tim.o(.ARM.exidx), (8 bytes).
    Removing stm32f4xx_tim.o(.ARM.exidx), (8 bytes).
    Removing stm32f4xx_tim.o(.ARM.exidx), (8 bytes).
    Removing stm32f4xx_tim.o(.ARM.exidx), (8 bytes).
    Removing stm32f4xx_tim.o(.ARM.exidx), (8 bytes).
    Removing stm32f4xx_tim.o(.ARM.exidx), (8 bytes).
    Removing stm32f4xx_tim.o(.ARM.exidx), (8 bytes).
    Removing stm32f4xx_tim.o(.ARM.exidx), (8 bytes).
    Removing stm32f4xx_tim.o(.ARM.exidx), (8 bytes).
    Removing stm32f4xx_tim.o(.ARM.exidx), (8 bytes).
    Removing stm32f4xx_tim.o(.ARM.exidx), (8 bytes).
    Removing stm32f4xx_tim.o(.ARM.exidx), (8 bytes).
    Removing stm32f4xx_tim.o(.ARM.exidx), (8 bytes).
    Removing stm32f4xx_tim.o(.ARM.exidx), (8 bytes).
    Removing stm32f4xx_tim.o(.ARM.exidx), (8 bytes).
    Removing stm32f4xx_tim.o(.ARM.exidx), (8 bytes).
    Removing stm32f4xx_tim.o(.ARM.exidx), (8 bytes).
    Removing stm32f4xx_tim.o(.ARM.exidx), (8 bytes).
    Removing stm32f4xx_tim.o(.ARM.exidx), (8 bytes).
    Removing stm32f4xx_tim.o(.ARM.exidx), (8 bytes).
    Removing stm32f4xx_tim.o(.ARM.exidx), (8 bytes).
    Removing stm32f4xx_tim.o(.ARM.exidx), (8 bytes).
    Removing stm32f4xx_tim.o(.ARM.exidx), (8 bytes).
    Removing stm32f4xx_tim.o(.ARM.exidx), (8 bytes).
    Removing stm32f4xx_tim.o(.ARM.exidx), (8 bytes).
    Removing stm32f4xx_tim.o(.ARM.exidx), (8 bytes).
    Removing stm32f4xx_tim.o(.ARM.exidx), (8 bytes).
    Removing stm32f4xx_tim.o(.ARM.exidx), (8 bytes).
    Removing stm32f4xx_tim.o(.ARM.exidx), (8 bytes).
    Removing stm32f4xx_tim.o(.ARM.exidx), (8 bytes).
    Removing stm32f4xx_tim.o(.ARM.exidx), (8 bytes).
    Removing stm32f4xx_tim.o(.ARM.exidx), (8 bytes).
    Removing stm32f4xx_tim.o(.ARM.exidx), (8 bytes).
    Removing stm32f4xx_tim.o(.ARM.exidx), (8 bytes).
    Removing stm32f4xx_tim.o(.ARM.exidx), (8 bytes).
    Removing stm32f4xx_tim.o(.ARM.exidx), (8 bytes).
    Removing stm32f4xx_tim.o(.ARM.exidx), (8 bytes).
    Removing stm32f4xx_tim.o(.ARM.exidx), (8 bytes).
    Removing stm32f4xx_tim.o(.ARM.exidx), (8 bytes).
    Removing stm32f4xx_tim.o(.ARM.exidx), (8 bytes).
    Removing stm32f4xx_tim.o(.ARM.exidx), (8 bytes).
    Removing stm32f4xx_tim.o(.ARM.exidx), (8 bytes).
    Removing stm32f4xx_tim.o(.ARM.exidx), (8 bytes).
    Removing stm32f4xx_tim.o(.ARM.exidx), (8 bytes).
    Removing stm32f4xx_tim.o(.ARM.exidx), (8 bytes).
    Removing stm32f4xx_tim.o(.ARM.exidx), (8 bytes).
    Removing stm32f4xx_tim.o(.ARM.exidx), (8 bytes).
    Removing stm32f4xx_tim.o(.ARM.exidx), (8 bytes).
    Removing stm32f4xx_tim.o(.ARM.exidx), (8 bytes).
    Removing stm32f4xx_tim.o(.ARM.exidx), (8 bytes).
    Removing stm32f4xx_tim.o(.ARM.exidx), (8 bytes).
    Removing stm32f4xx_tim.o(.ARM.exidx), (8 bytes).
    Removing stm32f4xx_tim.o(.ARM.exidx), (8 bytes).
    Removing stm32f4xx_tim.o(.ARM.exidx), (8 bytes).
    Removing stm32f4xx_tim.o(.ARM.exidx), (8 bytes).
    Removing stm32f4xx_tim.o(.ARM.exidx), (8 bytes).
    Removing stm32f4xx_tim.o(.ARM.exidx), (8 bytes).
    Removing stm32f4xx_tim.o(.ARM.exidx), (8 bytes).
    Removing stm32f4xx_tim.o(.ARM.exidx), (8 bytes).
    Removing stm32f4xx_tim.o(.ARM.exidx), (8 bytes).
    Removing stm32f4xx_tim.o(.ARM.exidx), (8 bytes).
    Removing stm32f4xx_tim.o(.ARM.exidx), (8 bytes).
    Removing stm32f4xx_tim.o(.ARM.exidx), (8 bytes).
    Removing stm32f4xx_tim.o(.ARM.exidx), (8 bytes).
    Removing stm32f4xx_tim.o(.ARM.exidx), (8 bytes).
    Removing stm32f4xx_tim.o(.ARM.exidx), (8 bytes).
    Removing stm32f4xx_tim.o(.ARM.exidx), (8 bytes).
    Removing stm32f4xx_tim.o(.ARM.exidx), (8 bytes).
    Removing stm32f4xx_tim.o(.ARM.exidx), (8 bytes).
    Removing stm32f4xx_tim.o(.ARM.exidx), (8 bytes).
    Removing stm32f4xx_tim.o(.ARM.exidx), (8 bytes).
    Removing stm32f4xx_tim.o(.ARM.exidx), (8 bytes).
    Removing stm32f4xx_tim.o(.ARM.exidx), (8 bytes).
    Removing stm32f4xx_tim.o(.ARM.exidx), (8 bytes).
    Removing stm32f4xx_tim.o(.ARM.exidx), (8 bytes).
    Removing stm32f4xx_tim.o(.ARM.exidx), (8 bytes).
    Removing stm32f4xx_tim.o(.ARM.exidx), (8 bytes).
    Removing stm32f4xx_tim.o(.ARM.exidx), (8 bytes).
    Removing stm32f4xx_tim.o(.ARM.exidx), (8 bytes).
    Removing stm32f4xx_tim.o(.ARM.exidx), (8 bytes).
    Removing stm32f4xx_tim.o(.ARM.exidx), (8 bytes).
    Removing stm32f4xx_tim.o(.ARM.exidx), (8 bytes).
    Removing stm32f4xx_tim.o(.ARM.exidx), (8 bytes).
    Removing stm32f4xx_tim.o(.ARM.exidx), (8 bytes).
    Removing stm32f4xx_usart.o(.rev16_text), (4 bytes).
    Removing stm32f4xx_usart.o(.revsh_text), (4 bytes).
    Removing stm32f4xx_usart.o(.rrx_text), (6 bytes).
    Removing stm32f4xx_usart.o(i.USART_ClearFlag), (18 bytes).
    Removing stm32f4xx_usart.o(i.USART_ClearITPendingBit), (30 bytes).
    Removing stm32f4xx_usart.o(i.USART_ClockInit), (32 bytes).
    Removing stm32f4xx_usart.o(i.USART_ClockStructInit), (12 bytes).
    Removing stm32f4xx_usart.o(i.USART_Cmd), (24 bytes).
    Removing stm32f4xx_usart.o(i.USART_DMACmd), (18 bytes).
    Removing stm32f4xx_usart.o(i.USART_DeInit), (240 bytes).
    Removing stm32f4xx_usart.o(i.USART_GetFlagStatus), (26 bytes).
    Removing stm32f4xx_usart.o(i.USART_GetITStatus), (84 bytes).
    Removing stm32f4xx_usart.o(i.USART_HalfDuplexCmd), (24 bytes).
    Removing stm32f4xx_usart.o(i.USART_ITConfig), (74 bytes).
    Removing stm32f4xx_usart.o(i.USART_Init), (212 bytes).
    Removing stm32f4xx_usart.o(i.USART_IrDACmd), (24 bytes).
    Removing stm32f4xx_usart.o(i.USART_IrDAConfig), (18 bytes).
    Removing stm32f4xx_usart.o(i.USART_LINBreakDetectLengthConfig), (18 bytes).
    Removing stm32f4xx_usart.o(i.USART_LINCmd), (24 bytes).
    Removing stm32f4xx_usart.o(i.USART_OneBitMethodCmd), (24 bytes).
    Removing stm32f4xx_usart.o(i.USART_OverSampling8Cmd), (22 bytes).
    Removing stm32f4xx_usart.o(i.USART_ReceiveData), (10 bytes).
    Removing stm32f4xx_usart.o(i.USART_ReceiverWakeUpCmd), (24 bytes).
    Removing stm32f4xx_usart.o(i.USART_SendBreak), (10 bytes).
    Removing stm32f4xx_usart.o(i.USART_SendData), (8 bytes).
    Removing stm32f4xx_usart.o(i.USART_SetAddress), (18 bytes).
    Removing stm32f4xx_usart.o(i.USART_SetGuardTime), (16 bytes).
    Removing stm32f4xx_usart.o(i.USART_SetPrescaler), (16 bytes).
    Removing stm32f4xx_usart.o(i.USART_SmartCardCmd), (24 bytes).
    Removing stm32f4xx_usart.o(i.USART_SmartCardNACKCmd), (24 bytes).
    Removing stm32f4xx_usart.o(i.USART_StructInit), (24 bytes).
    Removing stm32f4xx_usart.o(i.USART_WakeUpConfig), (18 bytes).
    Removing stm32f4xx_usart.o(.ARM.exidx), (8 bytes).
    Removing stm32f4xx_usart.o(.ARM.exidx), (8 bytes).
    Removing stm32f4xx_usart.o(.ARM.exidx), (8 bytes).
    Removing stm32f4xx_usart.o(.ARM.exidx), (8 bytes).
    Removing stm32f4xx_usart.o(.ARM.exidx), (8 bytes).
    Removing stm32f4xx_usart.o(.ARM.exidx), (8 bytes).
    Removing stm32f4xx_usart.o(.ARM.exidx), (8 bytes).
    Removing stm32f4xx_usart.o(.ARM.exidx), (8 bytes).
    Removing stm32f4xx_usart.o(.ARM.exidx), (8 bytes).
    Removing stm32f4xx_usart.o(.ARM.exidx), (8 bytes).
    Removing stm32f4xx_usart.o(.ARM.exidx), (8 bytes).
    Removing stm32f4xx_usart.o(.ARM.exidx), (8 bytes).
    Removing stm32f4xx_usart.o(.ARM.exidx), (8 bytes).
    Removing stm32f4xx_usart.o(.ARM.exidx), (8 bytes).
    Removing stm32f4xx_usart.o(.ARM.exidx), (8 bytes).
    Removing stm32f4xx_usart.o(.ARM.exidx), (8 bytes).
    Removing stm32f4xx_usart.o(.ARM.exidx), (8 bytes).
    Removing stm32f4xx_usart.o(.ARM.exidx), (8 bytes).
    Removing stm32f4xx_usart.o(.ARM.exidx), (8 bytes).
    Removing stm32f4xx_usart.o(.ARM.exidx), (8 bytes).
    Removing stm32f4xx_usart.o(.ARM.exidx), (8 bytes).
    Removing stm32f4xx_usart.o(.ARM.exidx), (8 bytes).
    Removing stm32f4xx_usart.o(.ARM.exidx), (8 bytes).
    Removing stm32f4xx_usart.o(.ARM.exidx), (8 bytes).
    Removing stm32f4xx_usart.o(.ARM.exidx), (8 bytes).
    Removing stm32f4xx_usart.o(.ARM.exidx), (8 bytes).
    Removing stm32f4xx_usart.o(.ARM.exidx), (8 bytes).
    Removing stm32f4xx_usart.o(.ARM.exidx), (8 bytes).
    Removing stm32f4xx_usart.o(.ARM.exidx), (8 bytes).
    Removing system_stm32f4xx.o(.rev16_text), (4 bytes).
    Removing system_stm32f4xx.o(.revsh_text), (4 bytes).
    Removing system_stm32f4xx.o(.rrx_text), (6 bytes).
    Removing system_stm32f4xx.o(i.SystemCoreClockUpdate), (192 bytes).
    Removing system_stm32f4xx.o(.ARM.exidx), (8 bytes).
    Removing system_stm32f4xx.o(.ARM.exidx), (8 bytes).
    Removing system_stm32f4xx.o(.constdata), (16 bytes).
    Removing system_stm32f4xx.o(.data), (4 bytes).

710 unused section(s) (total 16004 bytes) removed from the image.
