Component: ARM Compiler 5.06 update 6 (build 750) Tool: armlink [4d35ed]

==============================================================================

Section Cross References

    main.o(i._Z10initializev) refers to eeprom.o(i._Z11EEPROM_Initv) for EEPROM_Init()
    main.o(i._Z10initializev) refers to wdtimer.o(i._Z12WDTimer_Initv) for WDTimer_Init()
    main.o(i._Z11SPITestmainv) refers to uart.o(i._Z10UART3_Initj) for UART3_Init(unsigned)
    main.o(i._Z11SPITestmainv) refers to spi.o(i._Z9SPI_Init8v) for SPI_Init8()
    main.o(i._Z11SPITestmainv) refers to stm32f4xx_rcc.o(i.RCC_AHB1PeriphClockCmd) for RCC_AHB1PeriphClockCmd
    main.o(i._Z11SPITestmainv) refers to stm32f4xx_gpio.o(i.GPIO_Init) for GPIO_Init
    main.o(i._Z11SPITestmainv) refers to rt_memcpy_w.o(.text) for __aeabi_memcpy4
    main.o(i._Z11SPITestmainv) refers to strlen.o(.text) for strlen
    main.o(i._Z11SPITestmainv) refers to uart.o(i._Z11UART3_WritePcj) for UART3_Write(char*, unsigned)
    main.o(i._Z11SPITestmainv) refers to spi.o(i._Z10SPI_Write8Phj) for SPI_Write8(unsigned char*, unsigned)
    main.o(i._Z11SPITestmainv) refers to main.o(.constdata) for .constdata
    main.o(i._Z12UARTTestmainv) refers to uart.o(i._Z10UART3_Initj) for UART3_Init(unsigned)
    main.o(i._Z12UARTTestmainv) refers to strlen.o(.text) for strlen
    main.o(i._Z12UARTTestmainv) refers to uart.o(i._Z11UART3_WritePcj) for UART3_Write(char*, unsigned)
    main.o(i._Z12gyroTestmainv) refers to uart.o(i._Z10UART3_Initj) for UART3_Init(unsigned)
    main.o(i._Z8Mainmainv) refers to main.o(i._Z10initializev) for initialize()
    main.o(i._Z8Mainmainv) refers to wdtimer.o(i._Z13WDTimer_Startv) for WDTimer_Start()
    main.o(i._Z8Mainmainv) refers to voltage.o(i._Z14Voltage_IsSafev) for Voltage_IsSafe()
    main.o(i._Z8Mainmainv) refers to current.o(i._Z14Current_IsSafev) for Current_IsSafe()
    main.o(i._Z8Mainmainv) refers to temperature.o(i._Z18Temperature_IsSafev) for Temperature_IsSafe()
    main.o(i._Z8Mainmainv) refers to voltage.o(i._Z26Voltage_UpdateMeasurementsv) for Voltage_UpdateMeasurements()
    main.o(i._Z8Mainmainv) refers to current.o(i._Z26Current_UpdateMeasurementsv) for Current_UpdateMeasurements()
    main.o(i._Z8Mainmainv) refers to temperature.o(i._Z30Temperature_UpdateMeasurementsv) for Temperature_UpdateMeasurements()
    main.o(i._Z8Mainmainv) refers to terminal.o(i._Z19Terminal_CheckInputv) for Terminal_CheckInput()
    main.o(i._Z8Mainmainv) refers to wdtimer.o(i._Z13WDTimer_Resetv) for WDTimer_Reset()
    main.o(i.main) refers to uart.o(i._Z10UART3_Initj) for UART3_Init(unsigned)
    main.o(i.main) refers to ltc6811.o(i._Z12LTC6811_InitP9cell_asic) for LTC6811_Init(cell_asic*)
    main.o(i.main) refers to ltc681x.o(i._Z12wakeup_sleeph) for wakeup_sleep(unsigned char)
    main.o(i.main) refers to ltc6811.o(i._Z12LTC6811_adcvhhh) for LTC6811_adcv(unsigned char, unsigned char, unsigned char)
    main.o(i.main) refers to uart.o(i._Z11UART3_WritePcj) for UART3_Write(char*, unsigned)
    main.o(i.main) refers to ltc6811.o(i._Z12LTC6811_rdcvhhP9cell_asic) for LTC6811_rdcv(unsigned char, unsigned char, cell_asic*)
    main.o(i.main) refers to main.o(i._Z10printCellsP9cell_asic) for printCells(cell_asic*)
    main.o(.ARM.exidx) refers to main.o(i._Z10initializev) for i._Z10initializev
    main.o(.ARM.exidx) refers to main.o(i._Z8Mainmainv) for i._Z8Mainmainv
    main.o(.ARM.exidx) refers to main.o(i._Z10printCellsP9cell_asic) for i._Z10printCellsP9cell_asic
    main.o(.ARM.exidx) refers to main.o(i.main) for i.main
    main.o(.ARM.exidx) refers to main.o(i._Z11SPITestmainv) for i._Z11SPITestmainv
    main.o(.ARM.exidx) refers to main.o(i._Z12UARTTestmainv) for i._Z12UARTTestmainv
    main.o(.ARM.exidx) refers to main.o(i._Z12gyroTestmainv) for i._Z12gyroTestmainv
    current.o(i._Z12Current_Initt) refers to current.o(i._Z17Current_SetLimitst) for Current_SetLimits(unsigned short)
    current.o(i._Z14Current_IsSafev) refers to current.o(.data) for HighPrecisionCurrent
    current.o(i._Z17Current_SetLimitst) refers to current.o(.data) for MaxCurrentLimit
    current.o(i._Z27Current_LowPrecisionAmperesv) refers to current.o(.data) for LowPrecisionCurrent
    current.o(i._Z28Current_HighPrecisionAmperesv) refers to current.o(.data) for HighPrecisionCurrent
    current.o(.ARM.exidx) refers to current.o(i._Z17Current_SetLimitst) for i._Z17Current_SetLimitst
    current.o(.ARM.exidx) refers to current.o(i._Z12Current_Initt) for i._Z12Current_Initt
    current.o(.ARM.exidx) refers to current.o(i._Z26Current_UpdateMeasurementsv) for i._Z26Current_UpdateMeasurementsv
    current.o(.ARM.exidx) refers to current.o(i._Z14Current_IsSafev) for i._Z14Current_IsSafev
    current.o(.ARM.exidx) refers to current.o(i._Z28Current_HighPrecisionAmperesv) for i._Z28Current_HighPrecisionAmperesv
    current.o(.ARM.exidx) refers to current.o(i._Z27Current_LowPrecisionAmperesv) for i._Z27Current_LowPrecisionAmperesv
[...]
    Removing stm32f4xx_tim.o(.ARM.exidx), (8 bytes).
    Removing stm32f4xx_tim.o(.ARM.exidx), (8 bytes).
    Removing stm32f4xx_tim.o(.ARM.exidx), (8 bytes).
    Removing stm32f4xx_tim.o(.ARM.exidx), (8 bytes).
    Removing stm32f4xx_tim.o(.ARM.exidx), (8 bytes).
    Removing stm32f4xx_tim.o(.ARM.exidx), (8 bytes).
    Removing stm32f4xx_tim.o(.ARM.exidx), (8 bytes).
    Removing stm32f4xx_tim.o(.ARM.exidx), (8 bytes).
    Removing stm32f4xx_tim.o(.ARM.exidx), (8 bytes).
    Removing stm32f4xx_tim.o(.ARM.exidx), (8 bytes).
    Removing stm32f4xx_tim.o(.ARM.exidx), (8 bytes).
    Removing stm32f4xx_tim.o(.ARM.exidx), (8 bytes).
    Removing stm32f4xx_usart.o(.rev16_text), (4 bytes).
    Removing stm32f4xx_usart.o(.revsh_text), (4 bytes).
    Removing stm32f4xx_usart.o(.rrx_text), (6 bytes).
    Removing stm32f4xx_usart.o(i.USART_ClearFlag), (18 bytes).
    Removing stm32f4xx_usart.o(i.USART_ClearITPendingBit), (30 bytes).
    Removing stm32f4xx_usart.o(i.USART_ClockInit), (32 bytes).
    Removing stm32f4xx_usart.o(i.USART_ClockStructInit), (12 bytes).
    Removing stm32f4xx_usart.o(i.USART_DMACmd), (18 bytes).
    Removing stm32f4xx_usart.o(i.USART_DeInit), (240 bytes).
    Removing stm32f4xx_usart.o(i.USART_GetFlagStatus), (26 bytes).
    Removing stm32f4xx_usart.o(i.USART_GetITStatus), (84 bytes).
    Removing stm32f4xx_usart.o(i.USART_HalfDuplexCmd), (24 bytes).
    Removing stm32f4xx_usart.o(i.USART_ITConfig), (74 bytes).
    Removing stm32f4xx_usart.o(i.USART_IrDACmd), (24 bytes).
    Removing stm32f4xx_usart.o(i.USART_IrDAConfig), (18 bytes).
    Removing stm32f4xx_usart.o(i.USART_LINBreakDetectLengthConfig), (18 bytes).
    Removing stm32f4xx_usart.o(i.USART_LINCmd), (24 bytes).
    Removing stm32f4xx_usart.o(i.USART_OneBitMethodCmd), (24 bytes).
    Removing stm32f4xx_usart.o(i.USART_OverSampling8Cmd), (22 bytes).
    Removing stm32f4xx_usart.o(i.USART_ReceiveData), (10 bytes).
    Removing stm32f4xx_usart.o(i.USART_ReceiverWakeUpCmd), (24 bytes).
    Removing stm32f4xx_usart.o(i.USART_SendBreak), (10 bytes).
    Removing stm32f4xx_usart.o(i.USART_SendData), (8 bytes).
    Removing stm32f4xx_usart.o(i.USART_SetAddress), (18 bytes).
    Removing stm32f4xx_usart.o(i.USART_SetGuardTime), (16 bytes).
    Removing stm32f4xx_usart.o(i.USART_SetPrescaler), (16 bytes).
    Removing stm32f4xx_usart.o(i.USART_SmartCardCmd), (24 bytes).
    Removing stm32f4xx_usart.o(i.USART_SmartCardNACKCmd), (24 bytes).
    Removing stm32f4xx_usart.o(i.USART_StructInit), (24 bytes).
    Removing stm32f4xx_usart.o(i.USART_WakeUpConfig), (18 bytes).
    Removing stm32f4xx_usart.o(.ARM.exidx), (8 bytes).
    Removing stm32f4xx_usart.o(.ARM.exidx), (8 bytes).
    Removing stm32f4xx_usart.o(.ARM.exidx), (8 bytes).
    Removing stm32f4xx_usart.o(.ARM.exidx), (8 bytes).
    Removing stm32f4xx_usart.o(.ARM.exidx), (8 bytes).
    Removing stm32f4xx_usart.o(.ARM.exidx), (8 bytes).
    Removing stm32f4xx_usart.o(.ARM.exidx), (8 bytes).
    Removing stm32f4xx_usart.o(.ARM.exidx), (8 bytes).
    Removing stm32f4xx_usart.o(.ARM.exidx), (8 bytes).
    Removing stm32f4xx_usart.o(.ARM.exidx), (8 bytes).
    Removing stm32f4xx_usart.o(.ARM.exidx), (8 bytes).
    Removing stm32f4xx_usart.o(.ARM.exidx), (8 bytes).
    Removing stm32f4xx_usart.o(.ARM.exidx), (8 bytes).
    Removing stm32f4xx_usart.o(.ARM.exidx), (8 bytes).
    Removing stm32f4xx_usart.o(.ARM.exidx), (8 bytes).
    Removing stm32f4xx_usart.o(.ARM.exidx), (8 bytes).
    Removing stm32f4xx_usart.o(.ARM.exidx), (8 bytes).
    Removing stm32f4xx_usart.o(.ARM.exidx), (8 bytes).
    Removing stm32f4xx_usart.o(.ARM.exidx), (8 bytes).
    Removing stm32f4xx_usart.o(.ARM.exidx), (8 bytes).
    Removing stm32f4xx_usart.o(.ARM.exidx), (8 bytes).
    Removing stm32f4xx_usart.o(.ARM.exidx), (8 bytes).
    Removing stm32f4xx_usart.o(.ARM.exidx), (8 bytes).
    Removing stm32f4xx_usart.o(.ARM.exidx), (8 bytes).
    Removing stm32f4xx_usart.o(.ARM.exidx), (8 bytes).
    Removing stm32f4xx_usart.o(.ARM.exidx), (8 bytes).
    Removing stm32f4xx_usart.o(.ARM.exidx), (8 bytes).
    Removing stm32f4xx_usart.o(.ARM.exidx), (8 bytes).
    Removing stm32f4xx_usart.o(.ARM.exidx), (8 bytes).
    Removing system_stm32f4xx.o(.rev16_text), (4 bytes).
    Removing system_stm32f4xx.o(.revsh_text), (4 bytes).
    Removing system_stm32f4xx.o(.rrx_text), (6 bytes).
    Removing system_stm32f4xx.o(i.SystemCoreClockUpdate), (192 bytes).
    Removing system_stm32f4xx.o(.ARM.exidx), (8 bytes).
    Removing system_stm32f4xx.o(.ARM.exidx), (8 bytes).
    Removing system_stm32f4xx.o(.constdata), (16 bytes).

939 unused section(s) (total 23484 bytes) removed from the image.

==============================================================================

Image Symbol Table

    Local Symbols

    Symbol Name                              Value     Ov Type        Size  Object(Section)

    ../clib/angel/boardlib.s                 0x00000000   Number         0  boardinit1.o ABSOLUTE
    ../clib/angel/boardlib.s                 0x00000000   Number         0  boardinit2.o ABSOLUTE
    ../clib/angel/boardlib.s                 0x00000000   Number         0  boardinit3.o ABSOLUTE
    ../clib/angel/boardlib.s                 0x00000000   Number         0  boardshut.o ABSOLUTE
    ../clib/angel/handlers.s                 0x00000000   Number         0  __scatter_copy.o ABSOLUTE
    ../clib/angel/handlers.s                 0x00000000   Number         0  __scatter_zi.o ABSOLUTE
    ../clib/angel/kernel.s                   0x00000000   Number         0  rtexit2.o ABSOLUTE
    ../clib/angel/kernel.s                   0x00000000   Number         0  rtexit.o ABSOLUTE
    ../clib/angel/kernel.s                   0x00000000   Number         0  __rtentry.o ABSOLUTE
    ../clib/angel/kernel.s                   0x00000000   Number         0  __rtentry4.o ABSOLUTE
    ../clib/angel/kernel.s                   0x00000000   Number         0  __rtentry2.o ABSOLUTE
    ../clib/angel/rt.s                       0x00000000   Number         0  rt_raise.o ABSOLUTE
    ../clib/angel/rt.s                       0x00000000   Number         0  rt_locale.o ABSOLUTE
    ../clib/angel/rt.s                       0x00000000   Number         0  rt_heap_descriptor.o ABSOLUTE
    ../clib/angel/rt.s                       0x00000000   Number         0  rt_heap_descriptor_intlibspace.o ABSOLUTE
    ../clib/angel/rt.s                       0x00000000   Number         0  rt_locale_intlibspace.o ABSOLUTE
    ../clib/angel/rt.s                       0x00000000   Number         0  rt_errno_addr_intlibspace.o ABSOLUTE
    ../clib/angel/rt.s                       0x00000000   Number         0  rt_ctype_table.o ABSOLUTE
    ../clib/angel/rt.s                       0x00000000   Number         0  rt_errno_addr.o ABSOLUTE
    ../clib/angel/scatter.s                  0x00000000   Number         0  __scatter.o ABSOLUTE
    ../clib/angel/startup.s                  0x00000000   Number         0  __main.o ABSOLUTE
    ../clib/angel/sys.s                      0x00000000   Number         0  indicate_semi.o ABSOLUTE
    ../clib/angel/sys.s                      0x00000000   Number         0  sys_stackheap_outer.o ABSOLUTE
    ../clib/angel/sys.s                      0x00000000   Number         0  mutex_dummy.o ABSOLUTE
    ../clib/angel/sys.s                      0x00000000   Number         0  use_no_semi.o ABSOLUTE
    ../clib/angel/sys.s                      0x00000000   Number         0  libspace.o ABSOLUTE
    ../clib/angel/sysapp.c                   0x00000000   Number         0  sys_wrch.o ABSOLUTE
    ../clib/angel/sysapp.c                   0x00000000   Number         0  sys_exit.o ABSOLUTE
    ../clib/angel/sysapp.c                   0x00000000   Number         0  sys_io.o ABSOLUTE
    ../clib/angel/sysapp.c                   0x00000000   Number         0  sys_command.o ABSOLUTE
    ../clib/armsys.c                         0x00000000   Number         0  no_argv.o ABSOLUTE
    ../clib/armsys.c                         0x00000000   Number         0  _get_argv_nomalloc.o ABSOLUTE
    ../clib/armsys.c                         0x00000000   Number         0  _get_argv.o ABSOLUTE
    ../clib/armsys.c                         0x00000000   Number         0  argv_veneer.o ABSOLUTE
    ../clib/armsys.c                         0x00000000   Number         0  argv_veneer.o ABSOLUTE
    ../clib/assert.c                         0x00000000   Number         0  assert_stdio.o ABSOLUTE
    ../clib/ctype.c                          0x00000000   Number         0  isspace.o ABSOLUTE
    ../clib/heap1.c                          0x00000000   Number         0  h1_free_mt.o ABSOLUTE
    ../clib/heap1.c                          0x00000000   Number         0  h1_alloc_mt.o ABSOLUTE
    ../clib/heap1.c                          0x00000000   Number         0  h1_extend_mt.o ABSOLUTE
    ../clib/heap1.c                          0x00000000   Number         0  h1_extend.o ABSOLUTE
    ../clib/heap1.c                          0x00000000   Number         0  h1_alloc.o ABSOLUTE
    ../clib/heap1.c                          0x00000000   Number         0  h1_free.o ABSOLUTE
    ../clib/heap1.c                          0x00000000   Number         0  h1_init.o ABSOLUTE
    ../clib/heap1.c                          0x00000000   Number         0  h1_init_mt.o ABSOLUTE
    ../clib/heap1.c                          0x00000000   Number         0  h1_final.o ABSOLUTE
    ../clib/heap1.c                          0x00000000   Number         0  h1_final_mt.o ABSOLUTE
    ../clib/heap2.c                          0x00000000   Number         0  heap2.o ABSOLUTE
    ../clib/heap2.c                          0x00000000   Number         0  heap2mt.o ABSOLUTE
    ../clib/heap2.c                          0x00000000   Number         0  fdtree.o ABSOLUTE
    ../clib/heapalloc.c                      0x00000000   Number         0  malloc.o ABSOLUTE
    ../clib/heapalloc.c                      0x00000000   Number         0  free.o ABSOLUTE
    ../clib/heapalloc.c                      0x00000000   Number         0  term_alloc.o ABSOLUTE
    ../clib/heapalloc.c                      0x00000000   Number         0  maybetermalloc1.o ABSOLUTE
    ../clib/heapalloc.c                      0x00000000   Number         0  maybetermalloc2.o ABSOLUTE
    ../clib/heapalloc.c                      0x00000000   Number         0  hguard.o ABSOLUTE
    ../clib/heapalloc.c                      0x00000000   Number         0  maybetermalloc1.o ABSOLUTE
    ../clib/heapalloc.c                      0x00000000   Number         0  init_alloc.o ABSOLUTE
    ../clib/heapalloc.c                      0x00000000   Number         0  hrguard.o ABSOLUTE
    ../clib/heapalloc.c                      0x00000000   Number         0  heapstubs.o ABSOLUTE
    ../clib/heapalloc.c                      0x00000000   Number         0  maybetermalloc2.o ABSOLUTE
    ../clib/heapaux.c                        0x00000000   Number         0  heapauxi.o ABSOLUTE
    ../clib/heapaux.c                        0x00000000   Number         0  heapauxa.o ABSOLUTE
    ../clib/libinit.s                        0x00000000   Number         0  libshutdown.o ABSOLUTE
    ../clib/libinit.s                        0x00000000   Number         0  libshutdown2.o ABSOLUTE
    ../clib/libinit.s                        0x00000000   Number         0  libinit2.o ABSOLUTE
    ../clib/libinit.s                        0x00000000   Number         0  libinit.o ABSOLUTE
    ../clib/locale.s                         0x00000000   Number         0  lc_ctype_c.o ABSOLUTE
    ../clib/memcpset.s                       0x00000000   Number         0  rt_memcpy_w.o ABSOLUTE
    ../clib/memcpset.s                       0x00000000   Number         0  rt_memclr_w.o ABSOLUTE
    ../clib/memcpset.s                       0x00000000   Number         0  strcmpv7m.o ABSOLUTE
    ../clib/memcpset.s                       0x00000000   Number         0  rt_memcpy_v6.o ABSOLUTE
    ../clib/printf.c                         0x00000000   Number         0  __printf_ss.o ABSOLUTE
    ../clib/printf.c                         0x00000000   Number         0  __printf_flags_ss.o ABSOLUTE
    ../clib/printf.c                         0x00000000   Number         0  __printf_flags_ss_wp.o ABSOLUTE
    ../clib/printf.c                         0x00000000   Number         0  __printf_ss_wp.o ABSOLUTE
    ../clib/printf.c                         0x00000000   Number         0  __2printf.o ABSOLUTE
    ../clib/printf.c                         0x00000000   Number         0  noretval__2printf.o ABSOLUTE
    ../clib/printf.c                         0x00000000   Number         0  __printf_flags.o ABSOLUTE
    ../clib/printf.c                         0x00000000   Number         0  noretval__2sprintf.o ABSOLUTE
    ../clib/printf.c                         0x00000000   Number         0  __printf_flags_wp.o ABSOLUTE
    ../clib/printf.c                         0x00000000   Number         0  __printf.o ABSOLUTE
    ../clib/printf.c                         0x00000000   Number         0  _printf_char_file.o ABSOLUTE
    ../clib/printf.c                         0x00000000   Number         0  _printf_char.o ABSOLUTE
    ../clib/printf.c                         0x00000000   Number         0  _sputc.o ABSOLUTE
    ../clib/printf.c                         0x00000000   Number         0  __printf_wp.o ABSOLUTE
    ../clib/printf.c                         0x00000000   Number         0  _printf_str.o ABSOLUTE
    ../clib/printf.c                         0x00000000   Number         0  _printf_char_file_locked.o ABSOLUTE
    ../clib/printf.c                         0x00000000   Number         0  _printf_char_common.o ABSOLUTE
    ../clib/printf.c                         0x00000000   Number         0  _printf_intcommon.o ABSOLUTE
    ../clib/printf.c                         0x00000000   Number         0  __printf_nopercent.o ABSOLUTE
    ../clib/printf.c                         0x00000000   Number         0  _printf_dec.o ABSOLUTE
    ../clib/printf.c                         0x00000000   Number         0  __2sprintf.o ABSOLUTE
    ../clib/printf_percent.s                 0x00000000   Number         0  _printf_percent_end.o ABSOLUTE
    ../clib/printf_percent.s                 0x00000000   Number         0  _printf_percent.o ABSOLUTE
    ../clib/printf_percent.s                 0x00000000   Number         0  _printf_d.o ABSOLUTE
    ../clib/printf_percent.s                 0x00000000   Number         0  _printf_s.o ABSOLUTE
    ../clib/printf_percent.s                 0x00000000   Number         0  _printf_u.o ABSOLUTE
    ../clib/scanf.c                          0x00000000   Number         0  scanf_char_file.o ABSOLUTE
    ../clib/scanf.c                          0x00000000   Number         0  scanf_char.o ABSOLUTE
    ../clib/scanf.c                          0x00000000   Number         0  _scanf_str.o ABSOLUTE
    ../clib/scanf.c                          0x00000000   Number         0  _scanf.o ABSOLUTE
    ../clib/scanf.c                          0x00000000   Number         0  scanf_char_file_locked.o ABSOLUTE
    ../clib/scanf.c                          0x00000000   Number         0  __0scanf.o ABSOLUTE
    ../clib/signal.c                         0x00000000   Number         0  defsig_pvfn_inner.o ABSOLUTE
    ../clib/signal.c                         0x00000000   Number         0  defsig_stak_inner.o ABSOLUTE
    ../clib/signal.c                         0x00000000   Number         0  defsig_fpe_inner.o ABSOLUTE
    ../clib/signal.c                         0x00000000   Number         0  defsig_abrt_inner.o ABSOLUTE
    ../clib/signal.c                         0x00000000   Number         0  defsig_rtred_inner.o ABSOLUTE
    ../clib/signal.c                         0x00000000   Number         0  defsig_general.o ABSOLUTE
    ../clib/signal.c                         0x00000000   Number         0  defsig_other.o ABSOLUTE
    ../clib/signal.c                         0x00000000   Number         0  defsig_segv_inner.o ABSOLUTE
    ../clib/signal.c                         0x00000000   Number         0  __raise.o ABSOLUTE
    ../clib/signal.c                         0x00000000   Number         0  defsig_cppl_inner.o ABSOLUTE
    ../clib/signal.c                         0x00000000   Number         0  defsig_rtmem_formal.o ABSOLUTE
    ../clib/signal.c                         0x00000000   Number         0  defsig_rtmem_outer.o ABSOLUTE
    ../clib/signal.c                         0x00000000   Number         0  defsig_rtmem_inner.o ABSOLUTE
    ../clib/signal.c                         0x00000000   Number         0  defsig_rtred_formal.o ABSOLUTE
    ../clib/signal.c                         0x00000000   Number         0  defsig_rtred_outer.o ABSOLUTE
    ../clib/signal.c                         0x00000000   Number         0  defsig_exit.o ABSOLUTE
    ../clib/signal.s                         0x00000000   Number         0  defsig.o ABSOLUTE
    ../clib/stdio.c                          0x00000000   Number         0  ungetc.o ABSOLUTE
    ../clib/stdio.c                          0x00000000   Number         0  streamlock.o ABSOLUTE
    ../clib/stdio.c                          0x00000000   Number         0  fopen.o ABSOLUTE
    ../clib/stdio.c                          0x00000000   Number         0  fclose.o ABSOLUTE
    ../clib/stdio.c                          0x00000000   Number         0  setvbuf_locked.o ABSOLUTE
    ../clib/stdio.c                          0x00000000   Number         0  fopen_locked.o ABSOLUTE
    ../clib/stdio.c                          0x00000000   Number         0  fseek.o ABSOLUTE
    ../clib/stdio.c                          0x00000000   Number         0  stdio.o ABSOLUTE
    ../clib/stdio.c                          0x00000000   Number         0  freadfast.o ABSOLUTE
    ../clib/stdio.c                          0x00000000   Number         0  fread_bytes_avail.o ABSOLUTE
    ../clib/stdio.c                          0x00000000   Number         0  flushlinebuffered.o ABSOLUTE
    ../clib/stdio.c                          0x00000000   Number         0  freadfast_locked.o ABSOLUTE
    ../clib/stdio.c                          0x00000000   Number         0  fread_bytes_avail_locked.o ABSOLUTE
    ../clib/stdio.c                          0x00000000   Number         0  fwritefast_locked.o ABSOLUTE
    ../clib/stdio.c                          0x00000000   Number         0  flushlinebuffered_locked.o ABSOLUTE
    ../clib/stdio.c                          0x00000000   Number         0  fflush.o ABSOLUTE
    ../clib/stdio.c                          0x00000000   Number         0  fputs.o ABSOLUTE
    ../clib/stdio.c                          0x00000000   Number         0  ftell.o ABSOLUTE
    ../clib/stdio.c                          0x00000000   Number         0  fputs_locked.o ABSOLUTE
    ../clib/stdio.c                          0x00000000   Number         0  fflush_locked.o ABSOLUTE
    ../clib/stdio.c                          0x00000000   Number         0  fwritefast.o ABSOLUTE
    ../clib/stdio.c                          0x00000000   Number         0  stdio_streams.o ABSOLUTE
    ../clib/stdio.c                          0x00000000   Number         0  backspace.o ABSOLUTE
    ../clib/stdio.c                          0x00000000   Number         0  ferror.o ABSOLUTE
    ../clib/stdio.c                          0x00000000   Number         0  fgetc.o ABSOLUTE
    ../clib/stdio.c                          0x00000000   Number         0  fputc.o ABSOLUTE
    ../clib/stdio.c                          0x00000000   Number         0  initio.o ABSOLUTE
    ../clib/stdio.c                          0x00000000   Number         0  fgetc_locked.o ABSOLUTE
    ../clib/stdio.c                          0x00000000   Number         0  fputc_locked.o ABSOLUTE
    ../clib/stdio.c                          0x00000000   Number         0  backspace_locked.o ABSOLUTE
    ../clib/stdio.c                          0x00000000   Number         0  ferror_locked.o ABSOLUTE
    ../clib/stdio.c                          0x00000000   Number         0  initio_locked.o ABSOLUTE
    ../clib/stdio.c                          0x00000000   Number         0  filbuf.o ABSOLUTE
    ../clib/stdio.c                          0x00000000   Number         0  flsbuf.o ABSOLUTE
    ../clib/stdio.c                          0x00000000   Number         0  setvbuf.o ABSOLUTE
    ../clib/stdlib.c                         0x00000000   Number         0  exit.o ABSOLUTE
    ../clib/string.c                         0x00000000   Number         0  strtok.o ABSOLUTE
    ../clib/string.c                         0x00000000   Number         0  strcspn.o ABSOLUTE
    ../clib/string.c                         0x00000000   Number         0  strspn.o ABSOLUTE
    ../clib/string.c                         0x00000000   Number         0  strlen.o ABSOLUTE
    ../clib/string.c                         0x00000000   Number         0  strtok_int.o ABSOLUTE
    ../clib/wchar.c                          0x00000000   Number         0  filbuf_fwide.o ABSOLUTE
    ../clib/wchar.c                          0x00000000   Number         0  flsbuf_fwide.o ABSOLUTE
    ../fplib/daddsub.s                       0x00000000   Number         0  daddsub_clz.o ABSOLUTE
    ../fplib/ddiv.s                          0x00000000   Number         0  ddiv.o ABSOLUTE
    ../fplib/dfix.s                          0x00000000   Number         0  dfix.o ABSOLUTE
    ../fplib/dflt.s                          0x00000000   Number         0  dflt_clz.o ABSOLUTE
    ../fplib/dnaninf.s                       0x00000000   Number         0  dnaninf.o ABSOLUTE
    ../fplib/dretinf.s                       0x00000000   Number         0  dretinf.o ABSOLUTE
    ../fplib/fpinit.s                        0x00000000   Number         0  fpinit.o ABSOLUTE
    ../fplib/usenofp.s                       0x00000000   Number         0  usenofp.o ABSOLUTE
    RTE\Device\STM32F413RHTx\startup_stm32f413xx.s 0x00000000   Number         0  startup_stm32f413xx.o ABSOLUTE
    RTE\Device\STM32F413RHTx\system_stm32f4xx.c 0x00000000   Number         0  system_stm32f4xx.o ABSOLUTE
    RTE\\Device\\STM32F413RHTx\\system_stm32f4xx.c 0x00000000   Number         0  system_stm32f4xx.o ABSOLUTE
    STM32F4xx_StdPeriph_Driver\\src\\misc.c  0x00000000   Number         0  misc.o ABSOLUTE
    STM32F4xx_StdPeriph_Driver\\src\\stm32f4xx_gpio.c 0x00000000   Number         0  stm32f4xx_gpio.o ABSOLUTE
    STM32F4xx_StdPeriph_Driver\\src\\stm32f4xx_i2c.c 0x00000000   Number         0  stm32f4xx_i2c.o ABSOLUTE
    STM32F4xx_StdPeriph_Driver\\src\\stm32f4xx_rcc.c 0x00000000   Number         0  stm32f4xx_rcc.o ABSOLUTE
    STM32F4xx_StdPeriph_Driver\\src\\stm32f4xx_spi.c 0x00000000   Number         0  stm32f4xx_spi.o ABSOLUTE
    STM32F4xx_StdPeriph_Driver\\src\\stm32f4xx_tim.c 0x00000000   Number         0  stm32f4xx_tim.o ABSOLUTE
    STM32F4xx_StdPeriph_Driver\\src\\stm32f4xx_usart.c 0x00000000   Number         0  stm32f4xx_usart.o ABSOLUTE
    STM32F4xx_StdPeriph_Driver\src\misc.c    0x00000000   Number         0  misc.o ABSOLUTE
    STM32F4xx_StdPeriph_Driver\src\stm32f4xx_gpio.c 0x00000000   Number         0  stm32f4xx_gpio.o ABSOLUTE
    STM32F4xx_StdPeriph_Driver\src\stm32f4xx_i2c.c 0x00000000   Number         0  stm32f4xx_i2c.o ABSOLUTE
    STM32F4xx_StdPeriph_Driver\src\stm32f4xx_rcc.c 0x00000000   Number         0  stm32f4xx_rcc.o ABSOLUTE
    STM32F4xx_StdPeriph_Driver\src\stm32f4xx_spi.c 0x00000000   Number         0  stm32f4xx_spi.o ABSOLUTE
    STM32F4xx_StdPeriph_Driver\src\stm32f4xx_tim.c 0x00000000   Number         0  stm32f4xx_tim.o ABSOLUTE
    STM32F4xx_StdPeriph_Driver\src\stm32f4xx_usart.c 0x00000000   Number         0  stm32f4xx_usart.o ABSOLUTE
    User\Current.c                           0x00000000   Number         0  current.o ABSOLUTE
    User\Display.c                           0x00000000   Number         0  display.o ABSOLUTE
    User\EEPROM.c                            0x00000000   Number         0  eeprom.o ABSOLUTE
    User\FIFO.c                              0x00000000   Number         0  fifo.o ABSOLUTE
    User\Gyro.c                              0x00000000   Number         0  gyro.o ABSOLUTE
    User\LTC2983.c                           0x00000000   Number         0  ltc2983.o ABSOLUTE
    User\LTC6811.c                           0x00000000   Number         0  ltc6811.o ABSOLUTE
    User\LTC681x.c                           0x00000000   Number         0  ltc681x.o ABSOLUTE
    User\SPI.c                               0x00000000   Number         0  spi.o ABSOLUTE
    User\Temperature.c                       0x00000000   Number         0  temperature.o ABSOLUTE
    User\Terminal.c                          0x00000000   Number         0  terminal.o ABSOLUTE
    User\UART.c                              0x00000000   Number         0  uart.o ABSOLUTE
    User\Voltage.c                           0x00000000   Number         0  voltage.o ABSOLUTE
    User\WDTimer.c                           0x00000000   Number         0  wdtimer.o ABSOLUTE
    User\\Display.c                          0x00000000   Number         0  display.o ABSOLUTE
    User\\EEPROM.c                           0x00000000   Number         0  eeprom.o ABSOLUTE
    User\\Gyro.c                             0x00000000   Number         0  gyro.o ABSOLUTE
    User\\LTC2983.c                          0x00000000   Number         0  ltc2983.o ABSOLUTE
    User\\LTC6811.c                          0x00000000   Number         0  ltc6811.o ABSOLUTE
    User\\LTC681x.c                          0x00000000   Number         0  ltc681x.o ABSOLUTE
    User\\SPI.c                              0x00000000   Number         0  spi.o ABSOLUTE
    User\\Terminal.c                         0x00000000   Number         0  terminal.o ABSOLUTE
    User\\UART.c                             0x00000000   Number         0  uart.o ABSOLUTE
    User\\main.c                             0x00000000   Number         0  main.o ABSOLUTE
    User\main.c                              0x00000000   Number         0  main.o ABSOLUTE
    dc.s                                     0x00000000   Number         0  dc.o ABSOLUTE
    RESET                                    0x08000000   Section      472  startup_stm32f413xx.o(RESET)
    !!!main                                  0x080001d8   Section        8  __main.o(!!!main)
    !!!scatter                               0x080001e0   Section       52  __scatter.o(!!!scatter)
    !!handler_copy                           0x08000214   Section       26  __scatter_copy.o(!!handler_copy)
    !!handler_zi                             0x08000230   Section       28  __scatter_zi.o(!!handler_zi)
    .ARM.Collect$$_printf_percent$$00000000  0x0800024c   Section        0  _printf_percent.o(.ARM.Collect$$_printf_percent$$00000000)
    .ARM.Collect$$_printf_percent$$00000009  0x0800024c   Section        6  _printf_d.o(.ARM.Collect$$_printf_percent$$00000009)
    .ARM.Collect$$_printf_percent$$00000017  0x08000252   Section        4  _printf_percent_end.o(.ARM.Collect$$_printf_percent$$00000017)
    .ARM.Collect$$libinit$$00000000          0x08000256   Section        2  libinit.o(.ARM.Collect$$libinit$$00000000)
    .ARM.Collect$$libinit$$00000001          0x08000258   Section        4  libinit2.o(.ARM.Collect$$libinit$$00000001)
    .ARM.Collect$$libinit$$00000004          0x0800025c   Section        0  libinit2.o(.ARM.Collect$$libinit$$00000004)
    .ARM.Collect$$libinit$$00000005          0x0800025c   Section        8  libinit2.o(.ARM.Collect$$libinit$$00000005)
    .ARM.Collect$$libinit$$0000000A          0x08000264   Section        0  libinit2.o(.ARM.Collect$$libinit$$0000000A)
    .ARM.Collect$$libinit$$0000000C          0x08000264   Section        0  libinit2.o(.ARM.Collect$$libinit$$0000000C)
    .ARM.Collect$$libinit$$0000000E          0x08000264   Section        0  libinit2.o(.ARM.Collect$$libinit$$0000000E)
    .ARM.Collect$$libinit$$00000011          0x08000264   Section        0  libinit2.o(.ARM.Collect$$libinit$$00000011)
    .ARM.Collect$$libinit$$00000013          0x08000264   Section        0  libinit2.o(.ARM.Collect$$libinit$$00000013)
    .ARM.Collect$$libinit$$00000015          0x08000264   Section        0  libinit2.o(.ARM.Collect$$libinit$$00000015)
    .ARM.Collect$$libinit$$00000017          0x08000264   Section        0  libinit2.o(.ARM.Collect$$libinit$$00000017)
    .ARM.Collect$$libinit$$00000019          0x08000264   Section        0  libinit2.o(.ARM.Collect$$libinit$$00000019)
    .ARM.Collect$$libinit$$0000001B          0x08000264   Section        0  libinit2.o(.ARM.Collect$$libinit$$0000001B)
    .ARM.Collect$$libinit$$0000001D          0x08000264   Section        0  libinit2.o(.ARM.Collect$$libinit$$0000001D)
    .ARM.Collect$$libinit$$0000001F          0x08000264   Section        0  libinit2.o(.ARM.Collect$$libinit$$0000001F)
    .ARM.Collect$$libinit$$00000021          0x08000264   Section        0  libinit2.o(.ARM.Collect$$libinit$$00000021)
    .ARM.Collect$$libinit$$00000023          0x08000264   Section        0  libinit2.o(.ARM.Collect$$libinit$$00000023)
    .ARM.Collect$$libinit$$00000025          0x08000264   Section        0  libinit2.o(.ARM.Collect$$libinit$$00000025)
    .ARM.Collect$$libinit$$0000002C          0x08000264   Section        0  libinit2.o(.ARM.Collect$$libinit$$0000002C)
    .ARM.Collect$$libinit$$0000002E          0x08000264   Section        0  libinit2.o(.ARM.Collect$$libinit$$0000002E)
    .ARM.Collect$$libinit$$00000030          0x08000264   Section        0  libinit2.o(.ARM.Collect$$libinit$$00000030)
    .ARM.Collect$$libinit$$00000032          0x08000264   Section        0  libinit2.o(.ARM.Collect$$libinit$$00000032)
    .ARM.Collect$$libinit$$00000033          0x08000264   Section        2  libinit2.o(.ARM.Collect$$libinit$$00000033)
    .ARM.Collect$$libshutdown$$00000000      0x08000266   Section        2  libshutdown.o(.ARM.Collect$$libshutdown$$00000000)
    .ARM.Collect$$libshutdown$$00000002      0x08000268   Section        0  libshutdown2.o(.ARM.Collect$$libshutdown$$00000002)
    .ARM.Collect$$libshutdown$$00000004      0x08000268   Section        0  libshutdown2.o(.ARM.Collect$$libshutdown$$00000004)
    .ARM.Collect$$libshutdown$$00000007      0x08000268   Section        0  libshutdown2.o(.ARM.Collect$$libshutdown$$00000007)
    .ARM.Collect$$libshutdown$$0000000A      0x08000268   Section        0  libshutdown2.o(.ARM.Collect$$libshutdown$$0000000A)
    .ARM.Collect$$libshutdown$$0000000C      0x08000268   Section        0  libshutdown2.o(.ARM.Collect$$libshutdown$$0000000C)
    .ARM.Collect$$libshutdown$$0000000F      0x08000268   Section        0  libshutdown2.o(.ARM.Collect$$libshutdown$$0000000F)
    .ARM.Collect$$libshutdown$$00000010      0x08000268   Section        2  libshutdown2.o(.ARM.Collect$$libshutdown$$00000010)
    .ARM.Collect$$rtentry$$00000000          0x0800026a   Section        0  __rtentry.o(.ARM.Collect$$rtentry$$00000000)
    .ARM.Collect$$rtentry$$00000002          0x0800026a   Section        0  __rtentry2.o(.ARM.Collect$$rtentry$$00000002)
    .ARM.Collect$$rtentry$$00000004          0x0800026a   Section        6  __rtentry4.o(.ARM.Collect$$rtentry$$00000004)
    .ARM.Collect$$rtentry$$00000009          0x08000270   Section        0  __rtentry2.o(.ARM.Collect$$rtentry$$00000009)
    .ARM.Collect$$rtentry$$0000000A          0x08000270   Section        4  __rtentry2.o(.ARM.Collect$$rtentry$$0000000A)
    .ARM.Collect$$rtentry$$0000000C          0x08000274   Section        0  __rtentry2.o(.ARM.Collect$$rtentry$$0000000C)
    .ARM.Collect$$rtentry$$0000000D          0x08000274   Section        8  __rtentry2.o(.ARM.Collect$$rtentry$$0000000D)
    .ARM.Collect$$rtexit$$00000000           0x0800027c   Section        2  rtexit.o(.ARM.Collect$$rtexit$$00000000)
    .ARM.Collect$$rtexit$$00000002           0x0800027e   Section        0  rtexit2.o(.ARM.Collect$$rtexit$$00000002)
    .ARM.Collect$$rtexit$$00000003           0x0800027e   Section        4  rtexit2.o(.ARM.Collect$$rtexit$$00000003)
    .ARM.Collect$$rtexit$$00000004           0x08000282   Section        6  rtexit2.o(.ARM.Collect$$rtexit$$00000004)
    .emb_text                                0x08000288   Section        0  maybetermalloc1.o(.emb_text)
    .text                                    0x08000288   Section       64  startup_stm32f413xx.o(.text)
    $v0                                      0x08000288   Number         0  startup_stm32f413xx.o(.text)
    .text                                    0x080002c8   Section        0  h1_alloc.o(.text)
    .text                                    0x08000326   Section        0  h1_free.o(.text)
    .text                                    0x08000374   Section        0  noretval__2sprintf.o(.text)
    .text                                    0x0800039c   Section        0  __printf.o(.text)
    .text                                    0x08000404   Section        0  _printf_dec.o(.text)
    .text                                    0x0800047c   Section        0  heapauxi.o(.text)
    .text                                    0x08000484   Section        8  rt_heap_descriptor_intlibspace.o(.text)
    .text                                    0x0800048c   Section        0  hguard.o(.text)
    .text                                    0x08000490   Section        0  init_alloc.o(.text)
    .text                                    0x0800051a   Section        0  h1_init.o(.text)
    .text                                    0x08000528   Section        0  _printf_intcommon.o(.text)
    .text                                    0x080005dc   Section        0  _printf_char_common.o(.text)
    _printf_input_char                       0x080005dd   Thumb Code    10  _printf_char_common.o(.text)
    .text                                    0x0800060c   Section        0  _sputc.o(.text)
    .text                                    0x08000618   Section        8  libspace.o(.text)
    .text                                    0x08000620   Section        0  h1_extend.o(.text)
    .text                                    0x08000654   Section        0  defsig_rtmem_outer.o(.text)
    .text                                    0x08000662   Section        2  use_no_semi.o(.text)
    .text                                    0x08000664   Section        0  indicate_semi.o(.text)
    .text                                    0x08000664   Section       74  sys_stackheap_outer.o(.text)
    .text                                    0x080006ae   Section        0  exit.o(.text)
    .text                                    0x080006c0   Section        0  defsig_exit.o(.text)
    .text                                    0x080006cc   Section        0  defsig_rtmem_inner.o(.text)
    .text                                    0x0800071c   Section        0  sys_exit.o(.text)
    .text                                    0x08000728   Section        0  defsig_general.o(.text)
    .text                                    0x0800075a   Section        0  sys_wrch.o(.text)
    i.GPIO_Init                              0x08000768   Section        0  stm32f4xx_gpio.o(i.GPIO_Init)
    i.GPIO_PinAFConfig                       0x080007f8   Section        0  stm32f4xx_gpio.o(i.GPIO_PinAFConfig)
    i.GPIO_ResetBits                         0x0800083e   Section        0  stm32f4xx_gpio.o(i.GPIO_ResetBits)
    i.GPIO_SetBits                           0x08000842   Section        0  stm32f4xx_gpio.o(i.GPIO_SetBits)
    i.RCC_AHB1PeriphClockCmd                 0x08000848   Section        0  stm32f4xx_rcc.o(i.RCC_AHB1PeriphClockCmd)
    i.RCC_APB1PeriphClockCmd                 0x08000868   Section        0  stm32f4xx_rcc.o(i.RCC_APB1PeriphClockCmd)
    i.RCC_APB2PeriphClockCmd                 0x08000888   Section        0  stm32f4xx_rcc.o(i.RCC_APB2PeriphClockCmd)
    i.RCC_GetClocksFreq                      0x080008a8   Section        0  stm32f4xx_rcc.o(i.RCC_GetClocksFreq)
    i.SPI_Cmd                                0x08000a70   Section        0  stm32f4xx_spi.o(i.SPI_Cmd)
    i.SPI_Init                               0x08000a88   Section        0  stm32f4xx_spi.o(i.SPI_Init)
    i.SystemInit                             0x08000ac4   Section        0  system_stm32f4xx.o(i.SystemInit)
    i.USART_Cmd                              0x08000b28   Section        0  stm32f4xx_usart.o(i.USART_Cmd)
    i.USART_Init                             0x08000b40   Section        0  stm32f4xx_usart.o(i.USART_Init)
    i._Z10SPI_CSHight                        0x08000c14   Section        0  spi.o(i._Z10SPI_CSHight)
    i._Z10SPI_InitCSt                        0x08000c28   Section        0  spi.o(i._Z10SPI_InitCSt)
    i._Z10SPI_Write8Phj                      0x08000c54   Section        0  spi.o(i._Z10SPI_Write8Phj)
    i._Z10UART3_Initj                        0x08000c9c   Section        0  uart.o(i._Z10UART3_Initj)
    i._Z10pec15_calchPh                      0x08000d28   Section        0  ltc681x.o(i._Z10pec15_calchPh)
    i._Z10printCellsP9cell_asic              0x08000d60   Section        0  main.o(i._Z10printCellsP9cell_asic)
    i._Z11UART3_WritePcj                     0x08000d64   Section        0  uart.o(i._Z11UART3_WritePcj)
    i._Z11parse_cellshhPhPtS_                0x08000d90   Section        0  ltc681x.o(i._Z11parse_cellshhPhPtS_)
    i._Z12LTC6811_InitP9cell_asic            0x08000e1a   Section        0  ltc6811.o(i._Z12LTC6811_InitP9cell_asic)
    i._Z12LTC6811_adcvhhh                    0x08000e48   Section        0  ltc6811.o(i._Z12LTC6811_adcvhhh)
    i._Z12LTC6811_rdcvhhP9cell_asic          0x08000e5c   Section        0  ltc6811.o(i._Z12LTC6811_rdcvhhP9cell_asic)
    i._Z12LTC681x_adcvhhh                    0x08000e7a   Section        0  ltc681x.o(i._Z12LTC681x_adcvhhh)
    i._Z12LTC681x_rdcvhhP9cell_asic          0x08000ea8   Section        0  ltc681x.o(i._Z12LTC681x_rdcvhhP9cell_asic)
    i._Z12wakeup_sleeph                      0x08000f9c   Section        0  ltc681x.o(i._Z12wakeup_sleeph)
    i._Z14SPI_WriteRead8PhjS_j               0x08000fc6   Section        0  spi.o(i._Z14SPI_WriteRead8PhjS_j)
    i._Z16LTC681x_init_cfghP9cell_asic       0x08000fe8   Section        0  ltc681x.o(i._Z16LTC681x_init_cfghP9cell_asic)
    i._Z16LTC681x_rdcv_reghhPh               0x08001058   Section        0  ltc681x.o(i._Z16LTC681x_rdcv_reghhPh)
    i._Z16LTC681x_set_cfgrhP9cell_asicbbPbS1_ 0x08001102   Section        0  ltc681x.o(i._Z16LTC681x_set_cfgrhP9cell_asicbbPbS1_)
    i._Z17LTC681x_check_pechhP9cell_asic     0x0800113e   Section        0  ltc681x.o(i._Z17LTC681x_check_pechhP9cell_asic)
    i._Z20LTC681x_set_cfgr_dishP9cell_asicPb 0x0800134e   Section        0  ltc681x.o(i._Z20LTC681x_set_cfgr_dishP9cell_asicPb)
    i._Z21LTC681x_set_cfgr_gpiohP9cell_asicPb 0x080013e0   Section        0  ltc681x.o(i._Z21LTC681x_set_cfgr_gpiohP9cell_asicPb)
    i._Z22LTC681x_set_cfgr_refonhP9cell_asicb 0x0800142e   Section        0  ltc681x.o(i._Z22LTC681x_set_cfgr_refonhP9cell_asicb)
    i._Z23LTC6811_init_reg_limitshP9cell_asic 0x08001466   Section        0  ltc6811.o(i._Z23LTC6811_init_reg_limitshP9cell_asic)
    i._Z23LTC6811_reset_crc_counthP9cell_asic 0x080014cc   Section        0  ltc6811.o(i._Z23LTC6811_reset_crc_counthP9cell_asic)
    i._Z23LTC681x_reset_crc_counthP9cell_asic 0x080014dc   Section        0  ltc681x.o(i._Z23LTC681x_reset_crc_counthP9cell_asic)
    i._Z23LTC681x_set_cfgr_adcopthP9cell_asicb 0x08001556   Section        0  ltc681x.o(i._Z23LTC681x_set_cfgr_adcopthP9cell_asicb)
    i._Z6cmd_68Ph                            0x0800158e   Section        0  ltc681x.o(i._Z6cmd_68Ph)
    i._Z7delay_ut                            0x080015cc   Section        0  ltc681x.o(i._Z7delay_ut)
    i._Z9FIFO_Initv                          0x080015f8   Section        0  fifo.o(i._Z9FIFO_Initv)
    i._Z9SPI_CSLowt                          0x080015fc   Section        0  spi.o(i._Z9SPI_CSLowt)
    i._Z9SPI_Init8v                          0x08001610   Section        0  spi.o(i._Z9SPI_Init8v)
    i._Z9SPI_Read8Phj                        0x080016bc   Section        0  spi.o(i._Z9SPI_Read8Phj)
    i.main                                   0x0800172c   Section        0  main.o(i.main)
    x$fpl$fpinit                             0x08001794   Section       10  fpinit.o(x$fpl$fpinit)
    $v0                                      0x08001794   Number         0  fpinit.o(x$fpl$fpinit)
    .constdata                               0x080017a0   Section      517  ltc681x.o(.constdata)
    crc15Table                               0x080017a0   Data         512  ltc681x.o(.constdata)
    .data                                    0x20000000   Section       16  stm32f4xx_rcc.o(.data)
    APBAHBPrescTable                         0x20000000   Data          16  stm32f4xx_rcc.o(.data)
    .data                                    0x20000010   Section        4  system_stm32f4xx.o(.data)
    .bss                                     0x20000014   Section       96  libspace.o(.bss)
    HEAP                                     0x20000078   Section      512  startup_stm32f413xx.o(HEAP)
    Heap_Mem                                 0x20000078   Data         512  startup_stm32f413xx.o(HEAP)
    STACK                                    0x20000278   Section     1024  startup_stm32f413xx.o(STACK)
    Stack_Mem                                0x20000278   Data        1024  startup_stm32f413xx.o(STACK)
    __initial_sp                             0x20000678   Data           0  startup_stm32f413xx.o(STACK)

    Global Symbols

    Symbol Name                              Value     Ov Type        Size  Object(Section)

    BuildAttributes$$THM_ISAv4$E$P$D$K$B$S$7EM$VFPi3$EXTD16$VFPS$VFMA$PE$A:L22UL41UL21$X:L11$S22US41US21$IEEE1$IW$USESV6$~STKCKD$USESV7$~SHL$OTIME$ROPI$EBA8$UX$STANDARDLIB$REQ8$PRES8$EABIv2 0x00000000   Number         0  anon$$obj.o ABSOLUTE
    __ARM_use_no_argv                        0x00000000   Number         0  main.o ABSOLUTE
    __ARM_exceptions_init                     - Undefined Weak Reference
    __alloca_initialize                       - Undefined Weak Reference
    __arm_preinit_                            - Undefined Weak Reference
    __cpp_initialize__aeabi_                  - Undefined Weak Reference
    __cxa_finalize                            - Undefined Weak Reference
    __sigvec_lookup                           - Undefined Weak Reference
    __user_heap_extent                        - Undefined Weak Reference
    _atexit_init                              - Undefined Weak Reference
    _call_atexit_fns                          - Undefined Weak Reference
    _clock_init                               - Undefined Weak Reference
    _fp_trap_init                             - Undefined Weak Reference
    _fp_trap_shutdown                         - Undefined Weak Reference
    _get_lc_collate                           - Undefined Weak Reference
    _get_lc_monetary                          - Undefined Weak Reference
    _get_lc_numeric                           - Undefined Weak Reference
    _get_lc_time                              - Undefined Weak Reference
    _getenv_init                              - Undefined Weak Reference
    _handle_redirection                       - Undefined Weak Reference
    _mutex_acquire                            - Undefined Weak Reference
    _mutex_free                               - Undefined Weak Reference
    _mutex_release                            - Undefined Weak Reference
    _printf_mbtowc                            - Undefined Weak Reference
    _printf_post_padding                      - Undefined Weak Reference
    _printf_pre_padding                       - Undefined Weak Reference
    _printf_truncate_signed                   - Undefined Weak Reference
    _printf_truncate_unsigned                 - Undefined Weak Reference
    _rand_init                                - Undefined Weak Reference
    _scanf_int                                - Undefined Weak Reference
    _scanf_longlong                           - Undefined Weak Reference
    _scanf_mbtowc                             - Undefined Weak Reference
    _scanf_real                               - Undefined Weak Reference
    _scanf_wctomb                             - Undefined Weak Reference
    _scanf_wstring                            - Undefined Weak Reference
    _signal_finish                            - Undefined Weak Reference
    _signal_init                              - Undefined Weak Reference
    __Vectors_Size                           0x000001d8   Number         0  startup_stm32f413xx.o ABSOLUTE
    __Vectors                                0x08000000   Data           4  startup_stm32f413xx.o(RESET)
    __Vectors_End                            0x080001d8   Data           0  startup_stm32f413xx.o(RESET)
    __main                                   0x080001d9   Thumb Code     8  __main.o(!!!main)
    __scatterload                            0x080001e1   Thumb Code     0  __scatter.o(!!!scatter)
    __scatterload_rt2                        0x080001e1   Thumb Code    44  __scatter.o(!!!scatter)
    __scatterload_rt2_thumb_only             0x080001e1   Thumb Code     0  __scatter.o(!!!scatter)
    __scatterload_null                       0x080001ef   Thumb Code     0  __scatter.o(!!!scatter)
    __scatterload_copy                       0x08000215   Thumb Code    26  __scatter_copy.o(!!handler_copy)
    __scatterload_zeroinit                   0x08000231   Thumb Code    28  __scatter_zi.o(!!handler_zi)
    _printf_d                                0x0800024d   Thumb Code     0  _printf_d.o(.ARM.Collect$$_printf_percent$$00000009)
    _printf_percent                          0x0800024d   Thumb Code     0  _printf_percent.o(.ARM.Collect$$_printf_percent$$00000000)
    _printf_percent_end                      0x08000253   Thumb Code     0  _printf_percent_end.o(.ARM.Collect$$_printf_percent$$00000017)
    __rt_lib_init                            0x08000257   Thumb Code     0  libinit.o(.ARM.Collect$$libinit$$00000000)
    __rt_lib_init_fp_1                       0x08000259   Thumb Code     0  libinit2.o(.ARM.Collect$$libinit$$00000001)
    __rt_lib_init_heap_2                     0x0800025d   Thumb Code     0  libinit2.o(.ARM.Collect$$libinit$$00000005)
    __rt_lib_init_preinit_1                  0x0800025d   Thumb Code     0  libinit2.o(.ARM.Collect$$libinit$$00000004)
    __rt_lib_init_alloca_1                   0x08000265   Thumb Code     0  libinit2.o(.ARM.Collect$$libinit$$0000002E)
    __rt_lib_init_argv_1                     0x08000265   Thumb Code     0  libinit2.o(.ARM.Collect$$libinit$$0000002C)
    __rt_lib_init_atexit_1                   0x08000265   Thumb Code     0  libinit2.o(.ARM.Collect$$libinit$$0000001B)
    __rt_lib_init_clock_1                    0x08000265   Thumb Code     0  libinit2.o(.ARM.Collect$$libinit$$00000021)
    __rt_lib_init_cpp_1                      0x08000265   Thumb Code     0  libinit2.o(.ARM.Collect$$libinit$$00000032)
    __rt_lib_init_exceptions_1               0x08000265   Thumb Code     0  libinit2.o(.ARM.Collect$$libinit$$00000030)
    __rt_lib_init_fp_trap_1                  0x08000265   Thumb Code     0  libinit2.o(.ARM.Collect$$libinit$$0000001F)
    __rt_lib_init_getenv_1                   0x08000265   Thumb Code     0  libinit2.o(.ARM.Collect$$libinit$$00000023)
    __rt_lib_init_heap_1                     0x08000265   Thumb Code     0  libinit2.o(.ARM.Collect$$libinit$$0000000A)
    __rt_lib_init_lc_collate_1               0x08000265   Thumb Code     0  libinit2.o(.ARM.Collect$$libinit$$00000011)
    __rt_lib_init_lc_ctype_1                 0x08000265   Thumb Code     0  libinit2.o(.ARM.Collect$$libinit$$00000013)
    __rt_lib_init_lc_monetary_1              0x08000265   Thumb Code     0  libinit2.o(.ARM.Collect$$libinit$$00000015)
    __rt_lib_init_lc_numeric_1               0x08000265   Thumb Code     0  libinit2.o(.ARM.Collect$$libinit$$00000017)
    __rt_lib_init_lc_time_1                  0x08000265   Thumb Code     0  libinit2.o(.ARM.Collect$$libinit$$00000019)
    __rt_lib_init_rand_1                     0x08000265   Thumb Code     0  libinit2.o(.ARM.Collect$$libinit$$0000000E)
    __rt_lib_init_return                     0x08000265   Thumb Code     0  libinit2.o(.ARM.Collect$$libinit$$00000033)
    __rt_lib_init_signal_1                   0x08000265   Thumb Code     0  libinit2.o(.ARM.Collect$$libinit$$0000001D)
    __rt_lib_init_stdio_1                    0x08000265   Thumb Code     0  libinit2.o(.ARM.Collect$$libinit$$00000025)
    __rt_lib_init_user_alloc_1               0x08000265   Thumb Code     0  libinit2.o(.ARM.Collect$$libinit$$0000000C)
    __rt_lib_shutdown                        0x08000267   Thumb Code     0  libshutdown.o(.ARM.Collect$$libshutdown$$00000000)
    __rt_lib_shutdown_cpp_1                  0x08000269   Thumb Code     0  libshutdown2.o(.ARM.Collect$$libshutdown$$00000002)
    __rt_lib_shutdown_fp_trap_1              0x08000269   Thumb Code     0  libshutdown2.o(.ARM.Collect$$libshutdown$$00000007)
    __rt_lib_shutdown_heap_1                 0x08000269   Thumb Code     0  libshutdown2.o(.ARM.Collect$$libshutdown$$0000000F)
    __rt_lib_shutdown_return                 0x08000269   Thumb Code     0  libshutdown2.o(.ARM.Collect$$libshutdown$$00000010)
    __rt_lib_shutdown_signal_1               0x08000269   Thumb Code     0  libshutdown2.o(.ARM.Collect$$libshutdown$$0000000A)
    __rt_lib_shutdown_stdio_1                0x08000269   Thumb Code     0  libshutdown2.o(.ARM.Collect$$libshutdown$$00000004)
    __rt_lib_shutdown_user_alloc_1           0x08000269   Thumb Code     0  libshutdown2.o(.ARM.Collect$$libshutdown$$0000000C)
    __rt_entry                               0x0800026b   Thumb Code     0  __rtentry.o(.ARM.Collect$$rtentry$$00000000)
    __rt_entry_presh_1                       0x0800026b   Thumb Code     0  __rtentry2.o(.ARM.Collect$$rtentry$$00000002)
    __rt_entry_sh                            0x0800026b   Thumb Code     0  __rtentry4.o(.ARM.Collect$$rtentry$$00000004)
    __rt_entry_li                            0x08000271   Thumb Code     0  __rtentry2.o(.ARM.Collect$$rtentry$$0000000A)
    __rt_entry_postsh_1                      0x08000271   Thumb Code     0  __rtentry2.o(.ARM.Collect$$rtentry$$00000009)
    __rt_entry_main                          0x08000275   Thumb Code     0  __rtentry2.o(.ARM.Collect$$rtentry$$0000000D)
    __rt_entry_postli_1                      0x08000275   Thumb Code     0  __rtentry2.o(.ARM.Collect$$rtentry$$0000000C)
    __rt_exit                                0x0800027d   Thumb Code     0  rtexit.o(.ARM.Collect$$rtexit$$00000000)
    __rt_exit_ls                             0x0800027f   Thumb Code     0  rtexit2.o(.ARM.Collect$$rtexit$$00000003)
    __rt_exit_prels_1                        0x0800027f   Thumb Code     0  rtexit2.o(.ARM.Collect$$rtexit$$00000002)
    __rt_exit_exit                           0x08000283   Thumb Code     0  rtexit2.o(.ARM.Collect$$rtexit$$00000004)
    Reset_Handler                            0x08000289   Thumb Code     8  startup_stm32f413xx.o(.text)
    _maybe_terminate_alloc                   0x08000289   Thumb Code     0  maybetermalloc1.o(.emb_text)
    NMI_Handler                              0x08000291   Thumb Code     2  startup_stm32f413xx.o(.text)
    HardFault_Handler                        0x08000293   Thumb Code     2  startup_stm32f413xx.o(.text)
    MemManage_Handler                        0x08000295   Thumb Code     2  startup_stm32f413xx.o(.text)
    BusFault_Handler                         0x08000297   Thumb Code     2  startup_stm32f413xx.o(.text)
    UsageFault_Handler                       0x08000299   Thumb Code     2  startup_stm32f413xx.o(.text)
    SVC_Handler                              0x0800029b   Thumb Code     2  startup_stm32f413xx.o(.text)
    DebugMon_Handler                         0x0800029d   Thumb Code     2  startup_stm32f413xx.o(.text)
    PendSV_Handler                           0x0800029f   Thumb Code     2  startup_stm32f413xx.o(.text)
    SysTick_Handler                          0x080002a1   Thumb Code     2  startup_stm32f413xx.o(.text)
    ADC_IRQHandler                           0x080002a3   Thumb Code     0  startup_stm32f413xx.o(.text)
    CAN1_RX0_IRQHandler                      0x080002a3   Thumb Code     0  startup_stm32f413xx.o(.text)
    CAN1_RX1_IRQHandler                      0x080002a3   Thumb Code     0  startup_stm32f413xx.o(.text)
    CAN1_SCE_IRQHandler                      0x080002a3   Thumb Code     0  startup_stm32f413xx.o(.text)
    CAN1_TX_IRQHandler                       0x080002a3   Thumb Code     0  startup_stm32f413xx.o(.text)
    CAN2_RX0_IRQHandler                      0x080002a3   Thumb Code     0  startup_stm32f413xx.o(.text)
    CAN2_RX1_IRQHandler                      0x080002a3   Thumb Code     0  startup_stm32f413xx.o(.text)
    CAN2_SCE_IRQHandler                      0x080002a3   Thumb Code     0  startup_stm32f413xx.o(.text)
    CAN2_TX_IRQHandler                       0x080002a3   Thumb Code     0  startup_stm32f413xx.o(.text)
    CAN3_RX0_IRQHandler                      0x080002a3   Thumb Code     0  startup_stm32f413xx.o(.text)
    CAN3_RX1_IRQHandler                      0x080002a3   Thumb Code     0  startup_stm32f413xx.o(.text)
    CAN3_SCE_IRQHandler                      0x080002a3   Thumb Code     0  startup_stm32f413xx.o(.text)
    CAN3_TX_IRQHandler                       0x080002a3   Thumb Code     0  startup_stm32f413xx.o(.text)
    DFSDM1_FLT0_IRQHandler                   0x080002a3   Thumb Code     0  startup_stm32f413xx.o(.text)
    DFSDM1_FLT1_IRQHandler                   0x080002a3   Thumb Code     0  startup_stm32f413xx.o(.text)
    DFSDM2_FLT0_IRQHandler                   0x080002a3   Thumb Code     0  startup_stm32f413xx.o(.text)
    DFSDM2_FLT1_IRQHandler                   0x080002a3   Thumb Code     0  startup_stm32f413xx.o(.text)
    DFSDM2_FLT2_IRQHandler                   0x080002a3   Thumb Code     0  startup_stm32f413xx.o(.text)
    DFSDM2_FLT3_IRQHandler                   0x080002a3   Thumb Code     0  startup_stm32f413xx.o(.text)
    DMA1_Stream0_IRQHandler                  0x080002a3   Thumb Code     0  startup_stm32f413xx.o(.text)
    DMA1_Stream1_IRQHandler                  0x080002a3   Thumb Code     0  startup_stm32f413xx.o(.text)
    DMA1_Stream2_IRQHandler                  0x080002a3   Thumb Code     0  startup_stm32f413xx.o(.text)
    DMA1_Stream3_IRQHandler                  0x080002a3   Thumb Code     0  startup_stm32f413xx.o(.text)
    DMA1_Stream4_IRQHandler                  0x080002a3   Thumb Code     0  startup_stm32f413xx.o(.text)
    DMA1_Stream5_IRQHandler                  0x080002a3   Thumb Code     0  startup_stm32f413xx.o(.text)
    DMA1_Stream6_IRQHandler                  0x080002a3   Thumb Code     0  startup_stm32f413xx.o(.text)
    DMA1_Stream7_IRQHandler                  0x080002a3   Thumb Code     0  startup_stm32f413xx.o(.text)
    DMA2_Stream0_IRQHandler                  0x080002a3   Thumb Code     0  startup_stm32f413xx.o(.text)
    DMA2_Stream1_IRQHandler                  0x080002a3   Thumb Code     0  startup_stm32f413xx.o(.text)
    DMA2_Stream2_IRQHandler                  0x080002a3   Thumb Code     0  startup_stm32f413xx.o(.text)
    DMA2_Stream3_IRQHandler                  0x080002a3   Thumb Code     0  startup_stm32f413xx.o(.text)
    DMA2_Stream4_IRQHandler                  0x080002a3   Thumb Code     0  startup_stm32f413xx.o(.text)
    DMA2_Stream5_IRQHandler                  0x080002a3   Thumb Code     0  startup_stm32f413xx.o(.text)
    DMA2_Stream6_IRQHandler                  0x080002a3   Thumb Code     0  startup_stm32f413xx.o(.text)
    DMA2_Stream7_IRQHandler                  0x080002a3   Thumb Code     0  startup_stm32f413xx.o(.text)
    EXTI0_IRQHandler                         0x080002a3   Thumb Code     0  startup_stm32f413xx.o(.text)
    EXTI15_10_IRQHandler                     0x080002a3   Thumb Code     0  startup_stm32f413xx.o(.text)
    EXTI1_IRQHandler                         0x080002a3   Thumb Code     0  startup_stm32f413xx.o(.text)
    EXTI2_IRQHandler                         0x080002a3   Thumb Code     0  startup_stm32f413xx.o(.text)
    EXTI3_IRQHandler                         0x080002a3   Thumb Code     0  startup_stm32f413xx.o(.text)
    EXTI4_IRQHandler                         0x080002a3   Thumb Code     0  startup_stm32f413xx.o(.text)
    EXTI9_5_IRQHandler                       0x080002a3   Thumb Code     0  startup_stm32f413xx.o(.text)
    FLASH_IRQHandler                         0x080002a3   Thumb Code     0  startup_stm32f413xx.o(.text)
    FMPI2C1_ER_IRQHandler                    0x080002a3   Thumb Code     0  startup_stm32f413xx.o(.text)
    FMPI2C1_EV_IRQHandler                    0x080002a3   Thumb Code     0  startup_stm32f413xx.o(.text)
    FPU_IRQHandler                           0x080002a3   Thumb Code     0  startup_stm32f413xx.o(.text)
    FSMC_IRQHandler                          0x080002a3   Thumb Code     0  startup_stm32f413xx.o(.text)
    I2C1_ER_IRQHandler                       0x080002a3   Thumb Code     0  startup_stm32f413xx.o(.text)
    I2C1_EV_IRQHandler                       0x080002a3   Thumb Code     0  startup_stm32f413xx.o(.text)
    I2C2_ER_IRQHandler                       0x080002a3   Thumb Code     0  startup_stm32f413xx.o(.text)
    I2C2_EV_IRQHandler                       0x080002a3   Thumb Code     0  startup_stm32f413xx.o(.text)
    I2C3_ER_IRQHandler                       0x080002a3   Thumb Code     0  startup_stm32f413xx.o(.text)
    I2C3_EV_IRQHandler                       0x080002a3   Thumb Code     0  startup_stm32f413xx.o(.text)
    LPTIM1_IRQHandler                        0x080002a3   Thumb Code     0  startup_stm32f413xx.o(.text)
    OTG_FS_IRQHandler                        0x080002a3   Thumb Code     0  startup_stm32f413xx.o(.text)
    OTG_FS_WKUP_IRQHandler                   0x080002a3   Thumb Code     0  startup_stm32f413xx.o(.text)
    PVD_IRQHandler                           0x080002a3   Thumb Code     0  startup_stm32f413xx.o(.text)
    QUADSPI_IRQHandler                       0x080002a3   Thumb Code     0  startup_stm32f413xx.o(.text)
    RCC_IRQHandler                           0x080002a3   Thumb Code     0  startup_stm32f413xx.o(.text)
    RNG_IRQHandler                           0x080002a3   Thumb Code     0  startup_stm32f413xx.o(.text)
    RTC_Alarm_IRQHandler                     0x080002a3   Thumb Code     0  startup_stm32f413xx.o(.text)
    RTC_WKUP_IRQHandler                      0x080002a3   Thumb Code     0  startup_stm32f413xx.o(.text)
    SAI1_IRQHandler                          0x080002a3   Thumb Code     0  startup_stm32f413xx.o(.text)
    SDIO_IRQHandler                          0x080002a3   Thumb Code     0  startup_stm32f413xx.o(.text)
    SPI1_IRQHandler                          0x080002a3   Thumb Code     0  startup_stm32f413xx.o(.text)
    SPI2_IRQHandler                          0x080002a3   Thumb Code     0  startup_stm32f413xx.o(.text)
    SPI3_IRQHandler                          0x080002a3   Thumb Code     0  startup_stm32f413xx.o(.text)
    SPI4_IRQHandler                          0x080002a3   Thumb Code     0  startup_stm32f413xx.o(.text)
    SPI5_IRQHandler                          0x080002a3   Thumb Code     0  startup_stm32f413xx.o(.text)
    TAMP_STAMP_IRQHandler                    0x080002a3   Thumb Code     0  startup_stm32f413xx.o(.text)
    TIM1_BRK_TIM9_IRQHandler                 0x080002a3   Thumb Code     0  startup_stm32f413xx.o(.text)
    TIM1_CC_IRQHandler                       0x080002a3   Thumb Code     0  startup_stm32f413xx.o(.text)
    TIM1_TRG_COM_TIM11_IRQHandler            0x080002a3   Thumb Code     0  startup_stm32f413xx.o(.text)
    TIM1_UP_TIM10_IRQHandler                 0x080002a3   Thumb Code     0  startup_stm32f413xx.o(.text)
    TIM2_IRQHandler                          0x080002a3   Thumb Code     0  startup_stm32f413xx.o(.text)
    TIM3_IRQHandler                          0x080002a3   Thumb Code     0  startup_stm32f413xx.o(.text)
    TIM4_IRQHandler                          0x080002a3   Thumb Code     0  startup_stm32f413xx.o(.text)
    TIM5_IRQHandler                          0x080002a3   Thumb Code     0  startup_stm32f413xx.o(.text)
    TIM6_DAC_IRQHandler                      0x080002a3   Thumb Code     0  startup_stm32f413xx.o(.text)
    TIM7_IRQHandler                          0x080002a3   Thumb Code     0  startup_stm32f413xx.o(.text)
    TIM8_BRK_TIM12_IRQHandler                0x080002a3   Thumb Code     0  startup_stm32f413xx.o(.text)
    TIM8_CC_IRQHandler                       0x080002a3   Thumb Code     0  startup_stm32f413xx.o(.text)
    TIM8_TRG_COM_TIM14_IRQHandler            0x080002a3   Thumb Code     0  startup_stm32f413xx.o(.text)
    TIM8_UP_TIM13_IRQHandler                 0x080002a3   Thumb Code     0  startup_stm32f413xx.o(.text)
    UART10_IRQHandler                        0x080002a3   Thumb Code     0  startup_stm32f413xx.o(.text)
    UART4_IRQHandler                         0x080002a3   Thumb Code     0  startup_stm32f413xx.o(.text)
    UART5_IRQHandler                         0x080002a3   Thumb Code     0  startup_stm32f413xx.o(.text)
    UART7_IRQHandler                         0x080002a3   Thumb Code     0  startup_stm32f413xx.o(.text)
    UART8_IRQHandler                         0x080002a3   Thumb Code     0  startup_stm32f413xx.o(.text)
    UART9_IRQHandler                         0x080002a3   Thumb Code     0  startup_stm32f413xx.o(.text)
    USART1_IRQHandler                        0x080002a3   Thumb Code     0  startup_stm32f413xx.o(.text)
    USART2_IRQHandler                        0x080002a3   Thumb Code     0  startup_stm32f413xx.o(.text)
    USART3_IRQHandler                        0x080002a3   Thumb Code     0  startup_stm32f413xx.o(.text)
    USART6_IRQHandler                        0x080002a3   Thumb Code     0  startup_stm32f413xx.o(.text)
    WWDG_IRQHandler                          0x080002a3   Thumb Code     0  startup_stm32f413xx.o(.text)
    __user_initial_stackheap                 0x080002a5   Thumb Code     0  startup_stm32f413xx.o(.text)
    malloc                                   0x080002c9   Thumb Code    94  h1_alloc.o(.text)
    free                                     0x08000327   Thumb Code    78  h1_free.o(.text)
    __2sprintf                               0x08000375   Thumb Code    34  noretval__2sprintf.o(.text)
    __printf                                 0x0800039d   Thumb Code   104  __printf.o(.text)
    _printf_int_dec                          0x08000405   Thumb Code   104  _printf_dec.o(.text)
    __use_two_region_memory                  0x0800047d   Thumb Code     2  heapauxi.o(.text)
    __rt_heap_escrow                         0x0800047f   Thumb Code     2  heapauxi.o(.text)
    __rt_heap_expand                         0x08000481   Thumb Code     2  heapauxi.o(.text)
    __rt_heap_descriptor                     0x08000485   Thumb Code     8  rt_heap_descriptor_intlibspace.o(.text)
    __use_no_heap                            0x0800048d   Thumb Code     2  hguard.o(.text)
    __heap$guard                             0x0800048f   Thumb Code     2  hguard.o(.text)
    _terminate_user_alloc                    0x08000491   Thumb Code     2  init_alloc.o(.text)
    _init_user_alloc                         0x08000493   Thumb Code     2  init_alloc.o(.text)
    __Heap_Full                              0x08000495   Thumb Code    34  init_alloc.o(.text)
    __Heap_Broken                            0x080004b7   Thumb Code     6  init_alloc.o(.text)
    _init_alloc                              0x080004bd   Thumb Code    94  init_alloc.o(.text)
    __Heap_Initialize                        0x0800051b   Thumb Code    10  h1_init.o(.text)
    __Heap_DescSize                          0x08000525   Thumb Code     4  h1_init.o(.text)
    _printf_int_common                       0x08000529   Thumb Code   178  _printf_intcommon.o(.text)
    _printf_char_common                      0x080005e7   Thumb Code    32  _printf_char_common.o(.text)
    _sputc                                   0x0800060d   Thumb Code    10  _sputc.o(.text)
    __user_libspace                          0x08000619   Thumb Code     8  libspace.o(.text)
    __user_perproc_libspace                  0x08000619   Thumb Code     0  libspace.o(.text)
    __user_perthread_libspace                0x08000619   Thumb Code     0  libspace.o(.text)
    __Heap_ProvideMemory                     0x08000621   Thumb Code    52  h1_extend.o(.text)
    __rt_SIGRTMEM                            0x08000655   Thumb Code    14  defsig_rtmem_outer.o(.text)
    __I$use$semihosting                      0x08000663   Thumb Code     0  use_no_semi.o(.text)
    __use_no_semihosting_swi                 0x08000663   Thumb Code     2  use_no_semi.o(.text)
    __semihosting_library_function           0x08000665   Thumb Code     0  indicate_semi.o(.text)
    __user_setup_stackheap                   0x08000665   Thumb Code    74  sys_stackheap_outer.o(.text)
    exit                                     0x080006af   Thumb Code    18  exit.o(.text)
    __sig_exit                               0x080006c1   Thumb Code    10  defsig_exit.o(.text)
    __rt_SIGRTMEM_inner                      0x080006cd   Thumb Code    22  defsig_rtmem_inner.o(.text)
    _sys_exit                                0x0800071d   Thumb Code     8  sys_exit.o(.text)
    __default_signal_display                 0x08000729   Thumb Code    50  defsig_general.o(.text)
    _ttywrch                                 0x0800075b   Thumb Code    14  sys_wrch.o(.text)
    GPIO_Init                                0x08000769   Thumb Code   144  stm32f4xx_gpio.o(i.GPIO_Init)
    GPIO_PinAFConfig                         0x080007f9   Thumb Code    70  stm32f4xx_gpio.o(i.GPIO_PinAFConfig)
    GPIO_ResetBits                           0x0800083f   Thumb Code     4  stm32f4xx_gpio.o(i.GPIO_ResetBits)
    GPIO_SetBits                             0x08000843   Thumb Code     4  stm32f4xx_gpio.o(i.GPIO_SetBits)
    RCC_AHB1PeriphClockCmd                   0x08000849   Thumb Code    26  stm32f4xx_rcc.o(i.RCC_AHB1PeriphClockCmd)
    RCC_APB1PeriphClockCmd                   0x08000869   Thumb Code    26  stm32f4xx_rcc.o(i.RCC_APB1PeriphClockCmd)
    RCC_APB2PeriphClockCmd                   0x08000889   Thumb Code    26  stm32f4xx_rcc.o(i.RCC_APB2PeriphClockCmd)
    RCC_GetClocksFreq                        0x080008a9   Thumb Code   440  stm32f4xx_rcc.o(i.RCC_GetClocksFreq)
    SPI_Cmd                                  0x08000a71   Thumb Code    24  stm32f4xx_spi.o(i.SPI_Cmd)
    SPI_Init                                 0x08000a89   Thumb Code    60  stm32f4xx_spi.o(i.SPI_Init)
    SystemInit                               0x08000ac5   Thumb Code    82  system_stm32f4xx.o(i.SystemInit)
    USART_Cmd                                0x08000b29   Thumb Code    24  stm32f4xx_usart.o(i.USART_Cmd)
    USART_Init                               0x08000b41   Thumb Code   204  stm32f4xx_usart.o(i.USART_Init)
    SPI_CSHigh(unsigned short)               0x08000c15   Thumb Code    14  spi.o(i._Z10SPI_CSHight)
    SPI_InitCS(unsigned short)               0x08000c29   Thumb Code    38  spi.o(i._Z10SPI_InitCSt)
    SPI_Write8(unsigned char*, unsigned)     0x08000c55   Thumb Code    68  spi.o(i._Z10SPI_Write8Phj)
    UART3_Init(unsigned)                     0x08000c9d   Thumb Code   130  uart.o(i._Z10UART3_Initj)
    pec15_calc(unsigned char, unsigned char*) 0x08000d29   Thumb Code    50  ltc681x.o(i._Z10pec15_calchPh)
    printCells(cell_asic*)                   0x08000d61   Thumb Code     2  main.o(i._Z10printCellsP9cell_asic)
    UART3_Write(char*, unsigned)             0x08000d65   Thumb Code    38  uart.o(i._Z11UART3_WritePcj)
    parse_cells(unsigned char, unsigned char, unsigned char*, unsigned short*, unsigned char*) 0x08000d91   Thumb Code   138  ltc681x.o(i._Z11parse_cellshhPhPtS_)
    LTC6811_Init(cell_asic*)                 0x08000e1b   Thumb Code    46  ltc6811.o(i._Z12LTC6811_InitP9cell_asic)
    LTC6811_adcv(unsigned char, unsigned char, unsigned char) 0x08000e49   Thumb Code    20  ltc6811.o(i._Z12LTC6811_adcvhhh)
    LTC6811_rdcv(unsigned char, unsigned char, cell_asic*) 0x08000e5d   Thumb Code    30  ltc6811.o(i._Z12LTC6811_rdcvhhP9cell_asic)
    LTC681x_adcv(unsigned char, unsigned char, unsigned char) 0x08000e7b   Thumb Code    46  ltc681x.o(i._Z12LTC681x_adcvhhh)
    LTC681x_rdcv(unsigned char, unsigned char, cell_asic*) 0x08000ea9   Thumb Code   244  ltc681x.o(i._Z12LTC681x_rdcvhhP9cell_asic)
    wakeup_sleep(unsigned char)              0x08000f9d   Thumb Code    42  ltc681x.o(i._Z12wakeup_sleeph)
    SPI_WriteRead8(unsigned char*, unsigned, unsigned char*, unsigned) 0x08000fc7   Thumb Code    32  spi.o(i._Z14SPI_WriteRead8PhjS_j)
    LTC681x_init_cfg(unsigned char, cell_asic*) 0x08000fe9   Thumb Code   106  ltc681x.o(i._Z16LTC681x_init_cfghP9cell_asic)
    LTC681x_rdcv_reg(unsigned char, unsigned char, unsigned char*) 0x08001059   Thumb Code   170  ltc681x.o(i._Z16LTC681x_rdcv_reghhPh)
    LTC681x_set_cfgr(unsigned char, cell_asic*, bool, bool, bool*, bool*) 0x08001103   Thumb Code    60  ltc681x.o(i._Z16LTC681x_set_cfgrhP9cell_asicbbPbS1_)
    LTC681x_check_pec(unsigned char, unsigned char, cell_asic*) 0x0800113f   Thumb Code   528  ltc681x.o(i._Z17LTC681x_check_pechhP9cell_asic)
    LTC681x_set_cfgr_dis(unsigned char, cell_asic*, bool*) 0x0800134f   Thumb Code   146  ltc681x.o(i._Z20LTC681x_set_cfgr_dishP9cell_asicPb)
    LTC681x_set_cfgr_gpio(unsigned char, cell_asic*, bool*) 0x080013e1   Thumb Code    78  ltc681x.o(i._Z21LTC681x_set_cfgr_gpiohP9cell_asicPb)
    LTC681x_set_cfgr_refon(unsigned char, cell_asic*, bool) 0x0800142f   Thumb Code    56  ltc681x.o(i._Z22LTC681x_set_cfgr_refonhP9cell_asicb)
    LTC6811_init_reg_limits(unsigned char, cell_asic*) 0x08001467   Thumb Code   102  ltc6811.o(i._Z23LTC6811_init_reg_limitshP9cell_asic)
    LTC6811_reset_crc_count(unsigned char, cell_asic*) 0x080014cd   Thumb Code    16  ltc6811.o(i._Z23LTC6811_reset_crc_counthP9cell_asic)
    LTC681x_reset_crc_count(unsigned char, cell_asic*) 0x080014dd   Thumb Code   122  ltc681x.o(i._Z23LTC681x_reset_crc_counthP9cell_asic)
    LTC681x_set_cfgr_adcopt(unsigned char, cell_asic*, bool) 0x08001557   Thumb Code    56  ltc681x.o(i._Z23LTC681x_set_cfgr_adcopthP9cell_asicb)
    cmd_68(unsigned char*)                   0x0800158f   Thumb Code    60  ltc681x.o(i._Z6cmd_68Ph)
    delay_u(unsigned short)                  0x080015cd   Thumb Code    34  ltc681x.o(i._Z7delay_ut)
    FIFO_Init()                              0x080015f9   Thumb Code     2  fifo.o(i._Z9FIFO_Initv)
    SPI_CSLow(unsigned short)                0x080015fd   Thumb Code    14  spi.o(i._Z9SPI_CSLowt)
    SPI_Init8()                              0x08001611   Thumb Code   162  spi.o(i._Z9SPI_Init8v)
    SPI_Read8(unsigned char*, unsigned)      0x080016bd   Thumb Code   102  spi.o(i._Z9SPI_Read8Phj)
    main                                     0x0800172d   Thumb Code    84  main.o(i.main)
    _fp_init                                 0x08001795   Thumb Code    10  fpinit.o(x$fpl$fpinit)
    __fplib_config_fpu_vfp                   0x0800179d   Thumb Code     0  fpinit.o(x$fpl$fpinit)
    __fplib_config_pureend_doubles           0x0800179d   Thumb Code     0  fpinit.o(x$fpl$fpinit)
    Region$$Table$$Base                      0x080019a8   Number         0  anon$$obj.o(Region$$Table)
    Region$$Table$$Limit                     0x080019c8   Number         0  anon$$obj.o(Region$$Table)
    SystemCoreClock                          0x20000010   Data           4  system_stm32f4xx.o(.data)
    __libspace_start                         0x20000014   Data          96  libspace.o(.bss)
    __temporary_stack_top$libspace           0x20000074   Data           0  libspace.o(.bss)



==============================================================================

Memory Map of the image

  Image Entry point : 0x080001d9

  Load Region LR_IROM1 (Base: 0x08000000, Size: 0x000019dc, Max: 0x00180000, ABSOLUTE)

    Execution Region ER_IROM1 (Exec base: 0x08000000, Load base: 0x08000000, Size: 0x000019c8, Max: 0x00180000, ABSOLUTE)

    Exec Addr    Load Addr    Size         Type   Attr      Idx    E Section Name        Object

    0x08000000   0x08000000   0x000001d8   Data   RO         3868    RESET               startup_stm32f413xx.o
    0x080001d8   0x080001d8   0x00000008   Code   RO         4029  * !!!main             c_w.l(__main.o)
    0x080001e0   0x080001e0   0x00000034   Code   RO         4397    !!!scatter          c_w.l(__scatter.o)
    0x08000214   0x08000214   0x0000001a   Code   RO         4399    !!handler_copy      c_w.l(__scatter_copy.o)
    0x0800022e   0x0800022e   0x00000002   PAD
    0x08000230   0x08000230   0x0000001c   Code   RO         4401    !!handler_zi        c_w.l(__scatter_zi.o)
    0x0800024c   0x0800024c   0x00000000   Code   RO         4013    .ARM.Collect$$_printf_percent$$00000000  c_w.l(_printf_percent.o)
    0x0800024c   0x0800024c   0x00000006   Code   RO         4011    .ARM.Collect$$_printf_percent$$00000009  c_w.l(_printf_d.o)
    0x08000252   0x08000252   0x00000004   Code   RO         4089    .ARM.Collect$$_printf_percent$$00000017  c_w.l(_printf_percent_end.o)
    0x08000256   0x08000256   0x00000002   Code   RO         4279    .ARM.Collect$$libinit$$00000000  c_w.l(libinit.o)
    0x08000258   0x08000258   0x00000004   Code   RO         4102    .ARM.Collect$$libinit$$00000001  c_w.l(libinit2.o)
    0x0800025c   0x0800025c   0x00000000   Code   RO         4105    .ARM.Collect$$libinit$$00000004  c_w.l(libinit2.o)
    0x0800025c   0x0800025c   0x00000008   Code   RO         4106    .ARM.Collect$$libinit$$00000005  c_w.l(libinit2.o)
    0x08000264   0x08000264   0x00000000   Code   RO         4108    .ARM.Collect$$libinit$$0000000A  c_w.l(libinit2.o)
    0x08000264   0x08000264   0x00000000   Code   RO         4110    .ARM.Collect$$libinit$$0000000C  c_w.l(libinit2.o)
    0x08000264   0x08000264   0x00000000   Code   RO         4112    .ARM.Collect$$libinit$$0000000E  c_w.l(libinit2.o)
    0x08000264   0x08000264   0x00000000   Code   RO         4115    .ARM.Collect$$libinit$$00000011  c_w.l(libinit2.o)
    0x08000264   0x08000264   0x00000000   Code   RO         4117    .ARM.Collect$$libinit$$00000013  c_w.l(libinit2.o)
    0x08000264   0x08000264   0x00000000   Code   RO         4119    .ARM.Collect$$libinit$$00000015  c_w.l(libinit2.o)
    0x08000264   0x08000264   0x00000000   Code   RO         4121    .ARM.Collect$$libinit$$00000017  c_w.l(libinit2.o)
    0x08000264   0x08000264   0x00000000   Code   RO         4123    .ARM.Collect$$libinit$$00000019  c_w.l(libinit2.o)
    0x08000264   0x08000264   0x00000000   Code   RO         4125    .ARM.Collect$$libinit$$0000001B  c_w.l(libinit2.o)
    0x08000264   0x08000264   0x00000000   Code   RO         4127    .ARM.Collect$$libinit$$0000001D  c_w.l(libinit2.o)
    0x08000264   0x08000264   0x00000000   Code   RO         4129    .ARM.Collect$$libinit$$0000001F  c_w.l(libinit2.o)
    0x08000264   0x08000264   0x00000000   Code   RO         4131    .ARM.Collect$$libinit$$00000021  c_w.l(libinit2.o)
    0x08000264   0x08000264   0x00000000   Code   RO         4133    .ARM.Collect$$libinit$$00000023  c_w.l(libinit2.o)
    0x08000264   0x08000264   0x00000000   Code   RO         4135    .ARM.Collect$$libinit$$00000025  c_w.l(libinit2.o)
    0x08000264   0x08000264   0x00000000   Code   RO         4139    .ARM.Collect$$libinit$$0000002C  c_w.l(libinit2.o)
    0x08000264   0x08000264   0x00000000   Code   RO         4141    .ARM.Collect$$libinit$$0000002E  c_w.l(libinit2.o)
    0x08000264   0x08000264   0x00000000   Code   RO         4143    .ARM.Collect$$libinit$$00000030  c_w.l(libinit2.o)
    0x08000264   0x08000264   0x00000000   Code   RO         4145    .ARM.Collect$$libinit$$00000032  c_w.l(libinit2.o)
    0x08000264   0x08000264   0x00000002   Code   RO         4146    .ARM.Collect$$libinit$$00000033  c_w.l(libinit2.o)
    0x08000266   0x08000266   0x00000002   Code   RO         4394    .ARM.Collect$$libshutdown$$00000000  c_w.l(libshutdown.o)
    0x08000268   0x08000268   0x00000000   Code   RO         4281    .ARM.Collect$$libshutdown$$00000002  c_w.l(libshutdown2.o)
    0x08000268   0x08000268   0x00000000   Code   RO         4283    .ARM.Collect$$libshutdown$$00000004  c_w.l(libshutdown2.o)
    0x08000268   0x08000268   0x00000000   Code   RO         4286    .ARM.Collect$$libshutdown$$00000007  c_w.l(libshutdown2.o)
    0x08000268   0x08000268   0x00000000   Code   RO         4289    .ARM.Collect$$libshutdown$$0000000A  c_w.l(libshutdown2.o)
    0x08000268   0x08000268   0x00000000   Code   RO         4291    .ARM.Collect$$libshutdown$$0000000C  c_w.l(libshutdown2.o)
    0x08000268   0x08000268   0x00000000   Code   RO         4294    .ARM.Collect$$libshutdown$$0000000F  c_w.l(libshutdown2.o)
    0x08000268   0x08000268   0x00000002   Code   RO         4295    .ARM.Collect$$libshutdown$$00000010  c_w.l(libshutdown2.o)
    0x0800026a   0x0800026a   0x00000000   Code   RO         4053    .ARM.Collect$$rtentry$$00000000  c_w.l(__rtentry.o)
    0x0800026a   0x0800026a   0x00000000   Code   RO         4158    .ARM.Collect$$rtentry$$00000002  c_w.l(__rtentry2.o)
    0x0800026a   0x0800026a   0x00000006   Code   RO         4170    .ARM.Collect$$rtentry$$00000004  c_w.l(__rtentry4.o)
    0x08000270   0x08000270   0x00000000   Code   RO         4160    .ARM.Collect$$rtentry$$00000009  c_w.l(__rtentry2.o)
    0x08000270   0x08000270   0x00000004   Code   RO         4161    .ARM.Collect$$rtentry$$0000000A  c_w.l(__rtentry2.o)
    0x08000274   0x08000274   0x00000000   Code   RO         4163    .ARM.Collect$$rtentry$$0000000C  c_w.l(__rtentry2.o)
    0x08000274   0x08000274   0x00000008   Code   RO         4164    .ARM.Collect$$rtentry$$0000000D  c_w.l(__rtentry2.o)
    0x0800027c   0x0800027c   0x00000002   Code   RO         4302    .ARM.Collect$$rtexit$$00000000  c_w.l(rtexit.o)
    0x0800027e   0x0800027e   0x00000000   Code   RO         4345    .ARM.Collect$$rtexit$$00000002  c_w.l(rtexit2.o)
    0x0800027e   0x0800027e   0x00000004   Code   RO         4346    .ARM.Collect$$rtexit$$00000003  c_w.l(rtexit2.o)
    0x08000282   0x08000282   0x00000006   Code   RO         4347    .ARM.Collect$$rtexit$$00000004  c_w.l(rtexit2.o)
    0x08000288   0x08000288   0x00000000   Code   RO         4174    .emb_text           c_w.l(maybetermalloc1.o)
    0x08000288   0x08000288   0x00000040   Code   RO         3869    .text               startup_stm32f413xx.o
    0x080002c8   0x080002c8   0x0000005e   Code   RO         3918    .text               c_w.l(h1_alloc.o)
    0x08000326   0x08000326   0x0000004e   Code   RO         3920    .text               c_w.l(h1_free.o)
    0x08000374   0x08000374   0x00000028   Code   RO         3982    .text               c_w.l(noretval__2sprintf.o)
    0x0800039c   0x0800039c   0x00000068   Code   RO         3984    .text               c_w.l(__printf.o)
    0x08000404   0x08000404   0x00000078   Code   RO         3988    .text               c_w.l(_printf_dec.o)
    0x0800047c   0x0800047c   0x00000006   Code   RO         4027    .text               c_w.l(heapauxi.o)
    0x08000482   0x08000482   0x00000002   PAD
    0x08000484   0x08000484   0x00000008   Code   RO         4057    .text               c_w.l(rt_heap_descriptor_intlibspace.o)
    0x0800048c   0x0800048c   0x00000004   Code   RO         4059    .text               c_w.l(hguard.o)
    0x08000490   0x08000490   0x0000008a   Code   RO         4061    .text               c_w.l(init_alloc.o)
    0x0800051a   0x0800051a   0x0000000e   Code   RO         4065    .text               c_w.l(h1_init.o)
    0x08000528   0x08000528   0x000000b2   Code   RO         4079    .text               c_w.l(_printf_intcommon.o)
    0x080005da   0x080005da   0x00000002   PAD
    0x080005dc   0x080005dc   0x00000030   Code   RO         4081    .text               c_w.l(_printf_char_common.o)
    0x0800060c   0x0800060c   0x0000000a   Code   RO         4083    .text               c_w.l(_sputc.o)
    0x08000616   0x08000616   0x00000002   PAD
    0x08000618   0x08000618   0x00000008   Code   RO         4154    .text               c_w.l(libspace.o)
    0x08000620   0x08000620   0x00000034   Code   RO         4176    .text               c_w.l(h1_extend.o)
    0x08000654   0x08000654   0x0000000e   Code   RO         4208    .text               c_w.l(defsig_rtmem_outer.o)
    0x08000662   0x08000662   0x00000002   Code   RO         4228    .text               c_w.l(use_no_semi.o)
    0x08000664   0x08000664   0x00000000   Code   RO         4230    .text               c_w.l(indicate_semi.o)
    0x08000664   0x08000664   0x0000004a   Code   RO         4231    .text               c_w.l(sys_stackheap_outer.o)
    0x080006ae   0x080006ae   0x00000012   Code   RO         4258    .text               c_w.l(exit.o)
    0x080006c0   0x080006c0   0x0000000a   Code   RO         4260    .text               c_w.l(defsig_exit.o)
    0x080006ca   0x080006ca   0x00000002   PAD
    0x080006cc   0x080006cc   0x00000050   Code   RO         4266    .text               c_w.l(defsig_rtmem_inner.o)
    0x0800071c   0x0800071c   0x0000000c   Code   RO         4300    .text               c_w.l(sys_exit.o)
    0x08000728   0x08000728   0x00000032   Code   RO         4336    .text               c_w.l(defsig_general.o)
    0x0800075a   0x0800075a   0x0000000e   Code   RO         4342    .text               c_w.l(sys_wrch.o)
    0x08000768   0x08000768   0x00000090   Code   RO         2670    i.GPIO_Init         stm32f4xx_gpio.o
    0x080007f8   0x080007f8   0x00000046   Code   RO         2671    i.GPIO_PinAFConfig  stm32f4xx_gpio.o
    0x0800083e   0x0800083e   0x00000004   Code   RO         2677    i.GPIO_ResetBits    stm32f4xx_gpio.o
    0x08000842   0x08000842   0x00000004   Code   RO         2678    i.GPIO_SetBits      stm32f4xx_gpio.o
    0x08000846   0x08000846   0x00000002   PAD
    0x08000848   0x08000848   0x00000020   Code   RO         1951    i.RCC_AHB1PeriphClockCmd  stm32f4xx_rcc.o
    0x08000868   0x08000868   0x00000020   Code   RO         1960    i.RCC_APB1PeriphClockCmd  stm32f4xx_rcc.o
    0x08000888   0x08000888   0x00000020   Code   RO         1963    i.RCC_APB2PeriphClockCmd  stm32f4xx_rcc.o
    0x080008a8   0x080008a8   0x000001c8   Code   RO         1976    i.RCC_GetClocksFreq  stm32f4xx_rcc.o
    0x08000a70   0x08000a70   0x00000018   Code   RO         2794    i.SPI_Cmd           stm32f4xx_spi.o
    0x08000a88   0x08000a88   0x0000003c   Code   RO         2807    i.SPI_Init          stm32f4xx_spi.o
    0x08000ac4   0x08000ac4   0x00000064   Code   RO         3877    i.SystemInit        system_stm32f4xx.o
    0x08000b28   0x08000b28   0x00000018   Code   RO         3649    i.USART_Cmd         stm32f4xx_usart.o
    0x08000b40   0x08000b40   0x000000d4   Code   RO         3656    i.USART_Init        stm32f4xx_usart.o
    0x08000c14   0x08000c14   0x00000014   Code   RO         1463    i._Z10SPI_CSHight   spi.o
    0x08000c28   0x08000c28   0x0000002c   Code   RO         1465    i._Z10SPI_InitCSt   spi.o
    0x08000c54   0x08000c54   0x00000048   Code   RO         1467    i._Z10SPI_Write8Phj  spi.o
    0x08000c9c   0x08000c9c   0x0000008c   Code   RO         1563    i._Z10UART3_Initj   uart.o
    0x08000d28   0x08000d28   0x00000038   Code   RO          806    i._Z10pec15_calchPh  ltc681x.o
    0x08000d60   0x08000d60   0x00000002   Code   RO            5    i._Z10printCellsP9cell_asic  main.o
    0x08000d62   0x08000d62   0x00000002   PAD
    0x08000d64   0x08000d64   0x0000002c   Code   RO         1566    i._Z11UART3_WritePcj  uart.o
    0x08000d90   0x08000d90   0x0000008a   Code   RO          807    i._Z11parse_cellshhPhPtS_  ltc681x.o
    0x08000e1a   0x08000e1a   0x0000002e   Code   RO          393    i._Z12LTC6811_InitP9cell_asic  ltc6811.o
    0x08000e48   0x08000e48   0x00000014   Code   RO          395    i._Z12LTC6811_adcvhhh  ltc6811.o
    0x08000e5c   0x08000e5c   0x0000001e   Code   RO          400    i._Z12LTC6811_rdcvhhP9cell_asic  ltc6811.o
    0x08000e7a   0x08000e7a   0x0000002e   Code   RO          810    i._Z12LTC681x_adcvhhh  ltc681x.o
    0x08000ea8   0x08000ea8   0x000000f4   Code   RO          815    i._Z12LTC681x_rdcvhhP9cell_asic  ltc681x.o
    0x08000f9c   0x08000f9c   0x0000002a   Code   RO          816    i._Z12wakeup_sleeph  ltc681x.o
    0x08000fc6   0x08000fc6   0x00000020   Code   RO         1469    i._Z14SPI_WriteRead8PhjS_j  spi.o
    0x08000fe6   0x08000fe6   0x00000002   PAD
    0x08000fe8   0x08000fe8   0x00000070   Code   RO          842    i._Z16LTC681x_init_cfghP9cell_asic  ltc681x.o
    0x08001058   0x08001058   0x000000aa   Code   RO          843    i._Z16LTC681x_rdcv_reghhPh  ltc681x.o
    0x08001102   0x08001102   0x0000003c   Code   RO          844    i._Z16LTC681x_set_cfgrhP9cell_asicbbPbS1_  ltc681x.o
    0x0800113e   0x0800113e   0x00000210   Code   RO          845    i._Z17LTC681x_check_pechhP9cell_asic  ltc681x.o
    0x0800134e   0x0800134e   0x00000092   Code   RO          852    i._Z20LTC681x_set_cfgr_dishP9cell_asicPb  ltc681x.o
    0x080013e0   0x080013e0   0x0000004e   Code   RO          853    i._Z21LTC681x_set_cfgr_gpiohP9cell_asicPb  ltc681x.o
    0x0800142e   0x0800142e   0x00000038   Code   RO          854    i._Z22LTC681x_set_cfgr_refonhP9cell_asicb  ltc681x.o
    0x08001466   0x08001466   0x00000066   Code   RO          435    i._Z23LTC6811_init_reg_limitshP9cell_asic  ltc6811.o
    0x080014cc   0x080014cc   0x00000010   Code   RO          436    i._Z23LTC6811_reset_crc_counthP9cell_asic  ltc6811.o
    0x080014dc   0x080014dc   0x0000007a   Code   RO          855    i._Z23LTC681x_reset_crc_counthP9cell_asic  ltc681x.o
    0x08001556   0x08001556   0x00000038   Code   RO          858    i._Z23LTC681x_set_cfgr_adcopthP9cell_asicb  ltc681x.o
    0x0800158e   0x0800158e   0x0000003c   Code   RO          860    i._Z6cmd_68Ph       ltc681x.o
    0x080015ca   0x080015ca   0x00000002   PAD
    0x080015cc   0x080015cc   0x0000002c   Code   RO          862    i._Z7delay_ut       ltc681x.o
    0x080015f8   0x080015f8   0x00000002   Code   RO         1649    i._Z9FIFO_Initv     fifo.o
    0x080015fa   0x080015fa   0x00000002   PAD
    0x080015fc   0x080015fc   0x00000014   Code   RO         1471    i._Z9SPI_CSLowt     spi.o
    0x08001610   0x08001610   0x000000ac   Code   RO         1472    i._Z9SPI_Init8v     spi.o
    0x080016bc   0x080016bc   0x00000070   Code   RO         1473    i._Z9SPI_Read8Phj   spi.o
    0x0800172c   0x0800172c   0x00000068   Code   RO           10    i.main              main.o
    0x08001794   0x08001794   0x0000000a   Code   RO         4221    x$fpl$fpinit        fz_wm.l(fpinit.o)
    0x0800179e   0x0800179e   0x00000002   PAD
    0x080017a0   0x080017a0   0x00000205   Data   RO          924    .constdata          ltc681x.o
    0x080019a5   0x080019a5   0x00000003   PAD
    0x080019a8   0x080019a8   0x00000020   Data   RO         4395    Region$$Table       anon$$obj.o


    Execution Region RW_IRAM1 (Exec base: 0x20000000, Load base: 0x080019c8, Size: 0x00000678, Max: 0x00050000, ABSOLUTE)

    Exec Addr    Load Addr    Size         Type   Attr      Idx    E Section Name        Object

    0x20000000   0x080019c8   0x00000010   Data   RW         2072    .data               stm32f4xx_rcc.o
    0x20000010   0x080019d8   0x00000004   Data   RW         3881    .data               system_stm32f4xx.o
    0x20000014        -       0x00000060   Zero   RW         4155    .bss                c_w.l(libspace.o)
    0x20000074   0x080019dc   0x00000004   PAD
    0x20000078        -       0x00000200   Zero   RW         3867    HEAP                startup_stm32f413xx.o
    0x20000278        -       0x00000400   Zero   RW         3866    STACK               startup_stm32f413xx.o


==============================================================================

Image component sizes


      Code (inc. data)   RO Data    RW Data    ZI Data      Debug   Object Name

         2          0          0          0          0        428   fifo.o
       214          0          0          0          0       6897   ltc6811.o
      1958         28        517          0          0      15192   ltc681x.o
       106         20          0          0          0     284684   main.o
         0          0          0          0          0      19232   misc.o
       472         42          0          0          0       4812   spi.o
        64         26        472          0       1536        872   startup_stm32f413xx.o
       222          0          0          0          0      10235   stm32f4xx_gpio.o
       552         34          0         16          0      24347   stm32f4xx_rcc.o
        84          0          0          0          0      10261   stm32f4xx_spi.o
       236          8          0          0          0       8429   stm32f4xx_usart.o
       100         18          0          4          0       1367   system_stm32f4xx.o
       184         16          0          0          0       1295   uart.o

    ----------------------------------------------------------------------
      4204        192       1024         20       1536     388051   Object Totals
         0          0         32          0          0          0   (incl. Generated)
        10          0          3          0          0          0   (incl. Padding)

    ----------------------------------------------------------------------

      Code (inc. data)   RO Data    RW Data    ZI Data      Debug   Library Member Name

         8          0          0          0          0         68   __main.o
       104          0          0          0          0         84   __printf.o
         0          0          0          0          0          0   __rtentry.o
        12          0          0          0          0          0   __rtentry2.o
         6          0          0          0          0          0   __rtentry4.o
        52          8          0          0          0          0   __scatter.o
        26          0          0          0          0          0   __scatter_copy.o
        28          0          0          0          0          0   __scatter_zi.o
        48          6          0          0          0         96   _printf_char_common.o
         6          0          0          0          0          0   _printf_d.o
       120         16          0          0          0         92   _printf_dec.o
       178          0          0          0          0         88   _printf_intcommon.o
         0          0          0          0          0          0   _printf_percent.o
         4          0          0          0          0          0   _printf_percent_end.o
        10          0          0          0          0         68   _sputc.o
        10          0          0          0          0         68   defsig_exit.o
        50          0          0          0          0         88   defsig_general.o
        80         58          0          0          0         76   defsig_rtmem_inner.o
        14          0          0          0          0         80   defsig_rtmem_outer.o
        18          0          0          0          0         80   exit.o
        94          0          0          0          0         80   h1_alloc.o
        52          0          0          0          0         68   h1_extend.o
        78          0          0          0          0         80   h1_free.o
        14          0          0          0          0         84   h1_init.o
         6          0          0          0          0        152   heapauxi.o
         4          0          0          0          0        136   hguard.o
         0          0          0          0          0          0   indicate_semi.o
       138          0          0          0          0        168   init_alloc.o
         2          0          0          0          0          0   libinit.o
        14          0          0          0          0          0   libinit2.o
         2          0          0          0          0          0   libshutdown.o
         2          0          0          0          0          0   libshutdown2.o
         8          4          0          0         96         68   libspace.o
         0          0          0          0          0          0   maybetermalloc1.o
        40          6          0          0          0         84   noretval__2sprintf.o
         8          4          0          0          0         68   rt_heap_descriptor_intlibspace.o
         2          0          0          0          0          0   rtexit.o
        10          0          0          0          0          0   rtexit2.o
        12          4          0          0          0         68   sys_exit.o
        74          0          0          0          0         80   sys_stackheap_outer.o
        14          0          0          0          0         76   sys_wrch.o
         2          0          0          0          0         68   use_no_semi.o
        10          0          0          0          0        116   fpinit.o

    ----------------------------------------------------------------------
      1372        106          0          0        100       2284   Library Totals
        12          0          0          0          4          0   (incl. Padding)

    ----------------------------------------------------------------------

      Code (inc. data)   RO Data    RW Data    ZI Data      Debug   Library Name

      1350        106          0          0         96       2168   c_w.l
        10          0          0          0          0        116   fz_wm.l

    ----------------------------------------------------------------------
      1372        106          0          0        100       2284   Library Totals

    ----------------------------------------------------------------------

==============================================================================


      Code (inc. data)   RO Data    RW Data    ZI Data      Debug   

      5576        298       1024         20       1636     385091   Grand Totals
      5576        298       1024         20       1636     385091   ELF Image Totals
      5576        298       1024         20          0          0   ROM Totals

==============================================================================

    Total RO  Size (Code + RO Data)                 6600 (   6.45kB)
    Total RW  Size (RW Data + ZI Data)              1656 (   1.62kB)
    Total ROM Size (Code + RO Data + RW Data)       6620 (   6.46kB)

==============================================================================

