Component: ARM Compiler 5.06 update 6 (build 750) Tool: armlink [4d35ed]

==============================================================================

Section Cross References

    main.o(i._Z10initializev) refers to eeprom.o(i._Z11EEPROM_Initv) for EEPROM_Init()
    main.o(i._Z10initializev) refers to wdtimer.o(i._Z12WDTimer_Initv) for WDTimer_Init()
    main.o(i._Z7LTCmainv) refers to spi.o(i._Z9SPI1_Initv) for SPI1_Init()
    main.o(i._Z7LTCmainv) refers to ltc6811.o(i._Z12LTC6811_Initv) for LTC6811_Init()
    main.o(i._Z8Mainmainv) refers to main.o(i._Z10initializev) for initialize()
    main.o(i._Z8Mainmainv) refers to wdtimer.o(i._Z13WDTimer_Startv) for WDTimer_Start()
    main.o(i._Z8Mainmainv) refers to voltage.o(i._Z14Voltage_IsSafev) for Voltage_IsSafe()
    main.o(i._Z8Mainmainv) refers to current.o(i._Z14Current_IsSafev) for Current_IsSafe()
    main.o(i._Z8Mainmainv) refers to temperature.o(i._Z18Temperature_IsSafev) for Temperature_IsSafe()
    main.o(i._Z8Mainmainv) refers to voltage.o(i._Z26Voltage_UpdateMeasurementsv) for Voltage_UpdateMeasurements()
    main.o(i._Z8Mainmainv) refers to current.o(i._Z26Current_UpdateMeasurementsv) for Current_UpdateMeasurements()
    main.o(i._Z8Mainmainv) refers to temperature.o(i._Z30Temperature_UpdateMeasurementsv) for Temperature_UpdateMeasurements()
    main.o(i._Z8Mainmainv) refers to wdtimer.o(i._Z13WDTimer_Resetv) for WDTimer_Reset()
    main.o(i.main) refers to uart.o(i._Z10UART3_Initj) for UART3_Init(unsigned)
    main.o(i.main) refers to strlen.o(.text) for strlen
    main.o(i.main) refers to uart.o(i._Z11UART3_WritePcj) for UART3_Write(char*, unsigned)
    main.o(.ARM.exidx) refers to main.o(i._Z10initializev) for i._Z10initializev
    main.o(.ARM.exidx) refers to main.o(i._Z8Mainmainv) for i._Z8Mainmainv
    main.o(.ARM.exidx) refers to main.o(i._Z7LTCmainv) for i._Z7LTCmainv
    main.o(.ARM.exidx) refers to main.o(i.main) for i.main
    current.o(i._Z12Current_Initt) refers to current.o(i._Z17Current_SetLimitst) for Current_SetLimits(unsigned short)
    current.o(i._Z14Current_IsSafev) refers to current.o(.data) for HighPrecisionCurrent
    current.o(i._Z17Current_SetLimitst) refers to current.o(.data) for MaxCurrentLimit
    current.o(i._Z27Current_LowPrecisionAmperesv) refers to current.o(.data) for LowPrecisionCurrent
    current.o(i._Z28Current_HighPrecisionAmperesv) refers to current.o(.data) for HighPrecisionCurrent
    current.o(.ARM.exidx) refers to current.o(i._Z17Current_SetLimitst) for i._Z17Current_SetLimitst
    current.o(.ARM.exidx) refers to current.o(i._Z12Current_Initt) for i._Z12Current_Initt
    current.o(.ARM.exidx) refers to current.o(i._Z26Current_UpdateMeasurementsv) for i._Z26Current_UpdateMeasurementsv
    current.o(.ARM.exidx) refers to current.o(i._Z14Current_IsSafev) for i._Z14Current_IsSafev
    current.o(.ARM.exidx) refers to current.o(i._Z28Current_HighPrecisionAmperesv) for i._Z28Current_HighPrecisionAmperesv
    current.o(.ARM.exidx) refers to current.o(i._Z27Current_LowPrecisionAmperesv) for i._Z27Current_LowPrecisionAmperesv
    voltage.o(i._Z12Voltage_Inittt) refers to voltage.o(i._Z17Voltage_SetLimitstt) for Voltage_SetLimits(unsigned short, unsigned short)
    voltage.o(i._Z14Voltage_IsSafev) refers to voltage.o(i._Z21Voltage_ModuleVoltaget) for Voltage_ModuleVoltage(unsigned short)
    voltage.o(i._Z14Voltage_IsSafev) refers to voltage.o(.data) for maxVoltageLimit
    voltage.o(i._Z17Voltage_SetLimitstt) refers to voltage.o(.data) for maxVoltageLimit
    voltage.o(i._Z21Voltage_ModuleVoltaget) refers to voltage.o(.data) for modules
    voltage.o(i._Z23Voltage_ModulesInDangerv) refers to voltage.o(i._Z21Voltage_ModuleVoltaget) for Voltage_ModuleVoltage(unsigned short)
    voltage.o(i._Z23Voltage_ModulesInDangerv) refers to h1_alloc.o(.text) for malloc
    voltage.o(i._Z23Voltage_ModulesInDangerv) refers to voltage.o(.data) for maxVoltageLimit
    voltage.o(i._Z24Voltage_TotalPackVoltagev) refers to voltage.o(.data) for modules
    voltage.o(i._Z26Voltage_UpdateMeasurementsv) refers to ltc6811.o(i._Z15LTC6811_Measurev) for LTC6811_Measure()
    voltage.o(i._Z26Voltage_UpdateMeasurementsv) refers to voltage.o(.data) for modules
    voltage.o(.ARM.exidx) refers to voltage.o(i._Z17Voltage_SetLimitstt) for i._Z17Voltage_SetLimitstt
    voltage.o(.ARM.exidx) refers to voltage.o(i._Z12Voltage_Inittt) for i._Z12Voltage_Inittt
    voltage.o(.ARM.exidx) refers to voltage.o(i._Z26Voltage_UpdateMeasurementsv) for i._Z26Voltage_UpdateMeasurementsv
    voltage.o(.ARM.exidx) refers to voltage.o(i._Z21Voltage_ModuleVoltaget) for i._Z21Voltage_ModuleVoltaget
    voltage.o(.ARM.exidx) refers to voltage.o(i._Z14Voltage_IsSafev) for i._Z14Voltage_IsSafev
    voltage.o(.ARM.exidx) refers to voltage.o(i._Z23Voltage_ModulesInDangerv) for i._Z23Voltage_ModulesInDangerv
    voltage.o(.ARM.exidx) refers to voltage.o(i._Z24Voltage_TotalPackVoltagev) for i._Z24Voltage_TotalPackVoltagev
[...]
    Removing spi.o(.ARM.exidx), (8 bytes).
    Removing spi.o(.ARM.exidx), (8 bytes).
    Removing spi.o(.ARM.exidx), (8 bytes).
    Removing spi.o(.ARM.exidx), (8 bytes).
    Removing uart.o(.rev16_text), (4 bytes).
    Removing uart.o(.revsh_text), (4 bytes).
    Removing uart.o(.rrx_text), (6 bytes).
    Removing uart.o(i._Z10UART1_Initj), (188 bytes).
    Removing uart.o(i._Z10UART1_ReadPcj), (14 bytes).
    Removing uart.o(i._Z10UART3_ReadPcj), (40 bytes).
    Removing uart.o(i._Z11UART1_WritePcj), (72 bytes).
    Removing uart.o(i._Z17USART1_IRQHandlerv), (48 bytes).
    Removing uart.o(i._Z22copyHardwareToSoftwarev), (44 bytes).
    Removing uart.o(i._Z22copySoftwareToHardwarev), (60 bytes).
    Removing uart.o(.ARM.exidx), (8 bytes).
    Removing uart.o(.ARM.exidx), (8 bytes).
    Removing uart.o(.ARM.exidx), (8 bytes).
    Removing uart.o(.ARM.exidx), (8 bytes).
    Removing uart.o(.ARM.exidx), (8 bytes).
    Removing uart.o(.ARM.exidx), (8 bytes).
    Removing uart.o(.ARM.exidx), (8 bytes).
    Removing uart.o(.ARM.exidx), (8 bytes).
    Removing uart.o(.ARM.exidx), (8 bytes).
    Removing uart.o(.data), (8 bytes).
    Removing fifo.o(i._Z11FIFO_Get_Rxv), (2 bytes).
    Removing fifo.o(i._Z11FIFO_Get_Txv), (2 bytes).
    Removing fifo.o(i._Z11FIFO_Put_Rxh), (2 bytes).
    Removing fifo.o(i._Z11FIFO_Put_Txh), (2 bytes).
    Removing fifo.o(i._Z14FIFO_IsFull_Rxv), (2 bytes).
    Removing fifo.o(i._Z14FIFO_IsFull_Txv), (2 bytes).
    Removing fifo.o(i._Z15FIFO_IsEmpty_Rxv), (2 bytes).
    Removing fifo.o(i._Z15FIFO_IsEmpty_Txv), (2 bytes).
    Removing fifo.o(.ARM.exidx), (8 bytes).
    Removing fifo.o(.ARM.exidx), (8 bytes).
    Removing fifo.o(.ARM.exidx), (8 bytes).
    Removing fifo.o(.ARM.exidx), (8 bytes).
    Removing fifo.o(.ARM.exidx), (8 bytes).
    Removing fifo.o(.ARM.exidx), (8 bytes).
    Removing fifo.o(.ARM.exidx), (8 bytes).
    Removing fifo.o(.ARM.exidx), (8 bytes).
    Removing fifo.o(.ARM.exidx), (8 bytes).
    Removing misc.o(.rev16_text), (4 bytes).
    Removing misc.o(.revsh_text), (4 bytes).
    Removing misc.o(.rrx_text), (6 bytes).
    Removing misc.o(i.NVIC_Init), (120 bytes).
    Removing misc.o(i.NVIC_PriorityGroupConfig), (20 bytes).
    Removing misc.o(i.NVIC_SetVectorTable), (20 bytes).
    Removing misc.o(i.NVIC_SystemLPConfig), (32 bytes).
    Removing misc.o(i.SysTick_CLKSourceConfig), (40 bytes).
    Removing misc.o(.ARM.exidx), (8 bytes).
    Removing misc.o(.ARM.exidx), (8 bytes).
    Removing misc.o(.ARM.exidx), (8 bytes).
    Removing misc.o(.ARM.exidx), (8 bytes).
    Removing misc.o(.ARM.exidx), (8 bytes).
    Removing stm32f4xx_rcc.o(.rev16_text), (4 bytes).
    Removing stm32f4xx_rcc.o(.revsh_text), (4 bytes).
    Removing stm32f4xx_rcc.o(.rrx_text), (6 bytes).
    Removing stm32f4xx_rcc.o(i.RCC_48MHzClockSourceConfig), (36 bytes).
    Removing stm32f4xx_rcc.o(i.RCC_AHB1PeriphClockLPModeCmd), (32 bytes).
    Removing stm32f4xx_rcc.o(i.RCC_AHB1PeriphResetCmd), (32 bytes).
    Removing stm32f4xx_rcc.o(i.RCC_AHB2PeriphClockCmd), (32 bytes).
    Removing stm32f4xx_rcc.o(i.RCC_AHB2PeriphClockLPModeCmd), (32 bytes).
    Removing stm32f4xx_rcc.o(i.RCC_AHB2PeriphResetCmd), (32 bytes).
    Removing stm32f4xx_rcc.o(i.RCC_AHB3PeriphClockCmd), (32 bytes).
    Removing stm32f4xx_rcc.o(i.RCC_AHB3PeriphClockLPModeCmd), (32 bytes).
    Removing stm32f4xx_rcc.o(i.RCC_AHB3PeriphResetCmd), (32 bytes).
    Removing stm32f4xx_rcc.o(i.RCC_APB1PeriphClockLPModeCmd), (32 bytes).
    Removing stm32f4xx_rcc.o(i.RCC_APB1PeriphResetCmd), (32 bytes).
    Removing stm32f4xx_rcc.o(i.RCC_APB2PeriphClockCmd), (32 bytes).
    Removing stm32f4xx_rcc.o(i.RCC_APB2PeriphClockLPModeCmd), (32 bytes).
    Removing stm32f4xx_rcc.o(i.RCC_APB2PeriphResetCmd), (32 bytes).
    Removing stm32f4xx_rcc.o(i.RCC_AdjustHSICalibrationValue), (24 bytes).
    Removing stm32f4xx_rcc.o(i.RCC_BackupResetCmd), (12 bytes).
    Removing stm32f4xx_rcc.o(i.RCC_ClearFlag), (20 bytes).
    Removing stm32f4xx_rcc.o(i.RCC_ClearITPendingBit), (12 bytes).
    Removing stm32f4xx_rcc.o(i.RCC_ClockSecuritySystemCmd), (12 bytes).
    Removing stm32f4xx_rcc.o(i.RCC_DFSDM1ACLKConfig), (24 bytes).
    Removing stm32f4xx_rcc.o(i.RCC_DFSDM2ACLKConfig), (24 bytes).
    Removing stm32f4xx_rcc.o(i.RCC_DFSDMCLKConfig), (24 bytes).
    Removing stm32f4xx_rcc.o(i.RCC_DeInit), (96 bytes).
    Removing stm32f4xx_rcc.o(i.RCC_FMPI2C1ClockSourceConfig), (28 bytes).
    Removing stm32f4xx_rcc.o(i.RCC_GetFlagStatus), (64 bytes).
    Removing stm32f4xx_rcc.o(i.RCC_GetITStatus), (24 bytes).
    Removing stm32f4xx_rcc.o(i.RCC_GetSYSCLKSource), (16 bytes).
    Removing stm32f4xx_rcc.o(i.RCC_HCLKConfig), (24 bytes).
    Removing stm32f4xx_rcc.o(i.RCC_HSEConfig), (16 bytes).
    Removing stm32f4xx_rcc.o(i.RCC_HSICmd), (12 bytes).
    Removing stm32f4xx_rcc.o(i.RCC_I2SCLKConfig), (52 bytes).
    Removing stm32f4xx_rcc.o(i.RCC_ITConfig), (32 bytes).
    Removing stm32f4xx_rcc.o(i.RCC_LPTIM1ClockSourceConfig), (28 bytes).
    Removing stm32f4xx_rcc.o(i.RCC_LSEConfig), (44 bytes).
    Removing stm32f4xx_rcc.o(i.RCC_LSEModeConfig), (36 bytes).
    Removing stm32f4xx_rcc.o(i.RCC_LSICmd), (12 bytes).
    Removing stm32f4xx_rcc.o(i.RCC_LTDCCLKDivConfig), (24 bytes).
    Removing stm32f4xx_rcc.o(i.RCC_MCO1Config), (28 bytes).
    Removing stm32f4xx_rcc.o(i.RCC_MCO2Config), (28 bytes).
    Removing stm32f4xx_rcc.o(i.RCC_PCLK1Config), (24 bytes).
    Removing stm32f4xx_rcc.o(i.RCC_PCLK2Config), (24 bytes).
    Removing stm32f4xx_rcc.o(i.RCC_PLLCmd), (12 bytes).
    Removing stm32f4xx_rcc.o(i.RCC_PLLConfig), (40 bytes).
    Removing stm32f4xx_rcc.o(i.RCC_PLLI2SCmd), (12 bytes).
    Removing stm32f4xx_rcc.o(i.RCC_PLLI2SConfig), (36 bytes).
    Removing stm32f4xx_rcc.o(i.RCC_PLLSAICmd), (12 bytes).
    Removing stm32f4xx_rcc.o(i.RCC_RTCCLKCmd), (12 bytes).
    Removing stm32f4xx_rcc.o(i.RCC_RTCCLKConfig), (60 bytes).
    Removing stm32f4xx_rcc.o(i.RCC_SAIBlockACLKConfig), (24 bytes).
    Removing stm32f4xx_rcc.o(i.RCC_SAIBlockBCLKConfig), (24 bytes).
    Removing stm32f4xx_rcc.o(i.RCC_SAIPLLI2SClkDivConfig), (28 bytes).
    Removing stm32f4xx_rcc.o(i.RCC_SAIPLLI2SRClkDivConfig), (28 bytes).
    Removing stm32f4xx_rcc.o(i.RCC_SAIPLLRClkDivConfig), (28 bytes).
    Removing stm32f4xx_rcc.o(i.RCC_SAIPLLSAIClkDivConfig), (28 bytes).
    Removing stm32f4xx_rcc.o(i.RCC_SDIOClockSourceConfig), (36 bytes).
    Removing stm32f4xx_rcc.o(i.RCC_SYSCLKConfig), (24 bytes).
    Removing stm32f4xx_rcc.o(i.RCC_TIMCLKPresConfig), (12 bytes).
    Removing stm32f4xx_rcc.o(i.RCC_WaitForHSEStartUp), (56 bytes).
    Removing stm32f4xx_rcc.o(.ARM.exidx), (8 bytes).
    Removing stm32f4xx_rcc.o(.ARM.exidx), (8 bytes).
    Removing stm32f4xx_rcc.o(.ARM.exidx), (8 bytes).
    Removing stm32f4xx_rcc.o(.ARM.exidx), (8 bytes).
    Removing stm32f4xx_rcc.o(.ARM.exidx), (8 bytes).
    Removing stm32f4xx_rcc.o(.ARM.exidx), (8 bytes).
    Removing stm32f4xx_rcc.o(.ARM.exidx), (8 bytes).
    Removing stm32f4xx_rcc.o(.ARM.exidx), (8 bytes).
    Removing stm32f4xx_rcc.o(.ARM.exidx), (8 bytes).
    Removing stm32f4xx_rcc.o(.ARM.exidx), (8 bytes).
    Removing stm32f4xx_rcc.o(.ARM.exidx), (8 bytes).
    Removing stm32f4xx_rcc.o(.ARM.exidx), (8 bytes).
    Removing stm32f4xx_rcc.o(.ARM.exidx), (8 bytes).
    Removing stm32f4xx_rcc.o(.ARM.exidx), (8 bytes).
    Removing stm32f4xx_rcc.o(.ARM.exidx), (8 bytes).
    Removing stm32f4xx_rcc.o(.ARM.exidx), (8 bytes).
    Removing stm32f4xx_rcc.o(.ARM.exidx), (8 bytes).
    Removing stm32f4xx_rcc.o(.ARM.exidx), (8 bytes).
    Removing stm32f4xx_rcc.o(.ARM.exidx), (8 bytes).
    Removing stm32f4xx_rcc.o(.ARM.exidx), (8 bytes).
    Removing stm32f4xx_rcc.o(.ARM.exidx), (8 bytes).
    Removing stm32f4xx_rcc.o(.ARM.exidx), (8 bytes).
    Removing stm32f4xx_rcc.o(.ARM.exidx), (8 bytes).
    Removing stm32f4xx_rcc.o(.ARM.exidx), (8 bytes).
    Removing stm32f4xx_rcc.o(.ARM.exidx), (8 bytes).
    Removing stm32f4xx_rcc.o(.ARM.exidx), (8 bytes).
    Removing stm32f4xx_rcc.o(.ARM.exidx), (8 bytes).
    Removing stm32f4xx_rcc.o(.ARM.exidx), (8 bytes).
    Removing stm32f4xx_rcc.o(.ARM.exidx), (8 bytes).
    Removing stm32f4xx_rcc.o(.ARM.exidx), (8 bytes).
    Removing stm32f4xx_rcc.o(.ARM.exidx), (8 bytes).
    Removing stm32f4xx_rcc.o(.ARM.exidx), (8 bytes).
    Removing stm32f4xx_rcc.o(.ARM.exidx), (8 bytes).
    Removing stm32f4xx_rcc.o(.ARM.exidx), (8 bytes).
    Removing stm32f4xx_rcc.o(.ARM.exidx), (8 bytes).
    Removing stm32f4xx_rcc.o(.ARM.exidx), (8 bytes).
    Removing stm32f4xx_rcc.o(.ARM.exidx), (8 bytes).
    Removing stm32f4xx_rcc.o(.ARM.exidx), (8 bytes).
    Removing stm32f4xx_rcc.o(.ARM.exidx), (8 bytes).
    Removing stm32f4xx_rcc.o(.ARM.exidx), (8 bytes).
    Removing stm32f4xx_rcc.o(.ARM.exidx), (8 bytes).
    Removing stm32f4xx_rcc.o(.ARM.exidx), (8 bytes).
    Removing stm32f4xx_rcc.o(.ARM.exidx), (8 bytes).
    Removing stm32f4xx_rcc.o(.ARM.exidx), (8 bytes).
    Removing stm32f4xx_rcc.o(.ARM.exidx), (8 bytes).
    Removing stm32f4xx_rcc.o(.ARM.exidx), (8 bytes).
    Removing stm32f4xx_rcc.o(.ARM.exidx), (8 bytes).
    Removing stm32f4xx_rcc.o(.ARM.exidx), (8 bytes).
    Removing stm32f4xx_rcc.o(.ARM.exidx), (8 bytes).
    Removing stm32f4xx_rcc.o(.ARM.exidx), (8 bytes).
    Removing stm32f4xx_rcc.o(.ARM.exidx), (8 bytes).
    Removing stm32f4xx_rcc.o(.ARM.exidx), (8 bytes).
    Removing stm32f4xx_rcc.o(.ARM.exidx), (8 bytes).
    Removing stm32f4xx_rcc.o(.ARM.exidx), (8 bytes).
    Removing stm32f4xx_rcc.o(.ARM.exidx), (8 bytes).
    Removing stm32f4xx_rcc.o(.ARM.exidx), (8 bytes).
    Removing stm32f4xx_rcc.o(.ARM.exidx), (8 bytes).
    Removing stm32f4xx_rcc.o(.ARM.exidx), (8 bytes).
    Removing stm32f4xx_rcc.o(.ARM.exidx), (8 bytes).
    Removing stm32f4xx_rcc.o(.ARM.exidx), (8 bytes).
    Removing stm32f4xx_rcc.o(.ARM.exidx), (8 bytes).
    Removing stm32f4xx_i2c.o(.rev16_text), (4 bytes).
    Removing stm32f4xx_i2c.o(.revsh_text), (4 bytes).
    Removing stm32f4xx_i2c.o(.rrx_text), (6 bytes).
    Removing stm32f4xx_i2c.o(i.I2C_ARPCmd), (24 bytes).
    Removing stm32f4xx_i2c.o(i.I2C_AcknowledgeConfig), (24 bytes).
    Removing stm32f4xx_i2c.o(i.I2C_AnalogFilterCmd), (24 bytes).
    Removing stm32f4xx_i2c.o(i.I2C_CalculatePEC), (24 bytes).
    Removing stm32f4xx_i2c.o(i.I2C_CheckEvent), (42 bytes).
    Removing stm32f4xx_i2c.o(i.I2C_ClearFlag), (12 bytes).
    Removing stm32f4xx_i2c.o(i.I2C_ClearITPendingBit), (12 bytes).
    Removing stm32f4xx_i2c.o(i.I2C_Cmd), (24 bytes).
    Removing stm32f4xx_i2c.o(i.I2C_DMACmd), (24 bytes).
    Removing stm32f4xx_i2c.o(i.I2C_DMALastTransferCmd), (24 bytes).
    Removing stm32f4xx_i2c.o(i.I2C_DeInit), (96 bytes).
    Removing stm32f4xx_i2c.o(i.I2C_DigitalFilterConfig), (22 bytes).
    Removing stm32f4xx_i2c.o(i.I2C_DualAddressCmd), (24 bytes).
    Removing stm32f4xx_i2c.o(i.I2C_FastModeDutyCycleConfig), (28 bytes).
    Removing stm32f4xx_i2c.o(i.I2C_GeneralCallCmd), (24 bytes).
    Removing stm32f4xx_i2c.o(i.I2C_GenerateSTART), (24 bytes).
    Removing stm32f4xx_i2c.o(i.I2C_GenerateSTOP), (24 bytes).
    Removing stm32f4xx_i2c.o(i.I2C_GetFlagStatus), (58 bytes).
    Removing stm32f4xx_i2c.o(i.I2C_GetITStatus), (38 bytes).
    Removing stm32f4xx_i2c.o(i.I2C_GetLastEvent), (26 bytes).
    Removing stm32f4xx_i2c.o(i.I2C_GetPEC), (8 bytes).
    Removing stm32f4xx_i2c.o(i.I2C_ITConfig), (18 bytes).
    Removing stm32f4xx_i2c.o(i.I2C_Init), (232 bytes).
    Removing stm32f4xx_i2c.o(i.I2C_NACKPositionConfig), (28 bytes).
    Removing stm32f4xx_i2c.o(i.I2C_OwnAddress2Config), (22 bytes).
    Removing stm32f4xx_i2c.o(i.I2C_PECPositionConfig), (28 bytes).
    Removing stm32f4xx_i2c.o(i.I2C_ReadRegister), (22 bytes).
    Removing stm32f4xx_i2c.o(i.I2C_ReceiveData), (8 bytes).
    Removing stm32f4xx_i2c.o(i.I2C_SMBusAlertConfig), (28 bytes).
    Removing stm32f4xx_i2c.o(i.I2C_Send7bitAddress), (16 bytes).
    Removing stm32f4xx_i2c.o(i.I2C_SendData), (4 bytes).
    Removing stm32f4xx_i2c.o(i.I2C_SoftwareResetCmd), (22 bytes).
    Removing stm32f4xx_i2c.o(i.I2C_StretchClockCmd), (24 bytes).
    Removing stm32f4xx_i2c.o(i.I2C_StructInit), (30 bytes).
    Removing stm32f4xx_i2c.o(i.I2C_TransmitPEC), (24 bytes).
    Removing stm32f4xx_i2c.o(.ARM.exidx), (8 bytes).
    Removing stm32f4xx_i2c.o(.ARM.exidx), (8 bytes).
    Removing stm32f4xx_i2c.o(.ARM.exidx), (8 bytes).
    Removing stm32f4xx_i2c.o(.ARM.exidx), (8 bytes).
    Removing stm32f4xx_i2c.o(.ARM.exidx), (8 bytes).
    Removing stm32f4xx_i2c.o(.ARM.exidx), (8 bytes).
    Removing stm32f4xx_i2c.o(.ARM.exidx), (8 bytes).
    Removing stm32f4xx_i2c.o(.ARM.exidx), (8 bytes).
    Removing stm32f4xx_i2c.o(.ARM.exidx), (8 bytes).
    Removing stm32f4xx_i2c.o(.ARM.exidx), (8 bytes).
    Removing stm32f4xx_i2c.o(.ARM.exidx), (8 bytes).
    Removing stm32f4xx_i2c.o(.ARM.exidx), (8 bytes).
    Removing stm32f4xx_i2c.o(.ARM.exidx), (8 bytes).
    Removing stm32f4xx_i2c.o(.ARM.exidx), (8 bytes).
    Removing stm32f4xx_i2c.o(.ARM.exidx), (8 bytes).
    Removing stm32f4xx_i2c.o(.ARM.exidx), (8 bytes).
    Removing stm32f4xx_i2c.o(.ARM.exidx), (8 bytes).
    Removing stm32f4xx_i2c.o(.ARM.exidx), (8 bytes).
    Removing stm32f4xx_i2c.o(.ARM.exidx), (8 bytes).
    Removing stm32f4xx_i2c.o(.ARM.exidx), (8 bytes).
    Removing stm32f4xx_i2c.o(.ARM.exidx), (8 bytes).
    Removing stm32f4xx_i2c.o(.ARM.exidx), (8 bytes).
    Removing stm32f4xx_i2c.o(.ARM.exidx), (8 bytes).
    Removing stm32f4xx_i2c.o(.ARM.exidx), (8 bytes).
    Removing stm32f4xx_i2c.o(.ARM.exidx), (8 bytes).
    Removing stm32f4xx_i2c.o(.ARM.exidx), (8 bytes).
    Removing stm32f4xx_i2c.o(.ARM.exidx), (8 bytes).
    Removing stm32f4xx_i2c.o(.ARM.exidx), (8 bytes).
    Removing stm32f4xx_i2c.o(.ARM.exidx), (8 bytes).
    Removing stm32f4xx_i2c.o(.ARM.exidx), (8 bytes).
    Removing stm32f4xx_i2c.o(.ARM.exidx), (8 bytes).
    Removing stm32f4xx_i2c.o(.ARM.exidx), (8 bytes).
    Removing stm32f4xx_i2c.o(.ARM.exidx), (8 bytes).
    Removing stm32f4xx_i2c.o(.ARM.exidx), (8 bytes).
    Removing stm32f4xx_i2c.o(.ARM.exidx), (8 bytes).
    Removing stm32f4xx_gpio.o(.rev16_text), (4 bytes).
    Removing stm32f4xx_gpio.o(.revsh_text), (4 bytes).
    Removing stm32f4xx_gpio.o(.rrx_text), (6 bytes).
    Removing stm32f4xx_gpio.o(i.GPIO_DeInit), (312 bytes).
    Removing stm32f4xx_gpio.o(i.GPIO_PinLockConfig), (34 bytes).
    Removing stm32f4xx_gpio.o(i.GPIO_ReadInputData), (8 bytes).
    Removing stm32f4xx_gpio.o(i.GPIO_ReadInputDataBit), (18 bytes).
    Removing stm32f4xx_gpio.o(i.GPIO_ReadOutputData), (8 bytes).
    Removing stm32f4xx_gpio.o(i.GPIO_ReadOutputDataBit), (18 bytes).
    Removing stm32f4xx_gpio.o(i.GPIO_ResetBits), (4 bytes).
    Removing stm32f4xx_gpio.o(i.GPIO_SetBits), (4 bytes).
    Removing stm32f4xx_gpio.o(i.GPIO_StructInit), (18 bytes).
    Removing stm32f4xx_gpio.o(i.GPIO_ToggleBits), (8 bytes).
    Removing stm32f4xx_gpio.o(i.GPIO_Write), (4 bytes).
    Removing stm32f4xx_gpio.o(i.GPIO_WriteBit), (10 bytes).
    Removing stm32f4xx_gpio.o(.ARM.exidx), (8 bytes).
    Removing stm32f4xx_gpio.o(.ARM.exidx), (8 bytes).
    Removing stm32f4xx_gpio.o(.ARM.exidx), (8 bytes).
    Removing stm32f4xx_gpio.o(.ARM.exidx), (8 bytes).
    Removing stm32f4xx_gpio.o(.ARM.exidx), (8 bytes).
    Removing stm32f4xx_gpio.o(.ARM.exidx), (8 bytes).
    Removing stm32f4xx_gpio.o(.ARM.exidx), (8 bytes).
    Removing stm32f4xx_gpio.o(.ARM.exidx), (8 bytes).
    Removing stm32f4xx_gpio.o(.ARM.exidx), (8 bytes).
    Removing stm32f4xx_gpio.o(.ARM.exidx), (8 bytes).
    Removing stm32f4xx_gpio.o(.ARM.exidx), (8 bytes).
    Removing stm32f4xx_gpio.o(.ARM.exidx), (8 bytes).
    Removing stm32f4xx_gpio.o(.ARM.exidx), (8 bytes).
    Removing stm32f4xx_gpio.o(.ARM.exidx), (8 bytes).
    Removing stm32f4xx_spi.o(.rev16_text), (4 bytes).
    Removing stm32f4xx_spi.o(.revsh_text), (4 bytes).
    Removing stm32f4xx_spi.o(.rrx_text), (6 bytes).
    Removing stm32f4xx_spi.o(i.I2S_Cmd), (24 bytes).
    Removing stm32f4xx_spi.o(i.I2S_FullDuplexConfig), (80 bytes).
    Removing stm32f4xx_spi.o(i.I2S_Init), (436 bytes).
    Removing stm32f4xx_spi.o(i.I2S_StructInit), (20 bytes).
    Removing stm32f4xx_spi.o(i.SPI_BiDirectionalLineConfig), (28 bytes).
    Removing stm32f4xx_spi.o(i.SPI_CalculateCRC), (24 bytes).
    Removing stm32f4xx_spi.o(i.SPI_Cmd), (24 bytes).
    Removing stm32f4xx_spi.o(i.SPI_DataSizeConfig), (18 bytes).
    Removing stm32f4xx_spi.o(i.SPI_GetCRC), (16 bytes).
    Removing stm32f4xx_spi.o(i.SPI_GetCRCPolynomial), (6 bytes).
    Removing stm32f4xx_spi.o(i.SPI_I2S_ClearFlag), (6 bytes).
    Removing stm32f4xx_spi.o(i.SPI_I2S_ClearITPendingBit), (20 bytes).
    Removing stm32f4xx_spi.o(i.SPI_I2S_DMACmd), (18 bytes).
    Removing stm32f4xx_spi.o(i.SPI_I2S_DeInit), (176 bytes).
    Removing stm32f4xx_spi.o(i.SPI_I2S_GetFlagStatus), (18 bytes).
    Removing stm32f4xx_spi.o(i.SPI_I2S_GetITStatus), (52 bytes).
    Removing stm32f4xx_spi.o(i.SPI_I2S_ITConfig), (32 bytes).
    Removing stm32f4xx_spi.o(i.SPI_I2S_ReceiveData), (6 bytes).
    Removing stm32f4xx_spi.o(i.SPI_I2S_SendData), (4 bytes).
    Removing stm32f4xx_spi.o(i.SPI_Init), (60 bytes).
    Removing stm32f4xx_spi.o(i.SPI_NSSInternalSoftwareConfig), (30 bytes).
    Removing stm32f4xx_spi.o(i.SPI_SSOutputCmd), (24 bytes).
    Removing stm32f4xx_spi.o(i.SPI_StructInit), (24 bytes).
    Removing stm32f4xx_spi.o(i.SPI_TIModeCmd), (24 bytes).
    Removing stm32f4xx_spi.o(i.SPI_TransmitCRC), (10 bytes).
    Removing stm32f4xx_spi.o(.ARM.exidx), (8 bytes).
    Removing stm32f4xx_spi.o(.ARM.exidx), (8 bytes).
    Removing stm32f4xx_spi.o(.ARM.exidx), (8 bytes).
    Removing stm32f4xx_spi.o(.ARM.exidx), (8 bytes).
    Removing stm32f4xx_spi.o(.ARM.exidx), (8 bytes).
    Removing stm32f4xx_spi.o(.ARM.exidx), (8 bytes).
    Removing stm32f4xx_spi.o(.ARM.exidx), (8 bytes).
    Removing stm32f4xx_spi.o(.ARM.exidx), (8 bytes).
    Removing stm32f4xx_spi.o(.ARM.exidx), (8 bytes).
    Removing stm32f4xx_spi.o(.ARM.exidx), (8 bytes).
    Removing stm32f4xx_spi.o(.ARM.exidx), (8 bytes).
    Removing stm32f4xx_spi.o(.ARM.exidx), (8 bytes).
    Removing stm32f4xx_spi.o(.ARM.exidx), (8 bytes).
    Removing stm32f4xx_spi.o(.ARM.exidx), (8 bytes).
    Removing stm32f4xx_spi.o(.ARM.exidx), (8 bytes).
    Removing stm32f4xx_spi.o(.ARM.exidx), (8 bytes).
    Removing stm32f4xx_spi.o(.ARM.exidx), (8 bytes).
    Removing stm32f4xx_spi.o(.ARM.exidx), (8 bytes).
    Removing stm32f4xx_spi.o(.ARM.exidx), (8 bytes).
    Removing stm32f4xx_spi.o(.ARM.exidx), (8 bytes).
    Removing stm32f4xx_spi.o(.ARM.exidx), (8 bytes).
    Removing stm32f4xx_spi.o(.ARM.exidx), (8 bytes).
    Removing stm32f4xx_spi.o(.ARM.exidx), (8 bytes).
    Removing stm32f4xx_spi.o(.ARM.exidx), (8 bytes).
    Removing stm32f4xx_spi.o(.ARM.exidx), (8 bytes).
    Removing stm32f4xx_tim.o(.rev16_text), (4 bytes).
    Removing stm32f4xx_tim.o(.revsh_text), (4 bytes).
    Removing stm32f4xx_tim.o(.rrx_text), (6 bytes).
    Removing stm32f4xx_tim.o(i.TIM_ARRPreloadConfig), (24 bytes).
    Removing stm32f4xx_tim.o(i.TIM_BDTRConfig), (32 bytes).
    Removing stm32f4xx_tim.o(i.TIM_BDTRStructInit), (18 bytes).
    Removing stm32f4xx_tim.o(i.TIM_CCPreloadControl), (24 bytes).
    Removing stm32f4xx_tim.o(i.TIM_CCxCmd), (30 bytes).
    Removing stm32f4xx_tim.o(i.TIM_CCxNCmd), (30 bytes).
    Removing stm32f4xx_tim.o(i.TIM_ClearFlag), (6 bytes).
    Removing stm32f4xx_tim.o(i.TIM_ClearITPendingBit), (6 bytes).
    Removing stm32f4xx_tim.o(i.TIM_ClearOC1Ref), (18 bytes).
    Removing stm32f4xx_tim.o(i.TIM_ClearOC2Ref), (24 bytes).
    Removing stm32f4xx_tim.o(i.TIM_ClearOC3Ref), (18 bytes).
    Removing stm32f4xx_tim.o(i.TIM_ClearOC4Ref), (24 bytes).
    Removing stm32f4xx_tim.o(i.TIM_Cmd), (24 bytes).
    Removing stm32f4xx_tim.o(i.TIM_CounterModeConfig), (18 bytes).
    Removing stm32f4xx_tim.o(i.TIM_CtrlPWMOutputs), (30 bytes).
    Removing stm32f4xx_tim.o(i.TIM_DMACmd), (18 bytes).
    Removing stm32f4xx_tim.o(i.TIM_DMAConfig), (10 bytes).
    Removing stm32f4xx_tim.o(i.TIM_DeInit), (400 bytes).
    Removing stm32f4xx_tim.o(i.TIM_ETRClockMode1Config), (54 bytes).
    Removing stm32f4xx_tim.o(i.TIM_ETRClockMode2Config), (32 bytes).
    Removing stm32f4xx_tim.o(i.TIM_ETRConfig), (28 bytes).
    Removing stm32f4xx_tim.o(i.TIM_EncoderInterfaceConfig), (66 bytes).
    Removing stm32f4xx_tim.o(i.TIM_ForcedOC1Config), (18 bytes).
    Removing stm32f4xx_tim.o(i.TIM_ForcedOC2Config), (26 bytes).
    Removing stm32f4xx_tim.o(i.TIM_ForcedOC3Config), (18 bytes).
    Removing stm32f4xx_tim.o(i.TIM_ForcedOC4Config), (26 bytes).
    Removing stm32f4xx_tim.o(i.TIM_GenerateEvent), (4 bytes).
    Removing stm32f4xx_tim.o(i.TIM_GetCapture1), (6 bytes).
    Removing stm32f4xx_tim.o(i.TIM_GetCapture2), (6 bytes).
    Removing stm32f4xx_tim.o(i.TIM_GetCapture3), (6 bytes).
    Removing stm32f4xx_tim.o(i.TIM_GetCapture4), (6 bytes).
    Removing stm32f4xx_tim.o(i.TIM_GetCounter), (6 bytes).
    Removing stm32f4xx_tim.o(i.TIM_GetFlagStatus), (18 bytes).
    Removing stm32f4xx_tim.o(i.TIM_GetITStatus), (34 bytes).
    Removing stm32f4xx_tim.o(i.TIM_GetPrescaler), (6 bytes).
    Removing stm32f4xx_tim.o(i.TIM_ICInit), (110 bytes).
    Removing stm32f4xx_tim.o(i.TIM_ICStructInit), (18 bytes).
    Removing stm32f4xx_tim.o(i.TIM_ITConfig), (18 bytes).
    Removing stm32f4xx_tim.o(i.TIM_ITRxExternalClockConfig), (24 bytes).
    Removing stm32f4xx_tim.o(i.TIM_InternalClockConfig), (12 bytes).
    Removing stm32f4xx_tim.o(i.TIM_OC1FastConfig), (18 bytes).
    Removing stm32f4xx_tim.o(i.TIM_OC1Init), (124 bytes).
    Removing stm32f4xx_tim.o(i.TIM_OC1NPolarityConfig), (18 bytes).
    Removing stm32f4xx_tim.o(i.TIM_OC1PolarityConfig), (18 bytes).
    Removing stm32f4xx_tim.o(i.TIM_OC1PreloadConfig), (18 bytes).
    Removing stm32f4xx_tim.o(i.TIM_OC2FastConfig), (26 bytes).
    Removing stm32f4xx_tim.o(i.TIM_OC2Init), (164 bytes).
    Removing stm32f4xx_tim.o(i.TIM_OC2NPolarityConfig), (26 bytes).
    Removing stm32f4xx_tim.o(i.TIM_OC2PolarityConfig), (26 bytes).
    Removing stm32f4xx_tim.o(i.TIM_OC2PreloadConfig), (26 bytes).
    Removing stm32f4xx_tim.o(i.TIM_OC3FastConfig), (18 bytes).
    Removing stm32f4xx_tim.o(i.TIM_OC3Init), (160 bytes).
    Removing stm32f4xx_tim.o(i.TIM_OC3NPolarityConfig), (26 bytes).
    Removing stm32f4xx_tim.o(i.TIM_OC3PolarityConfig), (26 bytes).
    Removing stm32f4xx_tim.o(i.TIM_OC3PreloadConfig), (18 bytes).
    Removing stm32f4xx_tim.o(i.TIM_OC4FastConfig), (26 bytes).
    Removing stm32f4xx_tim.o(i.TIM_OC4Init), (120 bytes).
    Removing stm32f4xx_tim.o(i.TIM_OC4PolarityConfig), (26 bytes).
    Removing stm32f4xx_tim.o(i.TIM_OC4PreloadConfig), (26 bytes).
    Removing stm32f4xx_tim.o(i.TIM_OCStructInit), (20 bytes).
    Removing stm32f4xx_tim.o(i.TIM_PWMIConfig), (124 bytes).
    Removing stm32f4xx_tim.o(i.TIM_PrescalerConfig), (6 bytes).
    Removing stm32f4xx_tim.o(i.TIM_RemapConfig), (6 bytes).
    Removing stm32f4xx_tim.o(i.TIM_SelectCCDMA), (24 bytes).
    Removing stm32f4xx_tim.o(i.TIM_SelectCOM), (24 bytes).
    Removing stm32f4xx_tim.o(i.TIM_SelectHallSensor), (24 bytes).
    Removing stm32f4xx_tim.o(i.TIM_SelectInputTrigger), (18 bytes).
    Removing stm32f4xx_tim.o(i.TIM_SelectMasterSlaveMode), (18 bytes).
    Removing stm32f4xx_tim.o(i.TIM_SelectOCxM), (86 bytes).
    Removing stm32f4xx_tim.o(i.TIM_SelectOnePulseMode), (18 bytes).
    Removing stm32f4xx_tim.o(i.TIM_SelectOutputTrigger), (18 bytes).
    Removing stm32f4xx_tim.o(i.TIM_SelectSlaveMode), (18 bytes).
    Removing stm32f4xx_tim.o(i.TIM_SetAutoreload), (4 bytes).
    Removing stm32f4xx_tim.o(i.TIM_SetClockDivision), (18 bytes).
    Removing stm32f4xx_tim.o(i.TIM_SetCompare1), (4 bytes).
    Removing stm32f4xx_tim.o(i.TIM_SetCompare2), (4 bytes).
    Removing stm32f4xx_tim.o(i.TIM_SetCompare3), (4 bytes).
    Removing stm32f4xx_tim.o(i.TIM_SetCompare4), (4 bytes).
    Removing stm32f4xx_tim.o(i.TIM_SetCounter), (4 bytes).
    Removing stm32f4xx_tim.o(i.TIM_SetIC1Prescaler), (18 bytes).
    Removing stm32f4xx_tim.o(i.TIM_SetIC2Prescaler), (26 bytes).
    Removing stm32f4xx_tim.o(i.TIM_SetIC3Prescaler), (18 bytes).
    Removing stm32f4xx_tim.o(i.TIM_SetIC4Prescaler), (26 bytes).
    Removing stm32f4xx_tim.o(i.TIM_TIxExternalClockConfig), (62 bytes).
    Removing stm32f4xx_tim.o(i.TIM_TimeBaseInit), (132 bytes).
    Removing stm32f4xx_tim.o(i.TIM_TimeBaseStructInit), (18 bytes).
    Removing stm32f4xx_tim.o(i.TIM_UpdateDisableConfig), (24 bytes).
    Removing stm32f4xx_tim.o(i.TIM_UpdateRequestConfig), (24 bytes).
    Removing stm32f4xx_tim.o(i._ZN37_INTERNAL_15_stm32f4xx_tim_c_c458916b10TI1_ConfigEP11TIM_TypeDefttt), (58 bytes).
    Removing stm32f4xx_tim.o(i._ZN37_INTERNAL_15_stm32f4xx_tim_c_c458916b10TI2_ConfigEP11TIM_TypeDefttt), (80 bytes).
    Removing stm32f4xx_tim.o(i._ZN37_INTERNAL_15_stm32f4xx_tim_c_c458916b10TI3_ConfigEP11TIM_TypeDefttt), (72 bytes).
    Removing stm32f4xx_tim.o(i._ZN37_INTERNAL_15_stm32f4xx_tim_c_c458916b10TI4_ConfigEP11TIM_TypeDefttt), (80 bytes).
    Removing stm32f4xx_tim.o(.ARM.exidx), (8 bytes).
    Removing stm32f4xx_tim.o(.ARM.exidx), (8 bytes).
    Removing stm32f4xx_tim.o(.ARM.exidx), (8 bytes).
    Removing stm32f4xx_tim.o(.ARM.exidx), (8 bytes).
    Removing stm32f4xx_tim.o(.ARM.exidx), (8 bytes).
    Removing stm32f4xx_tim.o(.ARM.exidx), (8 bytes).
    Removing stm32f4xx_tim.o(.ARM.exidx), (8 bytes).
    Removing stm32f4xx_tim.o(.ARM.exidx), (8 bytes).
    Removing stm32f4xx_tim.o(.ARM.exidx), (8 bytes).
    Removing stm32f4xx_tim.o(.ARM.exidx), (8 bytes).
    Removing stm32f4xx_tim.o(.ARM.exidx), (8 bytes).
    Removing stm32f4xx_tim.o(.ARM.exidx), (8 bytes).
    Removing stm32f4xx_tim.o(.ARM.exidx), (8 bytes).
    Removing stm32f4xx_tim.o(.ARM.exidx), (8 bytes).
    Removing stm32f4xx_tim.o(.ARM.exidx), (8 bytes).
    Removing stm32f4xx_tim.o(.ARM.exidx), (8 bytes).
    Removing stm32f4xx_tim.o(.ARM.exidx), (8 bytes).
    Removing stm32f4xx_tim.o(.ARM.exidx), (8 bytes).
    Removing stm32f4xx_tim.o(.ARM.exidx), (8 bytes).
    Removing stm32f4xx_tim.o(.ARM.exidx), (8 bytes).
    Removing stm32f4xx_tim.o(.ARM.exidx), (8 bytes).
    Removing stm32f4xx_tim.o(.ARM.exidx), (8 bytes).
    Removing stm32f4xx_tim.o(.ARM.exidx), (8 bytes).
    Removing stm32f4xx_tim.o(.ARM.exidx), (8 bytes).
    Removing stm32f4xx_tim.o(.ARM.exidx), (8 bytes).
    Removing stm32f4xx_tim.o(.ARM.exidx), (8 bytes).
    Removing stm32f4xx_tim.o(.ARM.exidx), (8 bytes).
    Removing stm32f4xx_tim.o(.ARM.exidx), (8 bytes).
    Removing stm32f4xx_tim.o(.ARM.exidx), (8 bytes).
    Removing stm32f4xx_tim.o(.ARM.exidx), (8 bytes).
    Removing stm32f4xx_tim.o(.ARM.exidx), (8 bytes).
    Removing stm32f4xx_tim.o(.ARM.exidx), (8 bytes).
    Removing stm32f4xx_tim.o(.ARM.exidx), (8 bytes).
    Removing stm32f4xx_tim.o(.ARM.exidx), (8 bytes).
    Removing stm32f4xx_tim.o(.ARM.exidx), (8 bytes).
    Removing stm32f4xx_tim.o(.ARM.exidx), (8 bytes).
    Removing stm32f4xx_tim.o(.ARM.exidx), (8 bytes).
    Removing stm32f4xx_tim.o(.ARM.exidx), (8 bytes).
    Removing stm32f4xx_tim.o(.ARM.exidx), (8 bytes).
    Removing stm32f4xx_tim.o(.ARM.exidx), (8 bytes).
    Removing stm32f4xx_tim.o(.ARM.exidx), (8 bytes).
    Removing stm32f4xx_tim.o(.ARM.exidx), (8 bytes).
    Removing stm32f4xx_tim.o(.ARM.exidx), (8 bytes).
    Removing stm32f4xx_tim.o(.ARM.exidx), (8 bytes).
    Removing stm32f4xx_tim.o(.ARM.exidx), (8 bytes).
    Removing stm32f4xx_tim.o(.ARM.exidx), (8 bytes).
    Removing stm32f4xx_tim.o(.ARM.exidx), (8 bytes).
    Removing stm32f4xx_tim.o(.ARM.exidx), (8 bytes).
    Removing stm32f4xx_tim.o(.ARM.exidx), (8 bytes).
    Removing stm32f4xx_tim.o(.ARM.exidx), (8 bytes).
    Removing stm32f4xx_tim.o(.ARM.exidx), (8 bytes).
    Removing stm32f4xx_tim.o(.ARM.exidx), (8 bytes).
    Removing stm32f4xx_tim.o(.ARM.exidx), (8 bytes).
    Removing stm32f4xx_tim.o(.ARM.exidx), (8 bytes).
    Removing stm32f4xx_tim.o(.ARM.exidx), (8 bytes).
    Removing stm32f4xx_tim.o(.ARM.exidx), (8 bytes).
    Removing stm32f4xx_tim.o(.ARM.exidx), (8 bytes).
    Removing stm32f4xx_tim.o(.ARM.exidx), (8 bytes).
    Removing stm32f4xx_tim.o(.ARM.exidx), (8 bytes).
    Removing stm32f4xx_tim.o(.ARM.exidx), (8 bytes).
    Removing stm32f4xx_tim.o(.ARM.exidx), (8 bytes).
    Removing stm32f4xx_tim.o(.ARM.exidx), (8 bytes).
    Removing stm32f4xx_tim.o(.ARM.exidx), (8 bytes).
    Removing stm32f4xx_tim.o(.ARM.exidx), (8 bytes).
    Removing stm32f4xx_tim.o(.ARM.exidx), (8 bytes).
    Removing stm32f4xx_tim.o(.ARM.exidx), (8 bytes).
    Removing stm32f4xx_tim.o(.ARM.exidx), (8 bytes).
    Removing stm32f4xx_tim.o(.ARM.exidx), (8 bytes).
    Removing stm32f4xx_tim.o(.ARM.exidx), (8 bytes).
    Removing stm32f4xx_tim.o(.ARM.exidx), (8 bytes).
    Removing stm32f4xx_tim.o(.ARM.exidx), (8 bytes).
    Removing stm32f4xx_tim.o(.ARM.exidx), (8 bytes).
    Removing stm32f4xx_tim.o(.ARM.exidx), (8 bytes).
    Removing stm32f4xx_tim.o(.ARM.exidx), (8 bytes).
    Removing stm32f4xx_tim.o(.ARM.exidx), (8 bytes).
    Removing stm32f4xx_tim.o(.ARM.exidx), (8 bytes).
    Removing stm32f4xx_tim.o(.ARM.exidx), (8 bytes).
    Removing stm32f4xx_tim.o(.ARM.exidx), (8 bytes).
    Removing stm32f4xx_tim.o(.ARM.exidx), (8 bytes).
    Removing stm32f4xx_tim.o(.ARM.exidx), (8 bytes).
    Removing stm32f4xx_tim.o(.ARM.exidx), (8 bytes).
    Removing stm32f4xx_tim.o(.ARM.exidx), (8 bytes).
    Removing stm32f4xx_tim.o(.ARM.exidx), (8 bytes).
    Removing stm32f4xx_tim.o(.ARM.exidx), (8 bytes).
    Removing stm32f4xx_tim.o(.ARM.exidx), (8 bytes).
    Removing stm32f4xx_tim.o(.ARM.exidx), (8 bytes).
    Removing stm32f4xx_tim.o(.ARM.exidx), (8 bytes).
    Removing stm32f4xx_tim.o(.ARM.exidx), (8 bytes).
    Removing stm32f4xx_tim.o(.ARM.exidx), (8 bytes).
    Removing stm32f4xx_tim.o(.ARM.exidx), (8 bytes).
    Removing stm32f4xx_tim.o(.ARM.exidx), (8 bytes).
    Removing stm32f4xx_tim.o(.ARM.exidx), (8 bytes).
    Removing stm32f4xx_usart.o(.rev16_text), (4 bytes).
    Removing stm32f4xx_usart.o(.revsh_text), (4 bytes).
    Removing stm32f4xx_usart.o(.rrx_text), (6 bytes).
    Removing stm32f4xx_usart.o(i.USART_ClearFlag), (18 bytes).
    Removing stm32f4xx_usart.o(i.USART_ClearITPendingBit), (30 bytes).
    Removing stm32f4xx_usart.o(i.USART_ClockInit), (32 bytes).
    Removing stm32f4xx_usart.o(i.USART_ClockStructInit), (12 bytes).
    Removing stm32f4xx_usart.o(i.USART_DMACmd), (18 bytes).
    Removing stm32f4xx_usart.o(i.USART_DeInit), (240 bytes).
    Removing stm32f4xx_usart.o(i.USART_GetFlagStatus), (26 bytes).
    Removing stm32f4xx_usart.o(i.USART_GetITStatus), (84 bytes).
    Removing stm32f4xx_usart.o(i.USART_HalfDuplexCmd), (24 bytes).
    Removing stm32f4xx_usart.o(i.USART_ITConfig), (74 bytes).
    Removing stm32f4xx_usart.o(i.USART_IrDACmd), (24 bytes).
    Removing stm32f4xx_usart.o(i.USART_IrDAConfig), (18 bytes).
    Removing stm32f4xx_usart.o(i.USART_LINBreakDetectLengthConfig), (18 bytes).
    Removing stm32f4xx_usart.o(i.USART_LINCmd), (24 bytes).
    Removing stm32f4xx_usart.o(i.USART_OneBitMethodCmd), (24 bytes).
    Removing stm32f4xx_usart.o(i.USART_OverSampling8Cmd), (22 bytes).
    Removing stm32f4xx_usart.o(i.USART_ReceiveData), (10 bytes).
    Removing stm32f4xx_usart.o(i.USART_ReceiverWakeUpCmd), (24 bytes).
    Removing stm32f4xx_usart.o(i.USART_SendBreak), (10 bytes).
    Removing stm32f4xx_usart.o(i.USART_SendData), (8 bytes).
    Removing stm32f4xx_usart.o(i.USART_SetAddress), (18 bytes).
    Removing stm32f4xx_usart.o(i.USART_SetGuardTime), (16 bytes).
    Removing stm32f4xx_usart.o(i.USART_SetPrescaler), (16 bytes).
    Removing stm32f4xx_usart.o(i.USART_SmartCardCmd), (24 bytes).
    Removing stm32f4xx_usart.o(i.USART_SmartCardNACKCmd), (24 bytes).
    Removing stm32f4xx_usart.o(i.USART_StructInit), (24 bytes).
    Removing stm32f4xx_usart.o(i.USART_WakeUpConfig), (18 bytes).
    Removing stm32f4xx_usart.o(.ARM.exidx), (8 bytes).
    Removing stm32f4xx_usart.o(.ARM.exidx), (8 bytes).
    Removing stm32f4xx_usart.o(.ARM.exidx), (8 bytes).
    Removing stm32f4xx_usart.o(.ARM.exidx), (8 bytes).
    Removing stm32f4xx_usart.o(.ARM.exidx), (8 bytes).
    Removing stm32f4xx_usart.o(.ARM.exidx), (8 bytes).
    Removing stm32f4xx_usart.o(.ARM.exidx), (8 bytes).
    Removing stm32f4xx_usart.o(.ARM.exidx), (8 bytes).
    Removing stm32f4xx_usart.o(.ARM.exidx), (8 bytes).
    Removing stm32f4xx_usart.o(.ARM.exidx), (8 bytes).
    Removing stm32f4xx_usart.o(.ARM.exidx), (8 bytes).
    Removing stm32f4xx_usart.o(.ARM.exidx), (8 bytes).
    Removing stm32f4xx_usart.o(.ARM.exidx), (8 bytes).
    Removing stm32f4xx_usart.o(.ARM.exidx), (8 bytes).
    Removing stm32f4xx_usart.o(.ARM.exidx), (8 bytes).
    Removing stm32f4xx_usart.o(.ARM.exidx), (8 bytes).
    Removing stm32f4xx_usart.o(.ARM.exidx), (8 bytes).
    Removing stm32f4xx_usart.o(.ARM.exidx), (8 bytes).
    Removing stm32f4xx_usart.o(.ARM.exidx), (8 bytes).
    Removing stm32f4xx_usart.o(.ARM.exidx), (8 bytes).
    Removing stm32f4xx_usart.o(.ARM.exidx), (8 bytes).
    Removing stm32f4xx_usart.o(.ARM.exidx), (8 bytes).
    Removing stm32f4xx_usart.o(.ARM.exidx), (8 bytes).
    Removing stm32f4xx_usart.o(.ARM.exidx), (8 bytes).
    Removing stm32f4xx_usart.o(.ARM.exidx), (8 bytes).
    Removing stm32f4xx_usart.o(.ARM.exidx), (8 bytes).
    Removing stm32f4xx_usart.o(.ARM.exidx), (8 bytes).
    Removing stm32f4xx_usart.o(.ARM.exidx), (8 bytes).
    Removing stm32f4xx_usart.o(.ARM.exidx), (8 bytes).
    Removing system_stm32f4xx.o(.rev16_text), (4 bytes).
    Removing system_stm32f4xx.o(.revsh_text), (4 bytes).
    Removing system_stm32f4xx.o(.rrx_text), (6 bytes).
    Removing system_stm32f4xx.o(i.SystemCoreClockUpdate), (192 bytes).
    Removing system_stm32f4xx.o(.ARM.exidx), (8 bytes).
    Removing system_stm32f4xx.o(.ARM.exidx), (8 bytes).
    Removing system_stm32f4xx.o(.constdata), (16 bytes).
    Removing system_stm32f4xx.o(.data), (4 bytes).

697 unused section(s) (total 14574 bytes) removed from the image.

==============================================================================

Image Symbol Table

    Local Symbols

    Symbol Name                              Value     Ov Type        Size  Object(Section)

    ../../../clib/unwind_pr.c                0x00000000   Number         0  unwind_prcommon.o ABSOLUTE
    ../../../clib/unwind_pr.c                0x00000000   Number         0  unwind_pr0.o ABSOLUTE
    ../../../clib/unwinder.c                 0x00000000   Number         0  unwinder.o ABSOLUTE
    ../../../clib/unwinder.c                 0x00000000   Number         0  unwinder.o ABSOLUTE
    ../../../clib/unwinder.c                 0x00000000   Number         0  unwind_activity.o ABSOLUTE
    ../../../clib/unwinder.c                 0x00000000   Number         0  unwind_activity.o ABSOLUTE
    ../../../edgfe/lib_src/arm_exceptions.c  0x00000000   Number         0  arm_exceptions_callterm.o ABSOLUTE
    ../../../edgfe/lib_src/arm_exceptions.c  0x00000000   Number         0  arm_exceptions_terminate.o ABSOLUTE
    ../../../edgfe/lib_src/arm_exceptions.c  0x00000000   Number         0  arm_exceptions_globs.o ABSOLUTE
    ../../../edgfe/lib_src/arm_exceptions.c  0x00000000   Number         0  arm_exceptions_mem.o ABSOLUTE
    ../../../edgfe/lib_src/arm_exceptions.c  0x00000000   Number         0  arm_exceptions_support.o ABSOLUTE
    ../../../edgfe/lib_src/arm_noexceptions.c 0x00000000   Number         0  arm_callunex_noexceptions.o ABSOLUTE
    ../../../edgfe/lib_src/arm_noexceptions.c 0x00000000   Number         0  arm_newhandler_noexceptions.o ABSOLUTE
    ../../../edgfe/lib_src/arm_noexceptions.c 0x00000000   Number         0  arm_begincatch_noexceptions.o ABSOLUTE
    ../../../edgfe/lib_src/array_new.c       0x00000000   Number         0  array_new.o ABSOLUTE
    ../../../edgfe/lib_src/bad_alloc.c       0x00000000   Number         0  bad_alloc_what.o ABSOLUTE
    ../../../edgfe/lib_src/bad_alloc.c       0x00000000   Number         0  bad_alloc_dtor.o ABSOLUTE
    ../../../edgfe/lib_src/delete.c          0x00000000   Number         0  delete.o ABSOLUTE
    ../../../edgfe/lib_src/exception.c       0x00000000   Number         0  exception_what.o ABSOLUTE
    ../../../edgfe/lib_src/exception.c       0x00000000   Number         0  exception_dtor.o ABSOLUTE
    ../../../edgfe/lib_src/new.c             0x00000000   Number         0  new.o ABSOLUTE
    ../../../edgfe/lib_src/typeinfo.c        0x00000000   Number         0  type_info_dtor.o ABSOLUTE
    ../../../edgfe/lib_src/typeinfo.c        0x00000000   Number         0  lib_rtti_impl.o ABSOLUTE
    ../clib/angel/boardlib.s                 0x00000000   Number         0  boardinit2.o ABSOLUTE
    ../clib/angel/boardlib.s                 0x00000000   Number         0  boardinit3.o ABSOLUTE
    ../clib/angel/boardlib.s                 0x00000000   Number         0  boardshut.o ABSOLUTE
    ../clib/angel/boardlib.s                 0x00000000   Number         0  boardinit1.o ABSOLUTE
    ../clib/angel/handlers.s                 0x00000000   Number         0  __scatter_zi.o ABSOLUTE
    ../clib/angel/handlers.s                 0x00000000   Number         0  __scatter_copy.o ABSOLUTE
    ../clib/angel/kernel.s                   0x00000000   Number         0  __rtentry2.o ABSOLUTE
    ../clib/angel/kernel.s                   0x00000000   Number         0  rtexit2.o ABSOLUTE
    ../clib/angel/kernel.s                   0x00000000   Number         0  __rtentry.o ABSOLUTE
    ../clib/angel/kernel.s                   0x00000000   Number         0  rtexit.o ABSOLUTE
    ../clib/angel/kernel.s                   0x00000000   Number         0  __rtentry4.o ABSOLUTE
    ../clib/angel/rt.s                       0x00000000   Number         0  rt_new_handler_addr_intlibspace.o ABSOLUTE
    ../clib/angel/rt.s                       0x00000000   Number         0  rt_eh_globals_addr.o ABSOLUTE
    ../clib/angel/rt.s                       0x00000000   Number         0  rt_heap_descriptor_intlibspace.o ABSOLUTE
    ../clib/angel/rt.s                       0x00000000   Number         0  rt_raise.o ABSOLUTE
    ../clib/angel/rt.s                       0x00000000   Number         0  rt_heap_descriptor.o ABSOLUTE
    ../clib/angel/rt.s                       0x00000000   Number         0  rt_new_handler_addr.o ABSOLUTE
    ../clib/angel/rt.s                       0x00000000   Number         0  rt_eh_globals_addr_intlibspace.o ABSOLUTE
    ../clib/angel/scatter.s                  0x00000000   Number         0  __scatter.o ABSOLUTE
    ../clib/angel/startup.s                  0x00000000   Number         0  __main.o ABSOLUTE
    ../clib/angel/sys.s                      0x00000000   Number         0  libspace.o ABSOLUTE
    ../clib/angel/sys.s                      0x00000000   Number         0  indicate_semi.o ABSOLUTE
    ../clib/angel/sys.s                      0x00000000   Number         0  use_no_semi.o ABSOLUTE
    ../clib/angel/sys.s                      0x00000000   Number         0  sys_stackheap_outer.o ABSOLUTE
    ../clib/angel/sys.s                      0x00000000   Number         0  mutex_dummy.o ABSOLUTE
    ../clib/angel/sysapp.c                   0x00000000   Number         0  sys_exit.o ABSOLUTE
    ../clib/angel/sysapp.c                   0x00000000   Number         0  sys_wrch.o ABSOLUTE
    ../clib/angel/sysapp.c                   0x00000000   Number         0  sys_command.o ABSOLUTE
    ../clib/armsys.c                         0x00000000   Number         0  argv_veneer.o ABSOLUTE
    ../clib/armsys.c                         0x00000000   Number         0  argv_veneer.o ABSOLUTE
    ../clib/armsys.c                         0x00000000   Number         0  _get_argv.o ABSOLUTE
    ../clib/armsys.c                         0x00000000   Number         0  no_argv.o ABSOLUTE
    ../clib/armsys.c                         0x00000000   Number         0  _get_argv_nomalloc.o ABSOLUTE
    ../clib/heap1.c                          0x00000000   Number         0  h1_extend_mt.o ABSOLUTE
    ../clib/heap1.c                          0x00000000   Number         0  h1_final_mt.o ABSOLUTE
    ../clib/heap1.c                          0x00000000   Number         0  h1_final.o ABSOLUTE
    ../clib/heap1.c                          0x00000000   Number         0  h1_free_mt.o ABSOLUTE
    ../clib/heap1.c                          0x00000000   Number         0  h1_init_mt.o ABSOLUTE
    ../clib/heap1.c                          0x00000000   Number         0  h1_free.o ABSOLUTE
    ../clib/heap1.c                          0x00000000   Number         0  h1_alloc.o ABSOLUTE
    ../clib/heap1.c                          0x00000000   Number         0  h1_init.o ABSOLUTE
    ../clib/heap1.c                          0x00000000   Number         0  h1_alloc_mt.o ABSOLUTE
    ../clib/heap1.c                          0x00000000   Number         0  h1_extend.o ABSOLUTE
    ../clib/heap2.c                          0x00000000   Number         0  heap2.o ABSOLUTE
    ../clib/heap2.c                          0x00000000   Number         0  heap2mt.o ABSOLUTE
    ../clib/heap2.c                          0x00000000   Number         0  fdtree.o ABSOLUTE
    ../clib/heapalloc.c                      0x00000000   Number         0  heapstubs.o ABSOLUTE
    ../clib/heapalloc.c                      0x00000000   Number         0  maybetermalloc2.o ABSOLUTE
    ../clib/heapalloc.c                      0x00000000   Number         0  hrguard.o ABSOLUTE
    ../clib/heapalloc.c                      0x00000000   Number         0  maybetermalloc1.o ABSOLUTE
    ../clib/heapalloc.c                      0x00000000   Number         0  term_alloc.o ABSOLUTE
    ../clib/heapalloc.c                      0x00000000   Number         0  maybetermalloc1.o ABSOLUTE
    ../clib/heapalloc.c                      0x00000000   Number         0  init_alloc.o ABSOLUTE
    ../clib/heapalloc.c                      0x00000000   Number         0  free.o ABSOLUTE
    ../clib/heapalloc.c                      0x00000000   Number         0  hguard.o ABSOLUTE
    ../clib/heapalloc.c                      0x00000000   Number         0  malloc.o ABSOLUTE
    ../clib/heapalloc.c                      0x00000000   Number         0  maybetermalloc2.o ABSOLUTE
    ../clib/heapaux.c                        0x00000000   Number         0  heapauxi.o ABSOLUTE
    ../clib/heapaux.c                        0x00000000   Number         0  heapauxa.o ABSOLUTE
    ../clib/libinit.s                        0x00000000   Number         0  libshutdown2.o ABSOLUTE
    ../clib/libinit.s                        0x00000000   Number         0  libinit.o ABSOLUTE
    ../clib/libinit.s                        0x00000000   Number         0  libshutdown.o ABSOLUTE
    ../clib/libinit.s                        0x00000000   Number         0  libinit2.o ABSOLUTE
    ../clib/memcpset.s                       0x00000000   Number         0  rt_memcpy_w.o ABSOLUTE
    ../clib/signal.c                         0x00000000   Number         0  defsig_general.o ABSOLUTE
    ../clib/signal.c                         0x00000000   Number         0  __raise.o ABSOLUTE
    ../clib/signal.c                         0x00000000   Number         0  defsig_rtmem_formal.o ABSOLUTE
    ../clib/signal.c                         0x00000000   Number         0  defsig_exit.o ABSOLUTE
    ../clib/signal.c                         0x00000000   Number         0  defsig_rtmem_outer.o ABSOLUTE
    ../clib/signal.c                         0x00000000   Number         0  defsig_rtmem_inner.o ABSOLUTE
    ../clib/signal.c                         0x00000000   Number         0  defsig_abrt_outer.o ABSOLUTE
    ../clib/signal.c                         0x00000000   Number         0  defsig_abrt_formal.o ABSOLUTE
    ../clib/signal.c                         0x00000000   Number         0  defsig_fpe_inner.o ABSOLUTE
    ../clib/signal.c                         0x00000000   Number         0  defsig_rtred_inner.o ABSOLUTE
    ../clib/signal.c                         0x00000000   Number         0  defsig_stak_inner.o ABSOLUTE
    ../clib/signal.c                         0x00000000   Number         0  defsig_pvfn_inner.o ABSOLUTE
    ../clib/signal.c                         0x00000000   Number         0  defsig_cppl_inner.o ABSOLUTE
    ../clib/signal.c                         0x00000000   Number         0  defsig_segv_inner.o ABSOLUTE
    ../clib/signal.c                         0x00000000   Number         0  defsig_other.o ABSOLUTE
    ../clib/signal.c                         0x00000000   Number         0  defsig_abrt_inner.o ABSOLUTE
    ../clib/signal.s                         0x00000000   Number         0  defsig.o ABSOLUTE
    ../clib/stdlib.c                         0x00000000   Number         0  exit.o ABSOLUTE
    ../clib/stdlib.c                         0x00000000   Number         0  abort.o ABSOLUTE
    ../clib/stdlib.c                         0x00000000   Number         0  bsearchnoex.o ABSOLUTE
    ../clib/string.c                         0x00000000   Number         0  strlen.o ABSOLUTE
    ../fplib/fpinit.s                        0x00000000   Number         0  fpinit.o ABSOLUTE
    RTE\Device\STM32F413RHTx\startup_stm32f413xx.s 0x00000000   Number         0  startup_stm32f413xx.o ABSOLUTE
    RTE\Device\STM32F413RHTx\system_stm32f4xx.c 0x00000000   Number         0  system_stm32f4xx.o ABSOLUTE
    RTE\\Device\\STM32F413RHTx\\system_stm32f4xx.c 0x00000000   Number         0  system_stm32f4xx.o ABSOLUTE
    STM32F4xx_StdPeriph_Driver\\src\\misc.c  0x00000000   Number         0  misc.o ABSOLUTE
    STM32F4xx_StdPeriph_Driver\\src\\stm32f4xx_gpio.c 0x00000000   Number         0  stm32f4xx_gpio.o ABSOLUTE
    STM32F4xx_StdPeriph_Driver\\src\\stm32f4xx_i2c.c 0x00000000   Number         0  stm32f4xx_i2c.o ABSOLUTE
    STM32F4xx_StdPeriph_Driver\\src\\stm32f4xx_rcc.c 0x00000000   Number         0  stm32f4xx_rcc.o ABSOLUTE
    STM32F4xx_StdPeriph_Driver\\src\\stm32f4xx_spi.c 0x00000000   Number         0  stm32f4xx_spi.o ABSOLUTE
    STM32F4xx_StdPeriph_Driver\\src\\stm32f4xx_tim.c 0x00000000   Number         0  stm32f4xx_tim.o ABSOLUTE
    STM32F4xx_StdPeriph_Driver\\src\\stm32f4xx_usart.c 0x00000000   Number         0  stm32f4xx_usart.o ABSOLUTE
    STM32F4xx_StdPeriph_Driver\src\misc.c    0x00000000   Number         0  misc.o ABSOLUTE
    STM32F4xx_StdPeriph_Driver\src\stm32f4xx_gpio.c 0x00000000   Number         0  stm32f4xx_gpio.o ABSOLUTE
    STM32F4xx_StdPeriph_Driver\src\stm32f4xx_i2c.c 0x00000000   Number         0  stm32f4xx_i2c.o ABSOLUTE
    STM32F4xx_StdPeriph_Driver\src\stm32f4xx_rcc.c 0x00000000   Number         0  stm32f4xx_rcc.o ABSOLUTE
    STM32F4xx_StdPeriph_Driver\src\stm32f4xx_spi.c 0x00000000   Number         0  stm32f4xx_spi.o ABSOLUTE
    STM32F4xx_StdPeriph_Driver\src\stm32f4xx_tim.c 0x00000000   Number         0  stm32f4xx_tim.o ABSOLUTE
    STM32F4xx_StdPeriph_Driver\src\stm32f4xx_usart.c 0x00000000   Number         0  stm32f4xx_usart.o ABSOLUTE
    User\Current.c                           0x00000000   Number         0  current.o ABSOLUTE
    User\Display.c                           0x00000000   Number         0  display.o ABSOLUTE
    User\EEPROM.c                            0x00000000   Number         0  eeprom.o ABSOLUTE
    User\FIFO.c                              0x00000000   Number         0  fifo.o ABSOLUTE
    User\LTC2983.c                           0x00000000   Number         0  ltc2983.o ABSOLUTE
    User\LTC6811.c                           0x00000000   Number         0  ltc6811.o ABSOLUTE
    User\SPI.c                               0x00000000   Number         0  spi.o ABSOLUTE
    User\Temperature.c                       0x00000000   Number         0  temperature.o ABSOLUTE
    User\UART.c                              0x00000000   Number         0  uart.o ABSOLUTE
    User\Voltage.c                           0x00000000   Number         0  voltage.o ABSOLUTE
    User\WDTimer.c                           0x00000000   Number         0  wdtimer.o ABSOLUTE
    User\\Display.c                          0x00000000   Number         0  display.o ABSOLUTE
    User\\EEPROM.c                           0x00000000   Number         0  eeprom.o ABSOLUTE
    User\\LTC2983.c                          0x00000000   Number         0  ltc2983.o ABSOLUTE
    User\\LTC6811.c                          0x00000000   Number         0  ltc6811.o ABSOLUTE
    User\\SPI.c                              0x00000000   Number         0  spi.o ABSOLUTE
    User\\UART.c                             0x00000000   Number         0  uart.o ABSOLUTE
    User\\main.c                             0x00000000   Number         0  main.o ABSOLUTE
    User\main.c                              0x00000000   Number         0  main.o ABSOLUTE
    dc.s                                     0x00000000   Number         0  dc.o ABSOLUTE
    RESET                                    0x08000000   Section      472  startup_stm32f413xx.o(RESET)
    !!!main                                  0x080001d8   Section        8  __main.o(!!!main)
    !!!scatter                               0x080001e0   Section       52  __scatter.o(!!!scatter)
    !!handler_copy                           0x08000214   Section       26  __scatter_copy.o(!!handler_copy)
    !!handler_zi                             0x08000230   Section       28  __scatter_zi.o(!!handler_zi)
    .ARM.Collect$$libinit$$00000000          0x0800024c   Section        2  libinit.o(.ARM.Collect$$libinit$$00000000)
    .ARM.Collect$$libinit$$00000001          0x0800024e   Section        4  libinit2.o(.ARM.Collect$$libinit$$00000001)
    .ARM.Collect$$libinit$$00000004          0x08000252   Section        0  libinit2.o(.ARM.Collect$$libinit$$00000004)
    .ARM.Collect$$libinit$$0000000A          0x08000252   Section        0  libinit2.o(.ARM.Collect$$libinit$$0000000A)
    .ARM.Collect$$libinit$$0000000C          0x08000252   Section        0  libinit2.o(.ARM.Collect$$libinit$$0000000C)
    .ARM.Collect$$libinit$$0000000E          0x08000252   Section        0  libinit2.o(.ARM.Collect$$libinit$$0000000E)
    .ARM.Collect$$libinit$$00000011          0x08000252   Section        0  libinit2.o(.ARM.Collect$$libinit$$00000011)
    .ARM.Collect$$libinit$$00000013          0x08000252   Section        0  libinit2.o(.ARM.Collect$$libinit$$00000013)
    .ARM.Collect$$libinit$$00000015          0x08000252   Section        0  libinit2.o(.ARM.Collect$$libinit$$00000015)
    .ARM.Collect$$libinit$$00000017          0x08000252   Section        0  libinit2.o(.ARM.Collect$$libinit$$00000017)
    .ARM.Collect$$libinit$$00000019          0x08000252   Section        0  libinit2.o(.ARM.Collect$$libinit$$00000019)
    .ARM.Collect$$libinit$$0000001B          0x08000252   Section        0  libinit2.o(.ARM.Collect$$libinit$$0000001B)
    .ARM.Collect$$libinit$$0000001D          0x08000252   Section        0  libinit2.o(.ARM.Collect$$libinit$$0000001D)
    .ARM.Collect$$libinit$$0000001F          0x08000252   Section        0  libinit2.o(.ARM.Collect$$libinit$$0000001F)
    .ARM.Collect$$libinit$$00000021          0x08000252   Section        0  libinit2.o(.ARM.Collect$$libinit$$00000021)
    .ARM.Collect$$libinit$$00000023          0x08000252   Section        0  libinit2.o(.ARM.Collect$$libinit$$00000023)
    .ARM.Collect$$libinit$$00000025          0x08000252   Section        0  libinit2.o(.ARM.Collect$$libinit$$00000025)
    .ARM.Collect$$libinit$$0000002C          0x08000252   Section        0  libinit2.o(.ARM.Collect$$libinit$$0000002C)
    .ARM.Collect$$libinit$$0000002E          0x08000252   Section        0  libinit2.o(.ARM.Collect$$libinit$$0000002E)
    .ARM.Collect$$libinit$$00000030          0x08000252   Section        0  libinit2.o(.ARM.Collect$$libinit$$00000030)
    .ARM.Collect$$libinit$$00000032          0x08000252   Section        0  libinit2.o(.ARM.Collect$$libinit$$00000032)
    .ARM.Collect$$libinit$$00000033          0x08000252   Section        2  libinit2.o(.ARM.Collect$$libinit$$00000033)
    .ARM.Collect$$libshutdown$$00000000      0x08000254   Section        2  libshutdown.o(.ARM.Collect$$libshutdown$$00000000)
    .ARM.Collect$$libshutdown$$00000002      0x08000256   Section        0  libshutdown2.o(.ARM.Collect$$libshutdown$$00000002)
    .ARM.Collect$$libshutdown$$00000004      0x08000256   Section        0  libshutdown2.o(.ARM.Collect$$libshutdown$$00000004)
    .ARM.Collect$$libshutdown$$00000007      0x08000256   Section        0  libshutdown2.o(.ARM.Collect$$libshutdown$$00000007)
    .ARM.Collect$$libshutdown$$0000000A      0x08000256   Section        0  libshutdown2.o(.ARM.Collect$$libshutdown$$0000000A)
    .ARM.Collect$$libshutdown$$0000000C      0x08000256   Section        0  libshutdown2.o(.ARM.Collect$$libshutdown$$0000000C)
    .ARM.Collect$$libshutdown$$0000000F      0x08000256   Section        0  libshutdown2.o(.ARM.Collect$$libshutdown$$0000000F)
    .ARM.Collect$$libshutdown$$00000010      0x08000256   Section        2  libshutdown2.o(.ARM.Collect$$libshutdown$$00000010)
    .ARM.Collect$$rtentry$$00000000          0x08000258   Section        0  __rtentry.o(.ARM.Collect$$rtentry$$00000000)
    .ARM.Collect$$rtentry$$00000002          0x08000258   Section        0  __rtentry2.o(.ARM.Collect$$rtentry$$00000002)
    .ARM.Collect$$rtentry$$00000004          0x08000258   Section        6  __rtentry4.o(.ARM.Collect$$rtentry$$00000004)
    .ARM.Collect$$rtentry$$00000009          0x0800025e   Section        0  __rtentry2.o(.ARM.Collect$$rtentry$$00000009)
    .ARM.Collect$$rtentry$$0000000A          0x0800025e   Section        4  __rtentry2.o(.ARM.Collect$$rtentry$$0000000A)
    .ARM.Collect$$rtentry$$0000000C          0x08000262   Section        0  __rtentry2.o(.ARM.Collect$$rtentry$$0000000C)
    .ARM.Collect$$rtentry$$0000000D          0x08000262   Section        8  __rtentry2.o(.ARM.Collect$$rtentry$$0000000D)
    .ARM.Collect$$rtexit$$00000000           0x0800026a   Section        2  rtexit.o(.ARM.Collect$$rtexit$$00000000)
    .ARM.Collect$$rtexit$$00000002           0x0800026c   Section        0  rtexit2.o(.ARM.Collect$$rtexit$$00000002)
    .ARM.Collect$$rtexit$$00000003           0x0800026c   Section        4  rtexit2.o(.ARM.Collect$$rtexit$$00000003)
    .ARM.Collect$$rtexit$$00000004           0x08000270   Section        6  rtexit2.o(.ARM.Collect$$rtexit$$00000004)
    .text                                    0x08000278   Section       64  startup_stm32f413xx.o(.text)
    $v0                                      0x08000278   Number         0  startup_stm32f413xx.o(.text)
    .text                                    0x080002b8   Section        0  strlen.o(.text)
    .text                                    0x080002f6   Section        0  heapauxi.o(.text)
    .text                                    0x080002fc   Section        8  libspace.o(.text)
    .text                                    0x08000304   Section        2  use_no_semi.o(.text)
    .text                                    0x08000306   Section        0  indicate_semi.o(.text)
    .text                                    0x08000306   Section       74  sys_stackheap_outer.o(.text)
    .text                                    0x08000350   Section        0  exit.o(.text)
    .text                                    0x08000364   Section        0  sys_exit.o(.text)
    i.GPIO_Init                              0x08000370   Section        0  stm32f4xx_gpio.o(i.GPIO_Init)
    i.GPIO_PinAFConfig                       0x08000400   Section        0  stm32f4xx_gpio.o(i.GPIO_PinAFConfig)
    i.RCC_AHB1PeriphClockCmd                 0x08000448   Section        0  stm32f4xx_rcc.o(i.RCC_AHB1PeriphClockCmd)
    i.RCC_APB1PeriphClockCmd                 0x08000468   Section        0  stm32f4xx_rcc.o(i.RCC_APB1PeriphClockCmd)
    i.RCC_GetClocksFreq                      0x08000488   Section        0  stm32f4xx_rcc.o(i.RCC_GetClocksFreq)
    i.SystemInit                             0x08000650   Section        0  system_stm32f4xx.o(i.SystemInit)
    i.USART_Cmd                              0x080006b4   Section        0  stm32f4xx_usart.o(i.USART_Cmd)
    i.USART_Init                             0x080006cc   Section        0  stm32f4xx_usart.o(i.USART_Init)
    i._Z10UART3_Initj                        0x080007a0   Section        0  uart.o(i._Z10UART3_Initj)
    i._Z11UART3_WritePcj                     0x0800082c   Section        0  uart.o(i._Z11UART3_WritePcj)
    i._Z9FIFO_Initv                          0x08000858   Section        0  fifo.o(i._Z9FIFO_Initv)
    i.main                                   0x0800085c   Section        0  main.o(i.main)
    x$fpl$fpinit                             0x080008a4   Section       10  fpinit.o(x$fpl$fpinit)
    $v0                                      0x080008a4   Number         0  fpinit.o(x$fpl$fpinit)
    .data                                    0x20000000   Section       16  stm32f4xx_rcc.o(.data)
    APBAHBPrescTable                         0x20000000   Data          16  stm32f4xx_rcc.o(.data)
    .bss                                     0x20000010   Section       96  libspace.o(.bss)
    HEAP                                     0x20000070   Section      512  startup_stm32f413xx.o(HEAP)
    Heap_Mem                                 0x20000070   Data         512  startup_stm32f413xx.o(HEAP)
    STACK                                    0x20000270   Section     1024  startup_stm32f413xx.o(STACK)
    Stack_Mem                                0x20000270   Data        1024  startup_stm32f413xx.o(STACK)
    __initial_sp                             0x20000670   Data           0  startup_stm32f413xx.o(STACK)

    Global Symbols

    Symbol Name                              Value     Ov Type        Size  Object(Section)

    BuildAttributes$$THM_ISAv4$E$P$D$K$B$S$7EM$VFPi3$EXTD16$VFPS$VFMA$PE$A:L22UL41UL21$X:L11$S22US41US21$IEEE1$IW$USESV6$~STKCKD$USESV7$~SHL$OTIME$ROPI$EBA8$UX$STANDARDLIB$REQ8$PRES8$EABIv2 0x00000000   Number         0  anon$$obj.o ABSOLUTE
    __ARM_use_no_argv                        0x00000000   Number         0  main.o ABSOLUTE
    SHT$$ARM_EXIDX$$Base                      - Undefined Reference
    SHT$$ARM_EXIDX$$Limit                     - Undefined Reference
    __ARM::default_unexpected_handler()       - Undefined Weak Reference
    __ARM_exceptions_buffer_required          - Undefined Weak Reference
    __ARM_exceptions_init                     - Undefined Weak Reference
    __aeabi_unwind_cpp_pr1                    - Undefined Weak Reference
    __aeabi_unwind_cpp_pr2                    - Undefined Weak Reference
    __alloca_initialize                       - Undefined Weak Reference
    __arm_preinit_                            - Undefined Weak Reference
    __cpp_initialize__aeabi_                  - Undefined Weak Reference
    __cxa_begin_cleanup                       - Undefined Weak Reference
    __cxa_finalize                            - Undefined Weak Reference
    __cxa_type_match                          - Undefined Weak Reference
    __rt_locale                               - Undefined Weak Reference
    __sigvec_lookup                           - Undefined Weak Reference
    __user_heap_extent                        - Undefined Weak Reference
    _atexit_init                              - Undefined Weak Reference
    _call_atexit_fns                          - Undefined Weak Reference
    _clock_init                               - Undefined Weak Reference
    _fp_trap_init                             - Undefined Weak Reference
    _fp_trap_shutdown                         - Undefined Weak Reference
    _get_lc_collate                           - Undefined Weak Reference
    _get_lc_ctype                             - Undefined Weak Reference
    _get_lc_monetary                          - Undefined Weak Reference
    _get_lc_numeric                           - Undefined Weak Reference
    _get_lc_time                              - Undefined Weak Reference
    _getenv_init                              - Undefined Weak Reference
    _handle_redirection                       - Undefined Weak Reference
    _initio                                   - Undefined Weak Reference
    _mutex_acquire                            - Undefined Weak Reference
    _mutex_free                               - Undefined Weak Reference
    _mutex_release                            - Undefined Weak Reference
    _rand_init                                - Undefined Weak Reference
    _signal_finish                            - Undefined Weak Reference
    _signal_init                              - Undefined Weak Reference
    _terminateio                              - Undefined Weak Reference
    __Vectors_Size                           0x000001d8   Number         0  startup_stm32f413xx.o ABSOLUTE
    __Vectors                                0x08000000   Data           4  startup_stm32f413xx.o(RESET)
    __Vectors_End                            0x080001d8   Data           0  startup_stm32f413xx.o(RESET)
    __main                                   0x080001d9   Thumb Code     8  __main.o(!!!main)
    __scatterload                            0x080001e1   Thumb Code     0  __scatter.o(!!!scatter)
    __scatterload_rt2                        0x080001e1   Thumb Code    44  __scatter.o(!!!scatter)
    __scatterload_rt2_thumb_only             0x080001e1   Thumb Code     0  __scatter.o(!!!scatter)
    __scatterload_null                       0x080001ef   Thumb Code     0  __scatter.o(!!!scatter)
    __scatterload_copy                       0x08000215   Thumb Code    26  __scatter_copy.o(!!handler_copy)
    __scatterload_zeroinit                   0x08000231   Thumb Code    28  __scatter_zi.o(!!handler_zi)
    __rt_lib_init                            0x0800024d   Thumb Code     0  libinit.o(.ARM.Collect$$libinit$$00000000)
    __rt_lib_init_fp_1                       0x0800024f   Thumb Code     0  libinit2.o(.ARM.Collect$$libinit$$00000001)
    __rt_lib_init_alloca_1                   0x08000253   Thumb Code     0  libinit2.o(.ARM.Collect$$libinit$$0000002E)
    __rt_lib_init_argv_1                     0x08000253   Thumb Code     0  libinit2.o(.ARM.Collect$$libinit$$0000002C)
    __rt_lib_init_atexit_1                   0x08000253   Thumb Code     0  libinit2.o(.ARM.Collect$$libinit$$0000001B)
    __rt_lib_init_clock_1                    0x08000253   Thumb Code     0  libinit2.o(.ARM.Collect$$libinit$$00000021)
    __rt_lib_init_cpp_1                      0x08000253   Thumb Code     0  libinit2.o(.ARM.Collect$$libinit$$00000032)
    __rt_lib_init_exceptions_1               0x08000253   Thumb Code     0  libinit2.o(.ARM.Collect$$libinit$$00000030)
    __rt_lib_init_fp_trap_1                  0x08000253   Thumb Code     0  libinit2.o(.ARM.Collect$$libinit$$0000001F)
    __rt_lib_init_getenv_1                   0x08000253   Thumb Code     0  libinit2.o(.ARM.Collect$$libinit$$00000023)
    __rt_lib_init_heap_1                     0x08000253   Thumb Code     0  libinit2.o(.ARM.Collect$$libinit$$0000000A)
    __rt_lib_init_lc_collate_1               0x08000253   Thumb Code     0  libinit2.o(.ARM.Collect$$libinit$$00000011)
    __rt_lib_init_lc_ctype_1                 0x08000253   Thumb Code     0  libinit2.o(.ARM.Collect$$libinit$$00000013)
    __rt_lib_init_lc_monetary_1              0x08000253   Thumb Code     0  libinit2.o(.ARM.Collect$$libinit$$00000015)
    __rt_lib_init_lc_numeric_1               0x08000253   Thumb Code     0  libinit2.o(.ARM.Collect$$libinit$$00000017)
    __rt_lib_init_lc_time_1                  0x08000253   Thumb Code     0  libinit2.o(.ARM.Collect$$libinit$$00000019)
    __rt_lib_init_preinit_1                  0x08000253   Thumb Code     0  libinit2.o(.ARM.Collect$$libinit$$00000004)
    __rt_lib_init_rand_1                     0x08000253   Thumb Code     0  libinit2.o(.ARM.Collect$$libinit$$0000000E)
    __rt_lib_init_return                     0x08000253   Thumb Code     0  libinit2.o(.ARM.Collect$$libinit$$00000033)
    __rt_lib_init_signal_1                   0x08000253   Thumb Code     0  libinit2.o(.ARM.Collect$$libinit$$0000001D)
    __rt_lib_init_stdio_1                    0x08000253   Thumb Code     0  libinit2.o(.ARM.Collect$$libinit$$00000025)
    __rt_lib_init_user_alloc_1               0x08000253   Thumb Code     0  libinit2.o(.ARM.Collect$$libinit$$0000000C)
    __rt_lib_shutdown                        0x08000255   Thumb Code     0  libshutdown.o(.ARM.Collect$$libshutdown$$00000000)
    __rt_lib_shutdown_cpp_1                  0x08000257   Thumb Code     0  libshutdown2.o(.ARM.Collect$$libshutdown$$00000002)
    __rt_lib_shutdown_fp_trap_1              0x08000257   Thumb Code     0  libshutdown2.o(.ARM.Collect$$libshutdown$$00000007)
    __rt_lib_shutdown_heap_1                 0x08000257   Thumb Code     0  libshutdown2.o(.ARM.Collect$$libshutdown$$0000000F)
    __rt_lib_shutdown_return                 0x08000257   Thumb Code     0  libshutdown2.o(.ARM.Collect$$libshutdown$$00000010)
    __rt_lib_shutdown_signal_1               0x08000257   Thumb Code     0  libshutdown2.o(.ARM.Collect$$libshutdown$$0000000A)
    __rt_lib_shutdown_stdio_1                0x08000257   Thumb Code     0  libshutdown2.o(.ARM.Collect$$libshutdown$$00000004)
    __rt_lib_shutdown_user_alloc_1           0x08000257   Thumb Code     0  libshutdown2.o(.ARM.Collect$$libshutdown$$0000000C)
    __rt_entry                               0x08000259   Thumb Code     0  __rtentry.o(.ARM.Collect$$rtentry$$00000000)
    __rt_entry_presh_1                       0x08000259   Thumb Code     0  __rtentry2.o(.ARM.Collect$$rtentry$$00000002)
    __rt_entry_sh                            0x08000259   Thumb Code     0  __rtentry4.o(.ARM.Collect$$rtentry$$00000004)
    __rt_entry_li                            0x0800025f   Thumb Code     0  __rtentry2.o(.ARM.Collect$$rtentry$$0000000A)
    __rt_entry_postsh_1                      0x0800025f   Thumb Code     0  __rtentry2.o(.ARM.Collect$$rtentry$$00000009)
    __rt_entry_main                          0x08000263   Thumb Code     0  __rtentry2.o(.ARM.Collect$$rtentry$$0000000D)
    __rt_entry_postli_1                      0x08000263   Thumb Code     0  __rtentry2.o(.ARM.Collect$$rtentry$$0000000C)
    __rt_exit                                0x0800026b   Thumb Code     0  rtexit.o(.ARM.Collect$$rtexit$$00000000)
    __rt_exit_ls                             0x0800026d   Thumb Code     0  rtexit2.o(.ARM.Collect$$rtexit$$00000003)
    __rt_exit_prels_1                        0x0800026d   Thumb Code     0  rtexit2.o(.ARM.Collect$$rtexit$$00000002)
    __rt_exit_exit                           0x08000271   Thumb Code     0  rtexit2.o(.ARM.Collect$$rtexit$$00000004)
    Reset_Handler                            0x08000279   Thumb Code     8  startup_stm32f413xx.o(.text)
    NMI_Handler                              0x08000281   Thumb Code     2  startup_stm32f413xx.o(.text)
    HardFault_Handler                        0x08000283   Thumb Code     2  startup_stm32f413xx.o(.text)
    MemManage_Handler                        0x08000285   Thumb Code     2  startup_stm32f413xx.o(.text)
    BusFault_Handler                         0x08000287   Thumb Code     2  startup_stm32f413xx.o(.text)
    UsageFault_Handler                       0x08000289   Thumb Code     2  startup_stm32f413xx.o(.text)
    SVC_Handler                              0x0800028b   Thumb Code     2  startup_stm32f413xx.o(.text)
    DebugMon_Handler                         0x0800028d   Thumb Code     2  startup_stm32f413xx.o(.text)
    PendSV_Handler                           0x0800028f   Thumb Code     2  startup_stm32f413xx.o(.text)
    SysTick_Handler                          0x08000291   Thumb Code     2  startup_stm32f413xx.o(.text)
    ADC_IRQHandler                           0x08000293   Thumb Code     0  startup_stm32f413xx.o(.text)
    CAN1_RX0_IRQHandler                      0x08000293   Thumb Code     0  startup_stm32f413xx.o(.text)
    CAN1_RX1_IRQHandler                      0x08000293   Thumb Code     0  startup_stm32f413xx.o(.text)
    CAN1_SCE_IRQHandler                      0x08000293   Thumb Code     0  startup_stm32f413xx.o(.text)
    CAN1_TX_IRQHandler                       0x08000293   Thumb Code     0  startup_stm32f413xx.o(.text)
    CAN2_RX0_IRQHandler                      0x08000293   Thumb Code     0  startup_stm32f413xx.o(.text)
    CAN2_RX1_IRQHandler                      0x08000293   Thumb Code     0  startup_stm32f413xx.o(.text)
    CAN2_SCE_IRQHandler                      0x08000293   Thumb Code     0  startup_stm32f413xx.o(.text)
    CAN2_TX_IRQHandler                       0x08000293   Thumb Code     0  startup_stm32f413xx.o(.text)
    CAN3_RX0_IRQHandler                      0x08000293   Thumb Code     0  startup_stm32f413xx.o(.text)
    CAN3_RX1_IRQHandler                      0x08000293   Thumb Code     0  startup_stm32f413xx.o(.text)
    CAN3_SCE_IRQHandler                      0x08000293   Thumb Code     0  startup_stm32f413xx.o(.text)
    CAN3_TX_IRQHandler                       0x08000293   Thumb Code     0  startup_stm32f413xx.o(.text)
    DFSDM1_FLT0_IRQHandler                   0x08000293   Thumb Code     0  startup_stm32f413xx.o(.text)
    DFSDM1_FLT1_IRQHandler                   0x08000293   Thumb Code     0  startup_stm32f413xx.o(.text)
    DFSDM2_FLT0_IRQHandler                   0x08000293   Thumb Code     0  startup_stm32f413xx.o(.text)
    DFSDM2_FLT1_IRQHandler                   0x08000293   Thumb Code     0  startup_stm32f413xx.o(.text)
    DFSDM2_FLT2_IRQHandler                   0x08000293   Thumb Code     0  startup_stm32f413xx.o(.text)
    DFSDM2_FLT3_IRQHandler                   0x08000293   Thumb Code     0  startup_stm32f413xx.o(.text)
    DMA1_Stream0_IRQHandler                  0x08000293   Thumb Code     0  startup_stm32f413xx.o(.text)
    DMA1_Stream1_IRQHandler                  0x08000293   Thumb Code     0  startup_stm32f413xx.o(.text)
    DMA1_Stream2_IRQHandler                  0x08000293   Thumb Code     0  startup_stm32f413xx.o(.text)
    DMA1_Stream3_IRQHandler                  0x08000293   Thumb Code     0  startup_stm32f413xx.o(.text)
    DMA1_Stream4_IRQHandler                  0x08000293   Thumb Code     0  startup_stm32f413xx.o(.text)
    DMA1_Stream5_IRQHandler                  0x08000293   Thumb Code     0  startup_stm32f413xx.o(.text)
    DMA1_Stream6_IRQHandler                  0x08000293   Thumb Code     0  startup_stm32f413xx.o(.text)
    DMA1_Stream7_IRQHandler                  0x08000293   Thumb Code     0  startup_stm32f413xx.o(.text)
    DMA2_Stream0_IRQHandler                  0x08000293   Thumb Code     0  startup_stm32f413xx.o(.text)
    DMA2_Stream1_IRQHandler                  0x08000293   Thumb Code     0  startup_stm32f413xx.o(.text)
    DMA2_Stream2_IRQHandler                  0x08000293   Thumb Code     0  startup_stm32f413xx.o(.text)
    DMA2_Stream3_IRQHandler                  0x08000293   Thumb Code     0  startup_stm32f413xx.o(.text)
    DMA2_Stream4_IRQHandler                  0x08000293   Thumb Code     0  startup_stm32f413xx.o(.text)
    DMA2_Stream5_IRQHandler                  0x08000293   Thumb Code     0  startup_stm32f413xx.o(.text)
    DMA2_Stream6_IRQHandler                  0x08000293   Thumb Code     0  startup_stm32f413xx.o(.text)
    DMA2_Stream7_IRQHandler                  0x08000293   Thumb Code     0  startup_stm32f413xx.o(.text)
    EXTI0_IRQHandler                         0x08000293   Thumb Code     0  startup_stm32f413xx.o(.text)
    EXTI15_10_IRQHandler                     0x08000293   Thumb Code     0  startup_stm32f413xx.o(.text)
    EXTI1_IRQHandler                         0x08000293   Thumb Code     0  startup_stm32f413xx.o(.text)
    EXTI2_IRQHandler                         0x08000293   Thumb Code     0  startup_stm32f413xx.o(.text)
    EXTI3_IRQHandler                         0x08000293   Thumb Code     0  startup_stm32f413xx.o(.text)
    EXTI4_IRQHandler                         0x08000293   Thumb Code     0  startup_stm32f413xx.o(.text)
    EXTI9_5_IRQHandler                       0x08000293   Thumb Code     0  startup_stm32f413xx.o(.text)
    FLASH_IRQHandler                         0x08000293   Thumb Code     0  startup_stm32f413xx.o(.text)
    FMPI2C1_ER_IRQHandler                    0x08000293   Thumb Code     0  startup_stm32f413xx.o(.text)
    FMPI2C1_EV_IRQHandler                    0x08000293   Thumb Code     0  startup_stm32f413xx.o(.text)
    FPU_IRQHandler                           0x08000293   Thumb Code     0  startup_stm32f413xx.o(.text)
    FSMC_IRQHandler                          0x08000293   Thumb Code     0  startup_stm32f413xx.o(.text)
    I2C1_ER_IRQHandler                       0x08000293   Thumb Code     0  startup_stm32f413xx.o(.text)
    I2C1_EV_IRQHandler                       0x08000293   Thumb Code     0  startup_stm32f413xx.o(.text)
    I2C2_ER_IRQHandler                       0x08000293   Thumb Code     0  startup_stm32f413xx.o(.text)
    I2C2_EV_IRQHandler                       0x08000293   Thumb Code     0  startup_stm32f413xx.o(.text)
    I2C3_ER_IRQHandler                       0x08000293   Thumb Code     0  startup_stm32f413xx.o(.text)
    I2C3_EV_IRQHandler                       0x08000293   Thumb Code     0  startup_stm32f413xx.o(.text)
    LPTIM1_IRQHandler                        0x08000293   Thumb Code     0  startup_stm32f413xx.o(.text)
    OTG_FS_IRQHandler                        0x08000293   Thumb Code     0  startup_stm32f413xx.o(.text)
    OTG_FS_WKUP_IRQHandler                   0x08000293   Thumb Code     0  startup_stm32f413xx.o(.text)
    PVD_IRQHandler                           0x08000293   Thumb Code     0  startup_stm32f413xx.o(.text)
    QUADSPI_IRQHandler                       0x08000293   Thumb Code     0  startup_stm32f413xx.o(.text)
    RCC_IRQHandler                           0x08000293   Thumb Code     0  startup_stm32f413xx.o(.text)
    RNG_IRQHandler                           0x08000293   Thumb Code     0  startup_stm32f413xx.o(.text)
    RTC_Alarm_IRQHandler                     0x08000293   Thumb Code     0  startup_stm32f413xx.o(.text)
    RTC_WKUP_IRQHandler                      0x08000293   Thumb Code     0  startup_stm32f413xx.o(.text)
    SAI1_IRQHandler                          0x08000293   Thumb Code     0  startup_stm32f413xx.o(.text)
    SDIO_IRQHandler                          0x08000293   Thumb Code     0  startup_stm32f413xx.o(.text)
    SPI1_IRQHandler                          0x08000293   Thumb Code     0  startup_stm32f413xx.o(.text)
    SPI2_IRQHandler                          0x08000293   Thumb Code     0  startup_stm32f413xx.o(.text)
    SPI3_IRQHandler                          0x08000293   Thumb Code     0  startup_stm32f413xx.o(.text)
    SPI4_IRQHandler                          0x08000293   Thumb Code     0  startup_stm32f413xx.o(.text)
    SPI5_IRQHandler                          0x08000293   Thumb Code     0  startup_stm32f413xx.o(.text)
    TAMP_STAMP_IRQHandler                    0x08000293   Thumb Code     0  startup_stm32f413xx.o(.text)
    TIM1_BRK_TIM9_IRQHandler                 0x08000293   Thumb Code     0  startup_stm32f413xx.o(.text)
    TIM1_CC_IRQHandler                       0x08000293   Thumb Code     0  startup_stm32f413xx.o(.text)
    TIM1_TRG_COM_TIM11_IRQHandler            0x08000293   Thumb Code     0  startup_stm32f413xx.o(.text)
    TIM1_UP_TIM10_IRQHandler                 0x08000293   Thumb Code     0  startup_stm32f413xx.o(.text)
    TIM2_IRQHandler                          0x08000293   Thumb Code     0  startup_stm32f413xx.o(.text)
    TIM3_IRQHandler                          0x08000293   Thumb Code     0  startup_stm32f413xx.o(.text)
    TIM4_IRQHandler                          0x08000293   Thumb Code     0  startup_stm32f413xx.o(.text)
    TIM5_IRQHandler                          0x08000293   Thumb Code     0  startup_stm32f413xx.o(.text)
    TIM6_DAC_IRQHandler                      0x08000293   Thumb Code     0  startup_stm32f413xx.o(.text)
    TIM7_IRQHandler                          0x08000293   Thumb Code     0  startup_stm32f413xx.o(.text)
    TIM8_BRK_TIM12_IRQHandler                0x08000293   Thumb Code     0  startup_stm32f413xx.o(.text)
    TIM8_CC_IRQHandler                       0x08000293   Thumb Code     0  startup_stm32f413xx.o(.text)
    TIM8_TRG_COM_TIM14_IRQHandler            0x08000293   Thumb Code     0  startup_stm32f413xx.o(.text)
    TIM8_UP_TIM13_IRQHandler                 0x08000293   Thumb Code     0  startup_stm32f413xx.o(.text)
    UART10_IRQHandler                        0x08000293   Thumb Code     0  startup_stm32f413xx.o(.text)
    UART4_IRQHandler                         0x08000293   Thumb Code     0  startup_stm32f413xx.o(.text)
    UART5_IRQHandler                         0x08000293   Thumb Code     0  startup_stm32f413xx.o(.text)
    UART7_IRQHandler                         0x08000293   Thumb Code     0  startup_stm32f413xx.o(.text)
    UART8_IRQHandler                         0x08000293   Thumb Code     0  startup_stm32f413xx.o(.text)
    UART9_IRQHandler                         0x08000293   Thumb Code     0  startup_stm32f413xx.o(.text)
    USART1_IRQHandler                        0x08000293   Thumb Code     0  startup_stm32f413xx.o(.text)
    USART2_IRQHandler                        0x08000293   Thumb Code     0  startup_stm32f413xx.o(.text)
    USART3_IRQHandler                        0x08000293   Thumb Code     0  startup_stm32f413xx.o(.text)
    USART6_IRQHandler                        0x08000293   Thumb Code     0  startup_stm32f413xx.o(.text)
    WWDG_IRQHandler                          0x08000293   Thumb Code     0  startup_stm32f413xx.o(.text)
    __user_initial_stackheap                 0x08000295   Thumb Code     0  startup_stm32f413xx.o(.text)
    strlen                                   0x080002b9   Thumb Code    62  strlen.o(.text)
    __use_two_region_memory                  0x080002f7   Thumb Code     2  heapauxi.o(.text)
    __rt_heap_escrow                         0x080002f9   Thumb Code     2  heapauxi.o(.text)
    __rt_heap_expand                         0x080002fb   Thumb Code     2  heapauxi.o(.text)
    __user_libspace                          0x080002fd   Thumb Code     8  libspace.o(.text)
    __user_perproc_libspace                  0x080002fd   Thumb Code     0  libspace.o(.text)
    __user_perthread_libspace                0x080002fd   Thumb Code     0  libspace.o(.text)
    __I$use$semihosting                      0x08000305   Thumb Code     0  use_no_semi.o(.text)
    __use_no_semihosting_swi                 0x08000305   Thumb Code     2  use_no_semi.o(.text)
    __semihosting_library_function           0x08000307   Thumb Code     0  indicate_semi.o(.text)
    __user_setup_stackheap                   0x08000307   Thumb Code    74  sys_stackheap_outer.o(.text)
    exit                                     0x08000351   Thumb Code    18  exit.o(.text)
    _sys_exit                                0x08000365   Thumb Code     8  sys_exit.o(.text)
    GPIO_Init                                0x08000371   Thumb Code   144  stm32f4xx_gpio.o(i.GPIO_Init)
    GPIO_PinAFConfig                         0x08000401   Thumb Code    70  stm32f4xx_gpio.o(i.GPIO_PinAFConfig)
    RCC_AHB1PeriphClockCmd                   0x08000449   Thumb Code    26  stm32f4xx_rcc.o(i.RCC_AHB1PeriphClockCmd)
    RCC_APB1PeriphClockCmd                   0x08000469   Thumb Code    26  stm32f4xx_rcc.o(i.RCC_APB1PeriphClockCmd)
    RCC_GetClocksFreq                        0x08000489   Thumb Code   440  stm32f4xx_rcc.o(i.RCC_GetClocksFreq)
    SystemInit                               0x08000651   Thumb Code    82  system_stm32f4xx.o(i.SystemInit)
    USART_Cmd                                0x080006b5   Thumb Code    24  stm32f4xx_usart.o(i.USART_Cmd)
    USART_Init                               0x080006cd   Thumb Code   204  stm32f4xx_usart.o(i.USART_Init)
    UART3_Init(unsigned)                     0x080007a1   Thumb Code   130  uart.o(i._Z10UART3_Initj)
    UART3_Write(char*, unsigned)             0x0800082d   Thumb Code    38  uart.o(i._Z11UART3_WritePcj)
    FIFO_Init()                              0x08000859   Thumb Code     2  fifo.o(i._Z9FIFO_Initv)
    main                                     0x0800085d   Thumb Code    50  main.o(i.main)
    _fp_init                                 0x080008a5   Thumb Code    10  fpinit.o(x$fpl$fpinit)
    __fplib_config_fpu_vfp                   0x080008ad   Thumb Code     0  fpinit.o(x$fpl$fpinit)
    __fplib_config_pureend_doubles           0x080008ad   Thumb Code     0  fpinit.o(x$fpl$fpinit)
    Region$$Table$$Base                      0x080008b0   Number         0  anon$$obj.o(Region$$Table)
    Region$$Table$$Limit                     0x080008d0   Number         0  anon$$obj.o(Region$$Table)
    __libspace_start                         0x20000010   Data          96  libspace.o(.bss)
    __temporary_stack_top$libspace           0x20000070   Data           0  libspace.o(.bss)



==============================================================================

Memory Map of the image

  Image Entry point : 0x080001d9

  Load Region LR_IROM1 (Base: 0x08000000, Size: 0x000008e0, Max: 0x00180000, ABSOLUTE)

    Execution Region ER_IROM1 (Exec base: 0x08000000, Load base: 0x08000000, Size: 0x000008d0, Max: 0x00180000, ABSOLUTE)

    Exec Addr    Load Addr    Size         Type   Attr      Idx    E Section Name        Object

    0x08000000   0x08000000   0x000001d8   Data   RO         2787    RESET               startup_stm32f413xx.o
    0x080001d8   0x080001d8   0x00000008   Code   RO         2893  * !!!main             c_w.l(__main.o)
    0x080001e0   0x080001e0   0x00000034   Code   RO         3311    !!!scatter          c_w.l(__scatter.o)
    0x08000214   0x08000214   0x0000001a   Code   RO         3313    !!handler_copy      c_w.l(__scatter_copy.o)
    0x0800022e   0x0800022e   0x00000002   PAD
    0x08000230   0x08000230   0x0000001c   Code   RO         3315    !!handler_zi        c_w.l(__scatter_zi.o)
    0x0800024c   0x0800024c   0x00000002   Code   RO         3198    .ARM.Collect$$libinit$$00000000  c_w.l(libinit.o)
    0x0800024e   0x0800024e   0x00000004   Code   RO         2937    .ARM.Collect$$libinit$$00000001  c_w.l(libinit2.o)
    0x08000252   0x08000252   0x00000000   Code   RO         2940    .ARM.Collect$$libinit$$00000004  c_w.l(libinit2.o)
    0x08000252   0x08000252   0x00000000   Code   RO         2943    .ARM.Collect$$libinit$$0000000A  c_w.l(libinit2.o)
    0x08000252   0x08000252   0x00000000   Code   RO         2945    .ARM.Collect$$libinit$$0000000C  c_w.l(libinit2.o)
    0x08000252   0x08000252   0x00000000   Code   RO         2947    .ARM.Collect$$libinit$$0000000E  c_w.l(libinit2.o)
    0x08000252   0x08000252   0x00000000   Code   RO         2950    .ARM.Collect$$libinit$$00000011  c_w.l(libinit2.o)
    0x08000252   0x08000252   0x00000000   Code   RO         2952    .ARM.Collect$$libinit$$00000013  c_w.l(libinit2.o)
    0x08000252   0x08000252   0x00000000   Code   RO         2954    .ARM.Collect$$libinit$$00000015  c_w.l(libinit2.o)
    0x08000252   0x08000252   0x00000000   Code   RO         2956    .ARM.Collect$$libinit$$00000017  c_w.l(libinit2.o)
    0x08000252   0x08000252   0x00000000   Code   RO         2958    .ARM.Collect$$libinit$$00000019  c_w.l(libinit2.o)
    0x08000252   0x08000252   0x00000000   Code   RO         2960    .ARM.Collect$$libinit$$0000001B  c_w.l(libinit2.o)
    0x08000252   0x08000252   0x00000000   Code   RO         2962    .ARM.Collect$$libinit$$0000001D  c_w.l(libinit2.o)
    0x08000252   0x08000252   0x00000000   Code   RO         2964    .ARM.Collect$$libinit$$0000001F  c_w.l(libinit2.o)
    0x08000252   0x08000252   0x00000000   Code   RO         2966    .ARM.Collect$$libinit$$00000021  c_w.l(libinit2.o)
    0x08000252   0x08000252   0x00000000   Code   RO         2968    .ARM.Collect$$libinit$$00000023  c_w.l(libinit2.o)
    0x08000252   0x08000252   0x00000000   Code   RO         2970    .ARM.Collect$$libinit$$00000025  c_w.l(libinit2.o)
    0x08000252   0x08000252   0x00000000   Code   RO         2974    .ARM.Collect$$libinit$$0000002C  c_w.l(libinit2.o)
    0x08000252   0x08000252   0x00000000   Code   RO         2976    .ARM.Collect$$libinit$$0000002E  c_w.l(libinit2.o)
    0x08000252   0x08000252   0x00000000   Code   RO         2978    .ARM.Collect$$libinit$$00000030  c_w.l(libinit2.o)
    0x08000252   0x08000252   0x00000000   Code   RO         2980    .ARM.Collect$$libinit$$00000032  c_w.l(libinit2.o)
    0x08000252   0x08000252   0x00000002   Code   RO         2981    .ARM.Collect$$libinit$$00000033  c_w.l(libinit2.o)
    0x08000254   0x08000254   0x00000002   Code   RO         3308    .ARM.Collect$$libshutdown$$00000000  c_w.l(libshutdown.o)
    0x08000256   0x08000256   0x00000000   Code   RO         3242    .ARM.Collect$$libshutdown$$00000002  c_w.l(libshutdown2.o)
    0x08000256   0x08000256   0x00000000   Code   RO         3244    .ARM.Collect$$libshutdown$$00000004  c_w.l(libshutdown2.o)
    0x08000256   0x08000256   0x00000000   Code   RO         3247    .ARM.Collect$$libshutdown$$00000007  c_w.l(libshutdown2.o)
    0x08000256   0x08000256   0x00000000   Code   RO         3250    .ARM.Collect$$libshutdown$$0000000A  c_w.l(libshutdown2.o)
    0x08000256   0x08000256   0x00000000   Code   RO         3252    .ARM.Collect$$libshutdown$$0000000C  c_w.l(libshutdown2.o)
    0x08000256   0x08000256   0x00000000   Code   RO         3255    .ARM.Collect$$libshutdown$$0000000F  c_w.l(libshutdown2.o)
    0x08000256   0x08000256   0x00000002   Code   RO         3256    .ARM.Collect$$libshutdown$$00000010  c_w.l(libshutdown2.o)
    0x08000258   0x08000258   0x00000000   Code   RO         2901    .ARM.Collect$$rtentry$$00000000  c_w.l(__rtentry.o)
    0x08000258   0x08000258   0x00000000   Code   RO         3008    .ARM.Collect$$rtentry$$00000002  c_w.l(__rtentry2.o)
    0x08000258   0x08000258   0x00000006   Code   RO         3020    .ARM.Collect$$rtentry$$00000004  c_w.l(__rtentry4.o)
    0x0800025e   0x0800025e   0x00000000   Code   RO         3010    .ARM.Collect$$rtentry$$00000009  c_w.l(__rtentry2.o)
    0x0800025e   0x0800025e   0x00000004   Code   RO         3011    .ARM.Collect$$rtentry$$0000000A  c_w.l(__rtentry2.o)
    0x08000262   0x08000262   0x00000000   Code   RO         3013    .ARM.Collect$$rtentry$$0000000C  c_w.l(__rtentry2.o)
    0x08000262   0x08000262   0x00000008   Code   RO         3014    .ARM.Collect$$rtentry$$0000000D  c_w.l(__rtentry2.o)
    0x0800026a   0x0800026a   0x00000002   Code   RO         3227    .ARM.Collect$$rtexit$$00000000  c_w.l(rtexit.o)
    0x0800026c   0x0800026c   0x00000000   Code   RO         3270    .ARM.Collect$$rtexit$$00000002  c_w.l(rtexit2.o)
    0x0800026c   0x0800026c   0x00000004   Code   RO         3271    .ARM.Collect$$rtexit$$00000003  c_w.l(rtexit2.o)
    0x08000270   0x08000270   0x00000006   Code   RO         3272    .ARM.Collect$$rtexit$$00000004  c_w.l(rtexit2.o)
    0x08000276   0x08000276   0x00000002   PAD
    0x08000278   0x08000278   0x00000040   Code   RO         2788    .text               startup_stm32f413xx.o
    0x080002b8   0x080002b8   0x0000003e   Code   RO         2889    .text               c_w.l(strlen.o)
    0x080002f6   0x080002f6   0x00000006   Code   RO         2891    .text               c_w.l(heapauxi.o)
    0x080002fc   0x080002fc   0x00000008   Code   RO         3004    .text               c_w.l(libspace.o)
    0x08000304   0x08000304   0x00000002   Code   RO         3174    .text               c_w.l(use_no_semi.o)
    0x08000306   0x08000306   0x00000000   Code   RO         3176    .text               c_w.l(indicate_semi.o)
    0x08000306   0x08000306   0x0000004a   Code   RO         3177    .text               c_w.l(sys_stackheap_outer.o)
    0x08000350   0x08000350   0x00000012   Code   RO         3183    .text               c_w.l(exit.o)
    0x08000362   0x08000362   0x00000002   PAD
    0x08000364   0x08000364   0x0000000c   Code   RO         3225    .text               c_w.l(sys_exit.o)
    0x08000370   0x08000370   0x00000090   Code   RO         1589    i.GPIO_Init         stm32f4xx_gpio.o
    0x08000400   0x08000400   0x00000046   Code   RO         1590    i.GPIO_PinAFConfig  stm32f4xx_gpio.o
    0x08000446   0x08000446   0x00000002   PAD
    0x08000448   0x08000448   0x00000020   Code   RO          870    i.RCC_AHB1PeriphClockCmd  stm32f4xx_rcc.o
    0x08000468   0x08000468   0x00000020   Code   RO          879    i.RCC_APB1PeriphClockCmd  stm32f4xx_rcc.o
    0x08000488   0x08000488   0x000001c8   Code   RO          895    i.RCC_GetClocksFreq  stm32f4xx_rcc.o
    0x08000650   0x08000650   0x00000064   Code   RO         2796    i.SystemInit        system_stm32f4xx.o
    0x080006b4   0x080006b4   0x00000018   Code   RO         2568    i.USART_Cmd         stm32f4xx_usart.o
    0x080006cc   0x080006cc   0x000000d4   Code   RO         2575    i.USART_Init        stm32f4xx_usart.o
    0x080007a0   0x080007a0   0x0000008c   Code   RO          606    i._Z10UART3_Initj   uart.o
    0x0800082c   0x0800082c   0x0000002c   Code   RO          609    i._Z11UART3_WritePcj  uart.o
    0x08000858   0x08000858   0x00000002   Code   RO          695    i._Z9FIFO_Initv     fifo.o
    0x0800085a   0x0800085a   0x00000002   PAD
    0x0800085c   0x0800085c   0x00000048   Code   RO            7    i.main              main.o
    0x080008a4   0x080008a4   0x0000000a   Code   RO         3172    x$fpl$fpinit        fz_wm.l(fpinit.o)
    0x080008ae   0x080008ae   0x00000002   PAD
    0x080008b0   0x080008b0   0x00000020   Data   RO         3309    Region$$Table       anon$$obj.o


    Execution Region RW_IRAM1 (Exec base: 0x20000000, Load base: 0x080008d0, Size: 0x00000670, Max: 0x00050000, ABSOLUTE)

    Exec Addr    Load Addr    Size         Type   Attr      Idx    E Section Name        Object

    0x20000000   0x080008d0   0x00000010   Data   RW          991    .data               stm32f4xx_rcc.o
    0x20000010        -       0x00000060   Zero   RW         3005    .bss                c_w.l(libspace.o)
    0x20000070        -       0x00000200   Zero   RW         2786    HEAP                startup_stm32f413xx.o
    0x20000270        -       0x00000400   Zero   RW         2785    STACK               startup_stm32f413xx.o


==============================================================================

Image component sizes


      Code (inc. data)   RO Data    RW Data    ZI Data      Debug   Object Name

         2          0          0          0          0        420   fifo.o
        72         22          0          0          0     273219   main.o
         0          0          0          0          0      19224   misc.o
        64         26        472          0       1536        864   startup_stm32f413xx.o
       214          0          0          0          0       9027   stm32f4xx_gpio.o
       520         28          0         16          0      23690   stm32f4xx_rcc.o
       236          8          0          0          0       8397   stm32f4xx_usart.o
       100         18          0          0          0        525   system_stm32f4xx.o
       184         16          0          0          0       1275   uart.o

    ----------------------------------------------------------------------
      1396        118        504         16       1536     336641   Object Totals
         0          0         32          0          0          0   (incl. Generated)
         4          0          0          0          0          0   (incl. Padding)

    ----------------------------------------------------------------------

      Code (inc. data)   RO Data    RW Data    ZI Data      Debug   Library Member Name

         8          0          0          0          0         68   __main.o
         0          0          0          0          0          0   __rtentry.o
        12          0          0          0          0          0   __rtentry2.o
         6          0          0          0          0          0   __rtentry4.o
        52          8          0          0          0          0   __scatter.o
        26          0          0          0          0          0   __scatter_copy.o
        28          0          0          0          0          0   __scatter_zi.o
        18          0          0          0          0         80   exit.o
         6          0          0          0          0        152   heapauxi.o
         0          0          0          0          0          0   indicate_semi.o
         2          0          0          0          0          0   libinit.o
         6          0          0          0          0          0   libinit2.o
         2          0          0          0          0          0   libshutdown.o
         2          0          0          0          0          0   libshutdown2.o
         8          4          0          0         96         68   libspace.o
         2          0          0          0          0          0   rtexit.o
        10          0          0          0          0          0   rtexit2.o
        62          0          0          0          0         76   strlen.o
        12          4          0          0          0         68   sys_exit.o
        74          0          0          0          0         80   sys_stackheap_outer.o
         2          0          0          0          0         68   use_no_semi.o
        10          0          0          0          0        116   fpinit.o

    ----------------------------------------------------------------------
       356         16          0          0         96        776   Library Totals
         8          0          0          0          0          0   (incl. Padding)

    ----------------------------------------------------------------------

      Code (inc. data)   RO Data    RW Data    ZI Data      Debug   Library Name

       338         16          0          0         96        660   c_w.l
        10          0          0          0          0        116   fz_wm.l

    ----------------------------------------------------------------------
       356         16          0          0         96        776   Library Totals

    ----------------------------------------------------------------------

==============================================================================


      Code (inc. data)   RO Data    RW Data    ZI Data      Debug   

      1752        134        504         16       1632     336409   Grand Totals
      1752        134        504         16       1632     336409   ELF Image Totals
      1752        134        504         16          0          0   ROM Totals

==============================================================================

    Total RO  Size (Code + RO Data)                 2256 (   2.20kB)
    Total RW  Size (RW Data + ZI Data)              1648 (   1.61kB)
    Total ROM Size (Code + RO Data + RW Data)       2272 (   2.22kB)

==============================================================================

